Archive member included to satisfy reference by file (symbol)

/usr/local/Cellar/arm-none-eabi-gcc/8-2018-q4-major/gcc/bin/../lib/gcc/arm-none-eabi/8.2.1/../../../../arm-none-eabi/lib/thumb/v7-m/nofp/libg_nano.a(lib_a-errno.o)
                              CMakeFiles/timer.elf.dir/Src/syscalls.c.obj (__errno)
/usr/local/Cellar/arm-none-eabi-gcc/8-2018-q4-major/gcc/bin/../lib/gcc/arm-none-eabi/8.2.1/../../../../arm-none-eabi/lib/thumb/v7-m/nofp/libg_nano.a(lib_a-exit.o)
                              /usr/local/Cellar/arm-none-eabi-gcc/8-2018-q4-major/gcc/bin/../lib/gcc/arm-none-eabi/8.2.1/../../../../arm-none-eabi/lib/thumb/v7-m/nofp/crt0.o (exit)
/usr/local/Cellar/arm-none-eabi-gcc/8-2018-q4-major/gcc/bin/../lib/gcc/arm-none-eabi/8.2.1/../../../../arm-none-eabi/lib/thumb/v7-m/nofp/libg_nano.a(lib_a-impure.o)
                              /usr/local/Cellar/arm-none-eabi-gcc/8-2018-q4-major/gcc/bin/../lib/gcc/arm-none-eabi/8.2.1/../../../../arm-none-eabi/lib/thumb/v7-m/nofp/libg_nano.a(lib_a-exit.o) (_global_impure_ptr)
/usr/local/Cellar/arm-none-eabi-gcc/8-2018-q4-major/gcc/bin/../lib/gcc/arm-none-eabi/8.2.1/../../../../arm-none-eabi/lib/thumb/v7-m/nofp/libg_nano.a(lib_a-init.o)
                              /usr/local/Cellar/arm-none-eabi-gcc/8-2018-q4-major/gcc/bin/../lib/gcc/arm-none-eabi/8.2.1/../../../../arm-none-eabi/lib/thumb/v7-m/nofp/crt0.o (__libc_init_array)
/usr/local/Cellar/arm-none-eabi-gcc/8-2018-q4-major/gcc/bin/../lib/gcc/arm-none-eabi/8.2.1/../../../../arm-none-eabi/lib/thumb/v7-m/nofp/libg_nano.a(lib_a-memset.o)
                              /usr/local/Cellar/arm-none-eabi-gcc/8-2018-q4-major/gcc/bin/../lib/gcc/arm-none-eabi/8.2.1/../../../../arm-none-eabi/lib/thumb/v7-m/nofp/crt0.o (memset)

Discarded input sections

 .text          0x0000000000000000        0x0 /usr/local/Cellar/arm-none-eabi-gcc/8-2018-q4-major/gcc/bin/../lib/gcc/arm-none-eabi/8.2.1/thumb/v7-m/nofp/crti.o
 .data          0x0000000000000000        0x0 /usr/local/Cellar/arm-none-eabi-gcc/8-2018-q4-major/gcc/bin/../lib/gcc/arm-none-eabi/8.2.1/thumb/v7-m/nofp/crti.o
 .bss           0x0000000000000000        0x0 /usr/local/Cellar/arm-none-eabi-gcc/8-2018-q4-major/gcc/bin/../lib/gcc/arm-none-eabi/8.2.1/thumb/v7-m/nofp/crti.o
 .data          0x0000000000000000        0x4 /usr/local/Cellar/arm-none-eabi-gcc/8-2018-q4-major/gcc/bin/../lib/gcc/arm-none-eabi/8.2.1/thumb/v7-m/nofp/crtbegin.o
 .text          0x0000000000000000       0x74 /usr/local/Cellar/arm-none-eabi-gcc/8-2018-q4-major/gcc/bin/../lib/gcc/arm-none-eabi/8.2.1/../../../../arm-none-eabi/lib/thumb/v7-m/nofp/crt0.o
 .data          0x0000000000000000        0x0 /usr/local/Cellar/arm-none-eabi-gcc/8-2018-q4-major/gcc/bin/../lib/gcc/arm-none-eabi/8.2.1/../../../../arm-none-eabi/lib/thumb/v7-m/nofp/crt0.o
 .bss           0x0000000000000000        0x0 /usr/local/Cellar/arm-none-eabi-gcc/8-2018-q4-major/gcc/bin/../lib/gcc/arm-none-eabi/8.2.1/../../../../arm-none-eabi/lib/thumb/v7-m/nofp/crt0.o
 .ARM.extab     0x0000000000000000        0x0 /usr/local/Cellar/arm-none-eabi-gcc/8-2018-q4-major/gcc/bin/../lib/gcc/arm-none-eabi/8.2.1/../../../../arm-none-eabi/lib/thumb/v7-m/nofp/crt0.o
 .ARM.exidx     0x0000000000000000        0x8 /usr/local/Cellar/arm-none-eabi-gcc/8-2018-q4-major/gcc/bin/../lib/gcc/arm-none-eabi/8.2.1/../../../../arm-none-eabi/lib/thumb/v7-m/nofp/crt0.o
 .ARM.attributes
                0x0000000000000000       0x1b /usr/local/Cellar/arm-none-eabi-gcc/8-2018-q4-major/gcc/bin/../lib/gcc/arm-none-eabi/8.2.1/../../../../arm-none-eabi/lib/thumb/v7-m/nofp/crt0.o
 .text          0x0000000000000000        0x0 CMakeFiles/timer.elf.dir/Drivers/STM32F1xx_HAL_Driver/Src/stm32f1xx_hal.c.obj
 .data          0x0000000000000000        0x0 CMakeFiles/timer.elf.dir/Drivers/STM32F1xx_HAL_Driver/Src/stm32f1xx_hal.c.obj
 .bss           0x0000000000000000        0x0 CMakeFiles/timer.elf.dir/Drivers/STM32F1xx_HAL_Driver/Src/stm32f1xx_hal.c.obj
 .text.HAL_DeInit
                0x0000000000000000       0x30 CMakeFiles/timer.elf.dir/Drivers/STM32F1xx_HAL_Driver/Src/stm32f1xx_hal.c.obj
 .text.HAL_MspInit
                0x0000000000000000        0xc CMakeFiles/timer.elf.dir/Drivers/STM32F1xx_HAL_Driver/Src/stm32f1xx_hal.c.obj
 .text.HAL_MspDeInit
                0x0000000000000000        0xc CMakeFiles/timer.elf.dir/Drivers/STM32F1xx_HAL_Driver/Src/stm32f1xx_hal.c.obj
 .text.HAL_GetTickPrio
                0x0000000000000000       0x14 CMakeFiles/timer.elf.dir/Drivers/STM32F1xx_HAL_Driver/Src/stm32f1xx_hal.c.obj
 .text.HAL_SetTickFreq
                0x0000000000000000       0x44 CMakeFiles/timer.elf.dir/Drivers/STM32F1xx_HAL_Driver/Src/stm32f1xx_hal.c.obj
 .text.HAL_GetTickFreq
                0x0000000000000000       0x14 CMakeFiles/timer.elf.dir/Drivers/STM32F1xx_HAL_Driver/Src/stm32f1xx_hal.c.obj
 .text.HAL_Delay
                0x0000000000000000       0x44 CMakeFiles/timer.elf.dir/Drivers/STM32F1xx_HAL_Driver/Src/stm32f1xx_hal.c.obj
 .text.HAL_SuspendTick
[...]
Memory Configuration

Name             Origin             Length             Attributes
RAM              0x0000000020000000 0x0000000000010000 xrw
FLASH            0x0000000008000000 0x0000000000080000 xr
*default*        0x0000000000000000 0xffffffffffffffff

Linker script and memory map

LOAD /usr/local/Cellar/arm-none-eabi-gcc/8-2018-q4-major/gcc/bin/../lib/gcc/arm-none-eabi/8.2.1/thumb/v7-m/nofp/crti.o
LOAD /usr/local/Cellar/arm-none-eabi-gcc/8-2018-q4-major/gcc/bin/../lib/gcc/arm-none-eabi/8.2.1/thumb/v7-m/nofp/crtbegin.o
LOAD /usr/local/Cellar/arm-none-eabi-gcc/8-2018-q4-major/gcc/bin/../lib/gcc/arm-none-eabi/8.2.1/../../../../arm-none-eabi/lib/thumb/v7-m/nofp/crt0.o
LOAD CMakeFiles/timer.elf.dir/Drivers/STM32F1xx_HAL_Driver/Src/stm32f1xx_hal.c.obj
LOAD CMakeFiles/timer.elf.dir/Drivers/STM32F1xx_HAL_Driver/Src/stm32f1xx_hal_cortex.c.obj
LOAD CMakeFiles/timer.elf.dir/Drivers/STM32F1xx_HAL_Driver/Src/stm32f1xx_hal_dma.c.obj
LOAD CMakeFiles/timer.elf.dir/Drivers/STM32F1xx_HAL_Driver/Src/stm32f1xx_hal_exti.c.obj
LOAD CMakeFiles/timer.elf.dir/Drivers/STM32F1xx_HAL_Driver/Src/stm32f1xx_hal_flash.c.obj
LOAD CMakeFiles/timer.elf.dir/Drivers/STM32F1xx_HAL_Driver/Src/stm32f1xx_hal_flash_ex.c.obj
LOAD CMakeFiles/timer.elf.dir/Drivers/STM32F1xx_HAL_Driver/Src/stm32f1xx_hal_gpio.c.obj
LOAD CMakeFiles/timer.elf.dir/Drivers/STM32F1xx_HAL_Driver/Src/stm32f1xx_hal_gpio_ex.c.obj
LOAD CMakeFiles/timer.elf.dir/Drivers/STM32F1xx_HAL_Driver/Src/stm32f1xx_hal_pwr.c.obj
LOAD CMakeFiles/timer.elf.dir/Drivers/STM32F1xx_HAL_Driver/Src/stm32f1xx_hal_rcc.c.obj
LOAD CMakeFiles/timer.elf.dir/Drivers/STM32F1xx_HAL_Driver/Src/stm32f1xx_hal_rcc_ex.c.obj
LOAD CMakeFiles/timer.elf.dir/Drivers/STM32F1xx_HAL_Driver/Src/stm32f1xx_hal_tim.c.obj
LOAD CMakeFiles/timer.elf.dir/Drivers/STM32F1xx_HAL_Driver/Src/stm32f1xx_hal_tim_ex.c.obj
LOAD CMakeFiles/timer.elf.dir/Drivers/STM32F1xx_HAL_Driver/Src/stm32f1xx_hal_uart.c.obj
LOAD CMakeFiles/timer.elf.dir/Src/main.c.obj
LOAD CMakeFiles/timer.elf.dir/Src/stm32f1xx_hal_msp.c.obj
LOAD CMakeFiles/timer.elf.dir/Src/stm32f1xx_it.c.obj
LOAD CMakeFiles/timer.elf.dir/Src/syscalls.c.obj
LOAD CMakeFiles/timer.elf.dir/Src/system_stm32f1xx.c.obj
LOAD CMakeFiles/timer.elf.dir/startup/startup_stm32f103xe.s.obj
START GROUP
LOAD /usr/local/Cellar/arm-none-eabi-gcc/8-2018-q4-major/gcc/bin/../lib/gcc/arm-none-eabi/8.2.1/thumb/v7-m/nofp/libgcc.a
LOAD /usr/local/Cellar/arm-none-eabi-gcc/8-2018-q4-major/gcc/bin/../lib/gcc/arm-none-eabi/8.2.1/../../../../arm-none-eabi/lib/thumb/v7-m/nofp/libg_nano.a
LOAD /usr/local/Cellar/arm-none-eabi-gcc/8-2018-q4-major/gcc/bin/../lib/gcc/arm-none-eabi/8.2.1/../../../../arm-none-eabi/lib/thumb/v7-m/nofp/libc_nano.a
END GROUP
START GROUP
LOAD /usr/local/Cellar/arm-none-eabi-gcc/8-2018-q4-major/gcc/bin/../lib/gcc/arm-none-eabi/8.2.1/thumb/v7-m/nofp/libgcc.a
LOAD /usr/local/Cellar/arm-none-eabi-gcc/8-2018-q4-major/gcc/bin/../lib/gcc/arm-none-eabi/8.2.1/../../../../arm-none-eabi/lib/thumb/v7-m/nofp/libc_nano.a
LOAD /usr/local/Cellar/arm-none-eabi-gcc/8-2018-q4-major/gcc/bin/../lib/gcc/arm-none-eabi/8.2.1/../../../../arm-none-eabi/lib/thumb/v7-m/nofp/libnosys.a
END GROUP
START GROUP
LOAD /usr/local/Cellar/arm-none-eabi-gcc/8-2018-q4-major/gcc/bin/../lib/gcc/arm-none-eabi/8.2.1/thumb/v7-m/nofp/libgcc.a
LOAD /usr/local/Cellar/arm-none-eabi-gcc/8-2018-q4-major/gcc/bin/../lib/gcc/arm-none-eabi/8.2.1/../../../../arm-none-eabi/lib/thumb/v7-m/nofp/libc_nano.a
LOAD /usr/local/Cellar/arm-none-eabi-gcc/8-2018-q4-major/gcc/bin/../lib/gcc/arm-none-eabi/8.2.1/../../../../arm-none-eabi/lib/thumb/v7-m/nofp/libnosys.a
END GROUP
LOAD /usr/local/Cellar/arm-none-eabi-gcc/8-2018-q4-major/gcc/bin/../lib/gcc/arm-none-eabi/8.2.1/thumb/v7-m/nofp/crtend.o
LOAD /usr/local/Cellar/arm-none-eabi-gcc/8-2018-q4-major/gcc/bin/../lib/gcc/arm-none-eabi/8.2.1/thumb/v7-m/nofp/crtn.o
                0x0000000020010000                _estack = 0x20010000
                0x0000000000000200                _Min_Heap_Size = 0x200
                0x0000000000000400                _Min_Stack_Size = 0x400

.isr_vector     0x0000000008000000      0x1e4
                0x0000000008000000                . = ALIGN (0x4)
 *(.isr_vector)
 .isr_vector    0x0000000008000000      0x1e4 CMakeFiles/timer.elf.dir/startup/startup_stm32f103xe.s.obj
                0x0000000008000000                g_pfnVectors
                0x00000000080001e4                . = ALIGN (0x4)

.text           0x00000000080001e4     0x2318
                0x00000000080001e4                . = ALIGN (0x4)
 *(.text)
 .text          0x00000000080001e4       0x40 /usr/local/Cellar/arm-none-eabi-gcc/8-2018-q4-major/gcc/bin/../lib/gcc/arm-none-eabi/8.2.1/thumb/v7-m/nofp/crtbegin.o
 *(.text*)
 .text.HAL_Init
                0x0000000008000224       0x2c CMakeFiles/timer.elf.dir/Drivers/STM32F1xx_HAL_Driver/Src/stm32f1xx_hal.c.obj
                0x0000000008000224                HAL_Init
 .text.HAL_InitTick
                0x0000000008000250       0x60 CMakeFiles/timer.elf.dir/Drivers/STM32F1xx_HAL_Driver/Src/stm32f1xx_hal.c.obj
                0x0000000008000250                HAL_InitTick
 .text.HAL_IncTick
                0x00000000080002b0       0x24 CMakeFiles/timer.elf.dir/Drivers/STM32F1xx_HAL_Driver/Src/stm32f1xx_hal.c.obj
                0x00000000080002b0                HAL_IncTick
 .text.HAL_GetTick
                0x00000000080002d4       0x14 CMakeFiles/timer.elf.dir/Drivers/STM32F1xx_HAL_Driver/Src/stm32f1xx_hal.c.obj
                0x00000000080002d4                HAL_GetTick
 .text.__NVIC_SetPriorityGrouping
                0x00000000080002e8       0x48 CMakeFiles/timer.elf.dir/Drivers/STM32F1xx_HAL_Driver/Src/stm32f1xx_hal_cortex.c.obj
 .text.__NVIC_GetPriorityGrouping
                0x0000000008000330       0x1c CMakeFiles/timer.elf.dir/Drivers/STM32F1xx_HAL_Driver/Src/stm32f1xx_hal_cortex.c.obj
 .text.__NVIC_EnableIRQ
                0x000000000800034c       0x38 CMakeFiles/timer.elf.dir/Drivers/STM32F1xx_HAL_Driver/Src/stm32f1xx_hal_cortex.c.obj
 .text.__NVIC_SetPriority
                0x0000000008000384       0x54 CMakeFiles/timer.elf.dir/Drivers/STM32F1xx_HAL_Driver/Src/stm32f1xx_hal_cortex.c.obj
 .text.NVIC_EncodePriority
                0x00000000080003d8       0x64 CMakeFiles/timer.elf.dir/Drivers/STM32F1xx_HAL_Driver/Src/stm32f1xx_hal_cortex.c.obj
 .text.SysTick_Config
                0x000000000800043c       0x44 CMakeFiles/timer.elf.dir/Drivers/STM32F1xx_HAL_Driver/Src/stm32f1xx_hal_cortex.c.obj
 .text.HAL_NVIC_SetPriorityGrouping
                0x0000000008000480       0x16 CMakeFiles/timer.elf.dir/Drivers/STM32F1xx_HAL_Driver/Src/stm32f1xx_hal_cortex.c.obj
                0x0000000008000480                HAL_NVIC_SetPriorityGrouping
 .text.HAL_NVIC_SetPriority
                0x0000000008000496       0x38 CMakeFiles/timer.elf.dir/Drivers/STM32F1xx_HAL_Driver/Src/stm32f1xx_hal_cortex.c.obj
                0x0000000008000496                HAL_NVIC_SetPriority
 .text.HAL_NVIC_EnableIRQ
                0x00000000080004ce       0x1c CMakeFiles/timer.elf.dir/Drivers/STM32F1xx_HAL_Driver/Src/stm32f1xx_hal_cortex.c.obj
                0x00000000080004ce                HAL_NVIC_EnableIRQ
 .text.HAL_SYSTICK_Config
                0x00000000080004ea       0x18 CMakeFiles/timer.elf.dir/Drivers/STM32F1xx_HAL_Driver/Src/stm32f1xx_hal_cortex.c.obj
                0x00000000080004ea                HAL_SYSTICK_Config
 *fill*         0x0000000008000502        0x2 
 .text.HAL_DMA_Abort_IT
                0x0000000008000504      0x210 CMakeFiles/timer.elf.dir/Drivers/STM32F1xx_HAL_Driver/Src/stm32f1xx_hal_dma.c.obj
                0x0000000008000504                HAL_DMA_Abort_IT
 .text.HAL_GPIO_Init
                0x0000000008000714      0x2d4 CMakeFiles/timer.elf.dir/Drivers/STM32F1xx_HAL_Driver/Src/stm32f1xx_hal_gpio.c.obj
                0x0000000008000714                HAL_GPIO_Init
 .text.HAL_GPIO_WritePin
                0x00000000080009e8       0x30 CMakeFiles/timer.elf.dir/Drivers/STM32F1xx_HAL_Driver/Src/stm32f1xx_hal_gpio.c.obj
                0x00000000080009e8                HAL_GPIO_WritePin
 .text.HAL_GPIO_TogglePin
                0x0000000008000a18       0x30 CMakeFiles/timer.elf.dir/Drivers/STM32F1xx_HAL_Driver/Src/stm32f1xx_hal_gpio.c.obj
                0x0000000008000a18                HAL_GPIO_TogglePin
 .text.HAL_GPIO_EXTI_IRQHandler
                0x0000000008000a48       0x30 CMakeFiles/timer.elf.dir/Drivers/STM32F1xx_HAL_Driver/Src/stm32f1xx_hal_gpio.c.obj
                0x0000000008000a48                HAL_GPIO_EXTI_IRQHandler
 .text.HAL_GPIO_EXTI_Callback
                0x0000000008000a78       0x14 CMakeFiles/timer.elf.dir/Drivers/STM32F1xx_HAL_Driver/Src/stm32f1xx_hal_gpio.c.obj
                0x0000000008000a78                HAL_GPIO_EXTI_Callback
 .text.HAL_RCC_OscConfig
                0x0000000008000a8c      0x500 CMakeFiles/timer.elf.dir/Drivers/STM32F1xx_HAL_Driver/Src/stm32f1xx_hal_rcc.c.obj
                0x0000000008000a8c                HAL_RCC_OscConfig
 .text.HAL_RCC_ClockConfig
                0x0000000008000f8c      0x1d4 CMakeFiles/timer.elf.dir/Drivers/STM32F1xx_HAL_Driver/Src/stm32f1xx_hal_rcc.c.obj
                0x0000000008000f8c                HAL_RCC_ClockConfig
 .text.HAL_RCC_GetSysClockFreq
                0x0000000008001160       0xc4 CMakeFiles/timer.elf.dir/Drivers/STM32F1xx_HAL_Driver/Src/stm32f1xx_hal_rcc.c.obj
                0x0000000008001160                HAL_RCC_GetSysClockFreq
 .text.HAL_RCC_GetHCLKFreq
                0x0000000008001224       0x14 CMakeFiles/timer.elf.dir/Drivers/STM32F1xx_HAL_Driver/Src/stm32f1xx_hal_rcc.c.obj
                0x0000000008001224                HAL_RCC_GetHCLKFreq
 .text.HAL_RCC_GetPCLK1Freq
                0x0000000008001238       0x28 CMakeFiles/timer.elf.dir/Drivers/STM32F1xx_HAL_Driver/Src/stm32f1xx_hal_rcc.c.obj
                0x0000000008001238                HAL_RCC_GetPCLK1Freq
 .text.HAL_RCC_GetPCLK2Freq
                0x0000000008001260       0x28 CMakeFiles/timer.elf.dir/Drivers/STM32F1xx_HAL_Driver/Src/stm32f1xx_hal_rcc.c.obj
                0x0000000008001260                HAL_RCC_GetPCLK2Freq
 .text.RCC_Delay
                0x0000000008001288       0x3c CMakeFiles/timer.elf.dir/Drivers/STM32F1xx_HAL_Driver/Src/stm32f1xx_hal_rcc.c.obj
 .text.HAL_TIM_Base_Init
                0x00000000080012c4       0x56 CMakeFiles/timer.elf.dir/Drivers/STM32F1xx_HAL_Driver/Src/stm32f1xx_hal_tim.c.obj
                0x00000000080012c4                HAL_TIM_Base_Init
 .text.HAL_TIM_Base_Start_IT
                0x000000000800131a       0x46 CMakeFiles/timer.elf.dir/Drivers/STM32F1xx_HAL_Driver/Src/stm32f1xx_hal_tim.c.obj
                0x000000000800131a                HAL_TIM_Base_Start_IT
 .text.HAL_TIM_IRQHandler
                0x0000000008001360      0x210 CMakeFiles/timer.elf.dir/Drivers/STM32F1xx_HAL_Driver/Src/stm32f1xx_hal_tim.c.obj
                0x0000000008001360                HAL_TIM_IRQHandler
 .text.HAL_TIM_OC_DelayElapsedCallback
                0x0000000008001570       0x12 CMakeFiles/timer.elf.dir/Drivers/STM32F1xx_HAL_Driver/Src/stm32f1xx_hal_tim.c.obj
                0x0000000008001570                HAL_TIM_OC_DelayElapsedCallback
 .text.HAL_TIM_IC_CaptureCallback
                0x0000000008001582       0x12 CMakeFiles/timer.elf.dir/Drivers/STM32F1xx_HAL_Driver/Src/stm32f1xx_hal_tim.c.obj
                0x0000000008001582                HAL_TIM_IC_CaptureCallback
 .text.HAL_TIM_PWM_PulseFinishedCallback
                0x0000000008001594       0x12 CMakeFiles/timer.elf.dir/Drivers/STM32F1xx_HAL_Driver/Src/stm32f1xx_hal_tim.c.obj
                0x0000000008001594                HAL_TIM_PWM_PulseFinishedCallback
 .text.HAL_TIM_TriggerCallback
                0x00000000080015a6       0x12 CMakeFiles/timer.elf.dir/Drivers/STM32F1xx_HAL_Driver/Src/stm32f1xx_hal_tim.c.obj
                0x00000000080015a6                HAL_TIM_TriggerCallback
 .text.TIM_Base_SetConfig
                0x00000000080015b8       0xf4 CMakeFiles/timer.elf.dir/Drivers/STM32F1xx_HAL_Driver/Src/stm32f1xx_hal_tim.c.obj
                0x00000000080015b8                TIM_Base_SetConfig
 .text.HAL_TIMEx_MasterConfigSynchronization
                0x00000000080016ac       0x88 CMakeFiles/timer.elf.dir/Drivers/STM32F1xx_HAL_Driver/Src/stm32f1xx_hal_tim_ex.c.obj
                0x00000000080016ac                HAL_TIMEx_MasterConfigSynchronization
 .text.HAL_TIMEx_CommutCallback
                0x0000000008001734       0x12 CMakeFiles/timer.elf.dir/Drivers/STM32F1xx_HAL_Driver/Src/stm32f1xx_hal_tim_ex.c.obj
                0x0000000008001734                HAL_TIMEx_CommutCallback
 .text.HAL_TIMEx_BreakCallback
                0x0000000008001746       0x12 CMakeFiles/timer.elf.dir/Drivers/STM32F1xx_HAL_Driver/Src/stm32f1xx_hal_tim_ex.c.obj
                0x0000000008001746                HAL_TIMEx_BreakCallback
 .text.HAL_UART_Init
                0x0000000008001758       0x9a CMakeFiles/timer.elf.dir/Drivers/STM32F1xx_HAL_Driver/Src/stm32f1xx_hal_uart.c.obj
                0x0000000008001758                HAL_UART_Init
 *fill*         0x00000000080017f2        0x2 
 .text.HAL_UART_IRQHandler
                0x00000000080017f4      0x1f8 CMakeFiles/timer.elf.dir/Drivers/STM32F1xx_HAL_Driver/Src/stm32f1xx_hal_uart.c.obj
                0x00000000080017f4                HAL_UART_IRQHandler
 .text.HAL_UART_TxCpltCallback
                0x00000000080019ec       0x12 CMakeFiles/timer.elf.dir/Drivers/STM32F1xx_HAL_Driver/Src/stm32f1xx_hal_uart.c.obj
                0x00000000080019ec                HAL_UART_TxCpltCallback
 .text.HAL_UART_RxCpltCallback
                0x00000000080019fe       0x12 CMakeFiles/timer.elf.dir/Drivers/STM32F1xx_HAL_Driver/Src/stm32f1xx_hal_uart.c.obj
                0x00000000080019fe                HAL_UART_RxCpltCallback
 .text.HAL_UART_ErrorCallback
                0x0000000008001a10       0x12 CMakeFiles/timer.elf.dir/Drivers/STM32F1xx_HAL_Driver/Src/stm32f1xx_hal_uart.c.obj
                0x0000000008001a10                HAL_UART_ErrorCallback
 .text.UART_EndRxTransfer
                0x0000000008001a22       0x3a CMakeFiles/timer.elf.dir/Drivers/STM32F1xx_HAL_Driver/Src/stm32f1xx_hal_uart.c.obj
 .text.UART_DMAAbortOnError
                0x0000000008001a5c       0x28 CMakeFiles/timer.elf.dir/Drivers/STM32F1xx_HAL_Driver/Src/stm32f1xx_hal_uart.c.obj
 .text.UART_Transmit_IT
                0x0000000008001a84       0xaa CMakeFiles/timer.elf.dir/Drivers/STM32F1xx_HAL_Driver/Src/stm32f1xx_hal_uart.c.obj
 .text.UART_EndTransmit_IT
                0x0000000008001b2e       0x30 CMakeFiles/timer.elf.dir/Drivers/STM32F1xx_HAL_Driver/Src/stm32f1xx_hal_uart.c.obj
 .text.UART_Receive_IT
                0x0000000008001b5e      0x102 CMakeFiles/timer.elf.dir/Drivers/STM32F1xx_HAL_Driver/Src/stm32f1xx_hal_uart.c.obj
 .text.UART_SetConfig
                0x0000000008001c60      0x1b4 CMakeFiles/timer.elf.dir/Drivers/STM32F1xx_HAL_Driver/Src/stm32f1xx_hal_uart.c.obj
 .text.HAL_TIM_PeriodElapsedCallback
                0x0000000008001e14       0x48 CMakeFiles/timer.elf.dir/Src/main.c.obj
                0x0000000008001e14                HAL_TIM_PeriodElapsedCallback
 .text.main     0x0000000008001e5c       0x34 CMakeFiles/timer.elf.dir/Src/main.c.obj
                0x0000000008001e5c                main
 .text.SystemClock_Config
                0x0000000008001e90       0x8a CMakeFiles/timer.elf.dir/Src/main.c.obj
                0x0000000008001e90                SystemClock_Config
 *fill*         0x0000000008001f1a        0x2 
 .text.MX_TIM6_Init
                0x0000000008001f1c       0x6c CMakeFiles/timer.elf.dir/Src/main.c.obj
 .text.MX_TIM7_Init
                0x0000000008001f88       0x6c CMakeFiles/timer.elf.dir/Src/main.c.obj
 .text.MX_USART1_UART_Init
                0x0000000008001ff4       0x54 CMakeFiles/timer.elf.dir/Src/main.c.obj
 .text.MX_GPIO_Init
                0x0000000008002048      0x138 CMakeFiles/timer.elf.dir/Src/main.c.obj
 .text.Error_Handler
                0x0000000008002180        0xc CMakeFiles/timer.elf.dir/Src/main.c.obj
                0x0000000008002180                Error_Handler
 .text.HAL_MspInit
                0x000000000800218c       0x64 CMakeFiles/timer.elf.dir/Src/stm32f1xx_hal_msp.c.obj
                0x000000000800218c                HAL_MspInit
 .text.HAL_TIM_Base_MspInit
                0x00000000080021f0       0x84 CMakeFiles/timer.elf.dir/Src/stm32f1xx_hal_msp.c.obj
                0x00000000080021f0                HAL_TIM_Base_MspInit
 .text.HAL_UART_MspInit
                0x0000000008002274       0xa8 CMakeFiles/timer.elf.dir/Src/stm32f1xx_hal_msp.c.obj
                0x0000000008002274                HAL_UART_MspInit
 .text.NMI_Handler
                0x000000000800231c        0xc CMakeFiles/timer.elf.dir/Src/stm32f1xx_it.c.obj
                0x000000000800231c                NMI_Handler
 .text.HardFault_Handler
                0x0000000008002328        0x6 CMakeFiles/timer.elf.dir/Src/stm32f1xx_it.c.obj
                0x0000000008002328                HardFault_Handler
 .text.MemManage_Handler
                0x000000000800232e        0x6 CMakeFiles/timer.elf.dir/Src/stm32f1xx_it.c.obj
                0x000000000800232e                MemManage_Handler
 .text.BusFault_Handler
                0x0000000008002334        0x6 CMakeFiles/timer.elf.dir/Src/stm32f1xx_it.c.obj
                0x0000000008002334                BusFault_Handler
 .text.UsageFault_Handler
                0x000000000800233a        0x6 CMakeFiles/timer.elf.dir/Src/stm32f1xx_it.c.obj
                0x000000000800233a                UsageFault_Handler
 .text.SVC_Handler
                0x0000000008002340        0xc CMakeFiles/timer.elf.dir/Src/stm32f1xx_it.c.obj
                0x0000000008002340                SVC_Handler
 .text.DebugMon_Handler
                0x000000000800234c        0xc CMakeFiles/timer.elf.dir/Src/stm32f1xx_it.c.obj
                0x000000000800234c                DebugMon_Handler
 .text.PendSV_Handler
                0x0000000008002358        0xc CMakeFiles/timer.elf.dir/Src/stm32f1xx_it.c.obj
                0x0000000008002358                PendSV_Handler
 .text.SysTick_Handler
                0x0000000008002364        0xc CMakeFiles/timer.elf.dir/Src/stm32f1xx_it.c.obj
                0x0000000008002364                SysTick_Handler
 .text.EXTI0_IRQHandler
                0x0000000008002370        0xe CMakeFiles/timer.elf.dir/Src/stm32f1xx_it.c.obj
                0x0000000008002370                EXTI0_IRQHandler
 .text.EXTI3_IRQHandler
                0x000000000800237e        0xe CMakeFiles/timer.elf.dir/Src/stm32f1xx_it.c.obj
                0x000000000800237e                EXTI3_IRQHandler
 .text.EXTI4_IRQHandler
                0x000000000800238c        0xe CMakeFiles/timer.elf.dir/Src/stm32f1xx_it.c.obj
                0x000000000800238c                EXTI4_IRQHandler
 *fill*         0x000000000800239a        0x2 
 .text.USART1_IRQHandler
                0x000000000800239c       0x14 CMakeFiles/timer.elf.dir/Src/stm32f1xx_it.c.obj
                0x000000000800239c                USART1_IRQHandler
 .text.TIM6_IRQHandler
                0x00000000080023b0       0x14 CMakeFiles/timer.elf.dir/Src/stm32f1xx_it.c.obj
                0x00000000080023b0                TIM6_IRQHandler
 .text.TIM7_IRQHandler
                0x00000000080023c4       0x14 CMakeFiles/timer.elf.dir/Src/stm32f1xx_it.c.obj
                0x00000000080023c4                TIM7_IRQHandler
 .text.SystemInit
                0x00000000080023d8       0x68 CMakeFiles/timer.elf.dir/Src/system_stm32f1xx.c.obj
                0x00000000080023d8                SystemInit
 .text.Reset_Handler
                0x0000000008002440       0x48 CMakeFiles/timer.elf.dir/startup/startup_stm32f103xe.s.obj
                0x0000000008002440                Reset_Handler
 .text.Default_Handler
                0x0000000008002488        0x2 CMakeFiles/timer.elf.dir/startup/startup_stm32f103xe.s.obj
                0x0000000008002488                DMA2_Channel3_IRQHandler
                0x0000000008002488                EXTI2_IRQHandler
                0x0000000008002488                TIM8_TRG_COM_IRQHandler
                0x0000000008002488                TIM8_CC_IRQHandler
                0x0000000008002488                TIM1_CC_IRQHandler
                0x0000000008002488                PVD_IRQHandler
                0x0000000008002488                SDIO_IRQHandler
                0x0000000008002488                I2C2_EV_IRQHandler
                0x0000000008002488                ADC1_2_IRQHandler
                0x0000000008002488                SPI1_IRQHandler
                0x0000000008002488                TAMPER_IRQHandler
                0x0000000008002488                TIM8_UP_IRQHandler
                0x0000000008002488                DMA2_Channel2_IRQHandler
                0x0000000008002488                DMA1_Channel4_IRQHandler
                0x0000000008002488                USART3_IRQHandler
                0x0000000008002488                RTC_IRQHandler
                0x0000000008002488                DMA1_Channel7_IRQHandler
                0x0000000008002488                CAN1_RX1_IRQHandler
                0x0000000008002488                UART5_IRQHandler
                0x0000000008002488                ADC3_IRQHandler
                0x0000000008002488                TIM4_IRQHandler
                0x0000000008002488                DMA2_Channel1_IRQHandler
                0x0000000008002488                I2C1_EV_IRQHandler
                0x0000000008002488                DMA1_Channel6_IRQHandler
                0x0000000008002488                UART4_IRQHandler
                0x0000000008002488                TIM3_IRQHandler
                0x0000000008002488                RCC_IRQHandler
                0x0000000008002488                TIM1_TRG_COM_IRQHandler
                0x0000000008002488                DMA1_Channel1_IRQHandler
                0x0000000008002488                Default_Handler
                0x0000000008002488                EXTI15_10_IRQHandler
                0x0000000008002488                TIM5_IRQHandler
                0x0000000008002488                EXTI9_5_IRQHandler
                0x0000000008002488                SPI2_IRQHandler
                0x0000000008002488                DMA1_Channel5_IRQHandler
                0x0000000008002488                USB_LP_CAN1_RX0_IRQHandler
                0x0000000008002488                USB_HP_CAN1_TX_IRQHandler
                0x0000000008002488                DMA1_Channel3_IRQHandler
                0x0000000008002488                FSMC_IRQHandler
                0x0000000008002488                TIM1_UP_IRQHandler
                0x0000000008002488                WWDG_IRQHandler
                0x0000000008002488                TIM2_IRQHandler
                0x0000000008002488                TIM1_BRK_IRQHandler
                0x0000000008002488                EXTI1_IRQHandler
                0x0000000008002488                DMA2_Channel4_5_IRQHandler
                0x0000000008002488                USART2_IRQHandler
                0x0000000008002488                I2C2_ER_IRQHandler
                0x0000000008002488                DMA1_Channel2_IRQHandler
                0x0000000008002488                TIM8_BRK_IRQHandler
                0x0000000008002488                CAN1_SCE_IRQHandler
                0x0000000008002488                FLASH_IRQHandler
                0x0000000008002488                SPI3_IRQHandler
                0x0000000008002488                I2C1_ER_IRQHandler
                0x0000000008002488                USBWakeUp_IRQHandler
                0x0000000008002488                RTC_Alarm_IRQHandler
 *fill*         0x000000000800248a        0x2 
 .text.__libc_init_array
                0x000000000800248c       0x48 /usr/local/Cellar/arm-none-eabi-gcc/8-2018-q4-major/gcc/bin/../lib/gcc/arm-none-eabi/8.2.1/../../../../arm-none-eabi/lib/thumb/v7-m/nofp/libg_nano.a(lib_a-init.o)
                0x000000000800248c                __libc_init_array
 .text.memset   0x00000000080024d4       0x10 /usr/local/Cellar/arm-none-eabi-gcc/8-2018-q4-major/gcc/bin/../lib/gcc/arm-none-eabi/8.2.1/../../../../arm-none-eabi/lib/thumb/v7-m/nofp/libg_nano.a(lib_a-memset.o)
                0x00000000080024d4                memset
 *(.glue_7)
 .glue_7        0x00000000080024e4        0x0 linker stubs
 *(.glue_7t)
 .glue_7t       0x00000000080024e4        0x0 linker stubs
 *(.eh_frame)
 .eh_frame      0x00000000080024e4        0x0 /usr/local/Cellar/arm-none-eabi-gcc/8-2018-q4-major/gcc/bin/../lib/gcc/arm-none-eabi/8.2.1/thumb/v7-m/nofp/crtbegin.o
 *(.init)
 .init          0x00000000080024e4        0x4 /usr/local/Cellar/arm-none-eabi-gcc/8-2018-q4-major/gcc/bin/../lib/gcc/arm-none-eabi/8.2.1/thumb/v7-m/nofp/crti.o
                0x00000000080024e4                _init
 .init          0x00000000080024e8        0x8 /usr/local/Cellar/arm-none-eabi-gcc/8-2018-q4-major/gcc/bin/../lib/gcc/arm-none-eabi/8.2.1/thumb/v7-m/nofp/crtn.o
 *(.fini)
 .fini          0x00000000080024f0        0x4 /usr/local/Cellar/arm-none-eabi-gcc/8-2018-q4-major/gcc/bin/../lib/gcc/arm-none-eabi/8.2.1/thumb/v7-m/nofp/crti.o
                0x00000000080024f0                _fini
 .fini          0x00000000080024f4        0x8 /usr/local/Cellar/arm-none-eabi-gcc/8-2018-q4-major/gcc/bin/../lib/gcc/arm-none-eabi/8.2.1/thumb/v7-m/nofp/crtn.o
                0x00000000080024fc                . = ALIGN (0x4)
                0x00000000080024fc                _etext = .

.vfp11_veneer   0x00000000080024fc        0x0
 .vfp11_veneer  0x00000000080024fc        0x0 linker stubs

.v4_bx          0x00000000080024fc        0x0
 .v4_bx         0x00000000080024fc        0x0 linker stubs

.iplt           0x00000000080024fc        0x0
 .iplt          0x00000000080024fc        0x0 /usr/local/Cellar/arm-none-eabi-gcc/8-2018-q4-major/gcc/bin/../lib/gcc/arm-none-eabi/8.2.1/thumb/v7-m/nofp/crtbegin.o

.rodata         0x00000000080024fc       0x2c
                0x00000000080024fc                . = ALIGN (0x4)
 *(.rodata)
 .rodata        0x00000000080024fc       0x12 CMakeFiles/timer.elf.dir/Drivers/STM32F1xx_HAL_Driver/Src/stm32f1xx_hal_rcc.c.obj
 *(.rodata*)
 *fill*         0x000000000800250e        0x2 
 .rodata.AHBPrescTable
                0x0000000008002510       0x10 CMakeFiles/timer.elf.dir/Src/system_stm32f1xx.c.obj
                0x0000000008002510                AHBPrescTable
 .rodata.APBPrescTable
                0x0000000008002520        0x8 CMakeFiles/timer.elf.dir/Src/system_stm32f1xx.c.obj
                0x0000000008002520                APBPrescTable
                0x0000000008002528                . = ALIGN (0x4)

.rel.dyn        0x0000000008002528        0x0
 .rel.iplt      0x0000000008002528        0x0 /usr/local/Cellar/arm-none-eabi-gcc/8-2018-q4-major/gcc/bin/../lib/gcc/arm-none-eabi/8.2.1/thumb/v7-m/nofp/crtbegin.o

.ARM.extab
 *(.ARM.extab* .gnu.linkonce.armextab.*)

.ARM            0x0000000008002528        0x0
                0x0000000008002528                __exidx_start = .
 *(.ARM.exidx*)
                0x0000000008002528                __exidx_end = .

.preinit_array  0x0000000008002528        0x0
                0x0000000008002528                PROVIDE (__preinit_array_start = .)
 *(.preinit_array*)
                0x0000000008002528                PROVIDE (__preinit_array_end = .)

.init_array     0x0000000008002528        0x4
                0x0000000008002528                PROVIDE (__init_array_start = .)
 *(SORT_BY_NAME(.init_array.*))
 *(.init_array*)
 .init_array    0x0000000008002528        0x4 /usr/local/Cellar/arm-none-eabi-gcc/8-2018-q4-major/gcc/bin/../lib/gcc/arm-none-eabi/8.2.1/thumb/v7-m/nofp/crtbegin.o
                0x000000000800252c                PROVIDE (__init_array_end = .)

.fini_array     0x000000000800252c        0x4
                [!provide]                        PROVIDE (__fini_array_start = .)
 *(SORT_BY_NAME(.fini_array.*))
 *(.fini_array*)
 .fini_array    0x000000000800252c        0x4 /usr/local/Cellar/arm-none-eabi-gcc/8-2018-q4-major/gcc/bin/../lib/gcc/arm-none-eabi/8.2.1/thumb/v7-m/nofp/crtbegin.o
                [!provide]                        PROVIDE (__fini_array_end = .)
                0x0000000008002530                _sidata = LOADADDR (.data)

.data           0x0000000020000000        0xc load address 0x0000000008002530
                0x0000000020000000                . = ALIGN (0x4)
                0x0000000020000000                _sdata = .
 *(.data)
 *(.data*)
 .data.uwTickPrio
                0x0000000020000000        0x4 CMakeFiles/timer.elf.dir/Drivers/STM32F1xx_HAL_Driver/Src/stm32f1xx_hal.c.obj
                0x0000000020000000                uwTickPrio
 .data.uwTickFreq
                0x0000000020000004        0x1 CMakeFiles/timer.elf.dir/Drivers/STM32F1xx_HAL_Driver/Src/stm32f1xx_hal.c.obj
                0x0000000020000004                uwTickFreq
 *fill*         0x0000000020000005        0x3 
 .data.SystemCoreClock
                0x0000000020000008        0x4 CMakeFiles/timer.elf.dir/Src/system_stm32f1xx.c.obj
                0x0000000020000008                SystemCoreClock
                0x000000002000000c                . = ALIGN (0x4)
                0x000000002000000c                _edata = .

.igot.plt       0x000000002000000c        0x0 load address 0x000000000800253c
 .igot.plt      0x000000002000000c        0x0 /usr/local/Cellar/arm-none-eabi-gcc/8-2018-q4-major/gcc/bin/../lib/gcc/arm-none-eabi/8.2.1/thumb/v7-m/nofp/crtbegin.o
                0x000000002000000c                . = ALIGN (0x4)

.bss            0x000000002000000c       0xe0 load address 0x000000000800253c
                0x000000002000000c                _sbss = .
                0x000000002000000c                __bss_start__ = _sbss
 *(.bss)
 .bss           0x000000002000000c       0x1c /usr/local/Cellar/arm-none-eabi-gcc/8-2018-q4-major/gcc/bin/../lib/gcc/arm-none-eabi/8.2.1/thumb/v7-m/nofp/crtbegin.o
 *(.bss*)
 .bss.uwTick    0x0000000020000028        0x4 CMakeFiles/timer.elf.dir/Drivers/STM32F1xx_HAL_Driver/Src/stm32f1xx_hal.c.obj
                0x0000000020000028                uwTick
 .bss.htim6     0x000000002000002c       0x40 CMakeFiles/timer.elf.dir/Src/main.c.obj
                0x000000002000002c                htim6
 .bss.htim7     0x000000002000006c       0x40 CMakeFiles/timer.elf.dir/Src/main.c.obj
                0x000000002000006c                htim7
 .bss.huart1    0x00000000200000ac       0x40 CMakeFiles/timer.elf.dir/Src/main.c.obj
                0x00000000200000ac                huart1
 *(COMMON)
                0x00000000200000ec                . = ALIGN (0x4)
                0x00000000200000ec                _ebss = .
                0x00000000200000ec                __bss_end__ = _ebss

._user_heap_stack
                0x00000000200000ec      0x604 load address 0x000000000800253c
                0x00000000200000f0                . = ALIGN (0x8)
 *fill*         0x00000000200000ec        0x4 
                0x00000000200000f0                PROVIDE (end = .)
                [!provide]                        PROVIDE (_end = .)
                0x00000000200002f0                . = (. + _Min_Heap_Size)
 *fill*         0x00000000200000f0      0x200 
                0x00000000200006f0                . = (. + _Min_Stack_Size)
 *fill*         0x00000000200002f0      0x400 
                0x00000000200006f0                . = ALIGN (0x8)

/DISCARD/
 libc.a(*)
 libm.a(*)
 libgcc.a(*)

.ARM.attributes
                0x0000000000000000       0x29
 *(.ARM.attributes)
 .ARM.attributes
                0x0000000000000000       0x1d /usr/local/Cellar/arm-none-eabi-gcc/8-2018-q4-major/gcc/bin/../lib/gcc/arm-none-eabi/8.2.1/thumb/v7-m/nofp/crti.o
 .ARM.attributes
                0x000000000000001d       0x2d /usr/local/Cellar/arm-none-eabi-gcc/8-2018-q4-major/gcc/bin/../lib/gcc/arm-none-eabi/8.2.1/thumb/v7-m/nofp/crtbegin.o
 .ARM.attributes
                0x000000000000004a       0x2d CMakeFiles/timer.elf.dir/Drivers/STM32F1xx_HAL_Driver/Src/stm32f1xx_hal.c.obj
 .ARM.attributes
                0x0000000000000077       0x2d CMakeFiles/timer.elf.dir/Drivers/STM32F1xx_HAL_Driver/Src/stm32f1xx_hal_cortex.c.obj
 .ARM.attributes
                0x00000000000000a4       0x2d CMakeFiles/timer.elf.dir/Drivers/STM32F1xx_HAL_Driver/Src/stm32f1xx_hal_dma.c.obj
 .ARM.attributes
                0x00000000000000d1       0x2d CMakeFiles/timer.elf.dir/Drivers/STM32F1xx_HAL_Driver/Src/stm32f1xx_hal_gpio.c.obj
 .ARM.attributes
                0x00000000000000fe       0x2d CMakeFiles/timer.elf.dir/Drivers/STM32F1xx_HAL_Driver/Src/stm32f1xx_hal_rcc.c.obj
 .ARM.attributes
                0x000000000000012b       0x2d CMakeFiles/timer.elf.dir/Drivers/STM32F1xx_HAL_Driver/Src/stm32f1xx_hal_tim.c.obj
 .ARM.attributes
                0x0000000000000158       0x2d CMakeFiles/timer.elf.dir/Drivers/STM32F1xx_HAL_Driver/Src/stm32f1xx_hal_tim_ex.c.obj
 .ARM.attributes
                0x0000000000000185       0x2d CMakeFiles/timer.elf.dir/Drivers/STM32F1xx_HAL_Driver/Src/stm32f1xx_hal_uart.c.obj
 .ARM.attributes
                0x00000000000001b2       0x2d CMakeFiles/timer.elf.dir/Src/main.c.obj
 .ARM.attributes
                0x00000000000001df       0x2d CMakeFiles/timer.elf.dir/Src/stm32f1xx_hal_msp.c.obj
 .ARM.attributes
                0x000000000000020c       0x2d CMakeFiles/timer.elf.dir/Src/stm32f1xx_it.c.obj
 .ARM.attributes
                0x0000000000000239       0x2d CMakeFiles/timer.elf.dir/Src/system_stm32f1xx.c.obj
 .ARM.attributes
                0x0000000000000266       0x21 CMakeFiles/timer.elf.dir/startup/startup_stm32f103xe.s.obj
 .ARM.attributes
                0x0000000000000287       0x2d /usr/local/Cellar/arm-none-eabi-gcc/8-2018-q4-major/gcc/bin/../lib/gcc/arm-none-eabi/8.2.1/../../../../arm-none-eabi/lib/thumb/v7-m/nofp/libg_nano.a(lib_a-init.o)
 .ARM.attributes
                0x00000000000002b4       0x2d /usr/local/Cellar/arm-none-eabi-gcc/8-2018-q4-major/gcc/bin/../lib/gcc/arm-none-eabi/8.2.1/../../../../arm-none-eabi/lib/thumb/v7-m/nofp/libg_nano.a(lib_a-memset.o)
 .ARM.attributes
                0x00000000000002e1       0x1d /usr/local/Cellar/arm-none-eabi-gcc/8-2018-q4-major/gcc/bin/../lib/gcc/arm-none-eabi/8.2.1/thumb/v7-m/nofp/crtn.o
OUTPUT(timer.elf elf32-littlearm)

.debug_info     0x0000000000000000     0xa0a2
 .debug_info    0x0000000000000000      0x7ad CMakeFiles/timer.elf.dir/Drivers/STM32F1xx_HAL_Driver/Src/stm32f1xx_hal.c.obj
 .debug_info    0x00000000000007ad      0xc2b CMakeFiles/timer.elf.dir/Drivers/STM32F1xx_HAL_Driver/Src/stm32f1xx_hal_cortex.c.obj
 .debug_info    0x00000000000013d8      0x807 CMakeFiles/timer.elf.dir/Drivers/STM32F1xx_HAL_Driver/Src/stm32f1xx_hal_dma.c.obj
 .debug_info    0x0000000000001bdf      0x6da CMakeFiles/timer.elf.dir/Drivers/STM32F1xx_HAL_Driver/Src/stm32f1xx_hal_gpio.c.obj
 .debug_info    0x00000000000022b9      0x877 CMakeFiles/timer.elf.dir/Drivers/STM32F1xx_HAL_Driver/Src/stm32f1xx_hal_rcc.c.obj
 .debug_info    0x0000000000002b30     0x2669 CMakeFiles/timer.elf.dir/Drivers/STM32F1xx_HAL_Driver/Src/stm32f1xx_hal_tim.c.obj
 .debug_info    0x0000000000005199     0x11fb CMakeFiles/timer.elf.dir/Drivers/STM32F1xx_HAL_Driver/Src/stm32f1xx_hal_tim_ex.c.obj
 .debug_info    0x0000000000006394     0x12db CMakeFiles/timer.elf.dir/Drivers/STM32F1xx_HAL_Driver/Src/stm32f1xx_hal_uart.c.obj
 .debug_info    0x000000000000766f      0xe9f CMakeFiles/timer.elf.dir/Src/main.c.obj
 .debug_info    0x000000000000850e      0xd74 CMakeFiles/timer.elf.dir/Src/stm32f1xx_hal_msp.c.obj
 .debug_info    0x0000000000009282      0x99c CMakeFiles/timer.elf.dir/Src/stm32f1xx_it.c.obj
 .debug_info    0x0000000000009c1e      0x462 CMakeFiles/timer.elf.dir/Src/system_stm32f1xx.c.obj
 .debug_info    0x000000000000a080       0x22 CMakeFiles/timer.elf.dir/startup/startup_stm32f103xe.s.obj

.debug_abbrev   0x0000000000000000     0x1998
 .debug_abbrev  0x0000000000000000      0x1fd CMakeFiles/timer.elf.dir/Drivers/STM32F1xx_HAL_Driver/Src/stm32f1xx_hal.c.obj
 .debug_abbrev  0x00000000000001fd      0x310 CMakeFiles/timer.elf.dir/Drivers/STM32F1xx_HAL_Driver/Src/stm32f1xx_hal_cortex.c.obj
 .debug_abbrev  0x000000000000050d      0x225 CMakeFiles/timer.elf.dir/Drivers/STM32F1xx_HAL_Driver/Src/stm32f1xx_hal_dma.c.obj
 .debug_abbrev  0x0000000000000732      0x1e5 CMakeFiles/timer.elf.dir/Drivers/STM32F1xx_HAL_Driver/Src/stm32f1xx_hal_gpio.c.obj
 .debug_abbrev  0x0000000000000917      0x270 CMakeFiles/timer.elf.dir/Drivers/STM32F1xx_HAL_Driver/Src/stm32f1xx_hal_rcc.c.obj
 .debug_abbrev  0x0000000000000b87      0x25b CMakeFiles/timer.elf.dir/Drivers/STM32F1xx_HAL_Driver/Src/stm32f1xx_hal_tim.c.obj
 .debug_abbrev  0x0000000000000de2      0x249 CMakeFiles/timer.elf.dir/Drivers/STM32F1xx_HAL_Driver/Src/stm32f1xx_hal_tim_ex.c.obj
 .debug_abbrev  0x000000000000102b      0x26d CMakeFiles/timer.elf.dir/Drivers/STM32F1xx_HAL_Driver/Src/stm32f1xx_hal_uart.c.obj
 .debug_abbrev  0x0000000000001298      0x251 CMakeFiles/timer.elf.dir/Src/main.c.obj
 .debug_abbrev  0x00000000000014e9      0x1c5 CMakeFiles/timer.elf.dir/Src/stm32f1xx_hal_msp.c.obj
 .debug_abbrev  0x00000000000016ae      0x18d CMakeFiles/timer.elf.dir/Src/stm32f1xx_it.c.obj
 .debug_abbrev  0x000000000000183b      0x14b CMakeFiles/timer.elf.dir/Src/system_stm32f1xx.c.obj
 .debug_abbrev  0x0000000000001986       0x12 CMakeFiles/timer.elf.dir/startup/startup_stm32f103xe.s.obj

.debug_aranges  0x0000000000000000      0xb88
 .debug_aranges
                0x0000000000000000       0xe0 CMakeFiles/timer.elf.dir/Drivers/STM32F1xx_HAL_Driver/Src/stm32f1xx_hal.c.obj
 .debug_aranges
                0x00000000000000e0      0x100 CMakeFiles/timer.elf.dir/Drivers/STM32F1xx_HAL_Driver/Src/stm32f1xx_hal_cortex.c.obj
 .debug_aranges
                0x00000000000001e0       0x80 CMakeFiles/timer.elf.dir/Drivers/STM32F1xx_HAL_Driver/Src/stm32f1xx_hal_dma.c.obj
 .debug_aranges
                0x0000000000000260       0x58 CMakeFiles/timer.elf.dir/Drivers/STM32F1xx_HAL_Driver/Src/stm32f1xx_hal_gpio.c.obj
 .debug_aranges
                0x00000000000002b8       0x90 CMakeFiles/timer.elf.dir/Drivers/STM32F1xx_HAL_Driver/Src/stm32f1xx_hal_rcc.c.obj
 .debug_aranges
                0x0000000000000348      0x3a8 CMakeFiles/timer.elf.dir/Drivers/STM32F1xx_HAL_Driver/Src/stm32f1xx_hal_tim.c.obj
 .debug_aranges
                0x00000000000006f0      0x150 CMakeFiles/timer.elf.dir/Drivers/STM32F1xx_HAL_Driver/Src/stm32f1xx_hal_tim_ex.c.obj
 .debug_aranges
                0x0000000000000840      0x1d0 CMakeFiles/timer.elf.dir/Drivers/STM32F1xx_HAL_Driver/Src/stm32f1xx_hal_uart.c.obj
 .debug_aranges
                0x0000000000000a10       0x58 CMakeFiles/timer.elf.dir/Src/main.c.obj
 .debug_aranges
                0x0000000000000a68       0x40 CMakeFiles/timer.elf.dir/Src/stm32f1xx_hal_msp.c.obj
 .debug_aranges
                0x0000000000000aa8       0x90 CMakeFiles/timer.elf.dir/Src/stm32f1xx_it.c.obj
 .debug_aranges
                0x0000000000000b38       0x28 CMakeFiles/timer.elf.dir/Src/system_stm32f1xx.c.obj
 .debug_aranges
                0x0000000000000b60       0x28 CMakeFiles/timer.elf.dir/startup/startup_stm32f103xe.s.obj

.debug_ranges   0x0000000000000000      0xac0
 .debug_ranges  0x0000000000000000       0xd0 CMakeFiles/timer.elf.dir/Drivers/STM32F1xx_HAL_Driver/Src/stm32f1xx_hal.c.obj
 .debug_ranges  0x00000000000000d0       0xf0 CMakeFiles/timer.elf.dir/Drivers/STM32F1xx_HAL_Driver/Src/stm32f1xx_hal_cortex.c.obj
 .debug_ranges  0x00000000000001c0       0x70 CMakeFiles/timer.elf.dir/Drivers/STM32F1xx_HAL_Driver/Src/stm32f1xx_hal_dma.c.obj
 .debug_ranges  0x0000000000000230       0x48 CMakeFiles/timer.elf.dir/Drivers/STM32F1xx_HAL_Driver/Src/stm32f1xx_hal_gpio.c.obj
 .debug_ranges  0x0000000000000278       0x80 CMakeFiles/timer.elf.dir/Drivers/STM32F1xx_HAL_Driver/Src/stm32f1xx_hal_rcc.c.obj
 .debug_ranges  0x00000000000002f8      0x398 CMakeFiles/timer.elf.dir/Drivers/STM32F1xx_HAL_Driver/Src/stm32f1xx_hal_tim.c.obj
 .debug_ranges  0x0000000000000690      0x140 CMakeFiles/timer.elf.dir/Drivers/STM32F1xx_HAL_Driver/Src/stm32f1xx_hal_tim_ex.c.obj
 .debug_ranges  0x00000000000007d0      0x1c0 CMakeFiles/timer.elf.dir/Drivers/STM32F1xx_HAL_Driver/Src/stm32f1xx_hal_uart.c.obj
 .debug_ranges  0x0000000000000990       0x48 CMakeFiles/timer.elf.dir/Src/main.c.obj
 .debug_ranges  0x00000000000009d8       0x30 CMakeFiles/timer.elf.dir/Src/stm32f1xx_hal_msp.c.obj
 .debug_ranges  0x0000000000000a08       0x80 CMakeFiles/timer.elf.dir/Src/stm32f1xx_it.c.obj
 .debug_ranges  0x0000000000000a88       0x18 CMakeFiles/timer.elf.dir/Src/system_stm32f1xx.c.obj
 .debug_ranges  0x0000000000000aa0       0x20 CMakeFiles/timer.elf.dir/startup/startup_stm32f103xe.s.obj

.debug_line     0x0000000000000000     0x855f
 .debug_line    0x0000000000000000      0x58e CMakeFiles/timer.elf.dir/Drivers/STM32F1xx_HAL_Driver/Src/stm32f1xx_hal.c.obj
 .debug_line    0x000000000000058e      0x768 CMakeFiles/timer.elf.dir/Drivers/STM32F1xx_HAL_Driver/Src/stm32f1xx_hal_cortex.c.obj
 .debug_line    0x0000000000000cf6      0xee4 CMakeFiles/timer.elf.dir/Drivers/STM32F1xx_HAL_Driver/Src/stm32f1xx_hal_dma.c.obj
 .debug_line    0x0000000000001bda      0x68f CMakeFiles/timer.elf.dir/Drivers/STM32F1xx_HAL_Driver/Src/stm32f1xx_hal_gpio.c.obj
 .debug_line    0x0000000000002269      0x9fa CMakeFiles/timer.elf.dir/Drivers/STM32F1xx_HAL_Driver/Src/stm32f1xx_hal_rcc.c.obj
 .debug_line    0x0000000000002c63     0x2618 CMakeFiles/timer.elf.dir/Drivers/STM32F1xx_HAL_Driver/Src/stm32f1xx_hal_tim.c.obj
 .debug_line    0x000000000000527b      0xdb8 CMakeFiles/timer.elf.dir/Drivers/STM32F1xx_HAL_Driver/Src/stm32f1xx_hal_tim_ex.c.obj
 .debug_line    0x0000000000006033     0x13b6 CMakeFiles/timer.elf.dir/Drivers/STM32F1xx_HAL_Driver/Src/stm32f1xx_hal_uart.c.obj
 .debug_line    0x00000000000073e9      0x4fe CMakeFiles/timer.elf.dir/Src/main.c.obj
 .debug_line    0x00000000000078e7      0x3ed CMakeFiles/timer.elf.dir/Src/stm32f1xx_hal_msp.c.obj
 .debug_line    0x0000000000007cd4      0x45a CMakeFiles/timer.elf.dir/Src/stm32f1xx_it.c.obj
 .debug_line    0x000000000000812e      0x377 CMakeFiles/timer.elf.dir/Src/system_stm32f1xx.c.obj
 .debug_line    0x00000000000084a5       0xba CMakeFiles/timer.elf.dir/startup/startup_stm32f103xe.s.obj

.debug_str      0x0000000000000000     0x3749
 .debug_str     0x0000000000000000      0x925 CMakeFiles/timer.elf.dir/Drivers/STM32F1xx_HAL_Driver/Src/stm32f1xx_hal.c.obj
                                        0x989 (size before relaxing)
 .debug_str     0x0000000000000925      0x447 CMakeFiles/timer.elf.dir/Drivers/STM32F1xx_HAL_Driver/Src/stm32f1xx_hal_cortex.c.obj
                                        0xaf0 (size before relaxing)
 .debug_str     0x0000000000000d6c      0x42d CMakeFiles/timer.elf.dir/Drivers/STM32F1xx_HAL_Driver/Src/stm32f1xx_hal_dma.c.obj
                                        0x74e (size before relaxing)
 .debug_str     0x0000000000001199      0x207 CMakeFiles/timer.elf.dir/Drivers/STM32F1xx_HAL_Driver/Src/stm32f1xx_hal_gpio.c.obj
                                        0x55d (size before relaxing)
 .debug_str     0x00000000000013a0      0x367 CMakeFiles/timer.elf.dir/Drivers/STM32F1xx_HAL_Driver/Src/stm32f1xx_hal_rcc.c.obj
                                        0x718 (size before relaxing)
 .debug_str     0x0000000000001707     0x1002 CMakeFiles/timer.elf.dir/Drivers/STM32F1xx_HAL_Driver/Src/stm32f1xx_hal_tim.c.obj
                                       0x153b (size before relaxing)
 .debug_str     0x0000000000002709      0x5b6 CMakeFiles/timer.elf.dir/Drivers/STM32F1xx_HAL_Driver/Src/stm32f1xx_hal_tim_ex.c.obj
                                        0xd3b (size before relaxing)
 .debug_str     0x0000000000002cbf      0x71a CMakeFiles/timer.elf.dir/Drivers/STM32F1xx_HAL_Driver/Src/stm32f1xx_hal_uart.c.obj
                                        0xc5f (size before relaxing)
 .debug_str     0x00000000000033d9       0xcf CMakeFiles/timer.elf.dir/Src/main.c.obj
                                        0xed5 (size before relaxing)
 .debug_str     0x00000000000034a8       0x62 CMakeFiles/timer.elf.dir/Src/stm32f1xx_hal_msp.c.obj
                                        0xd49 (size before relaxing)
 .debug_str     0x000000000000350a      0x148 CMakeFiles/timer.elf.dir/Src/stm32f1xx_it.c.obj
                                        0x970 (size before relaxing)
 .debug_str     0x0000000000003652       0x8a CMakeFiles/timer.elf.dir/Src/system_stm32f1xx.c.obj
                                        0x3cc (size before relaxing)
 .debug_str     0x00000000000036dc       0x6d CMakeFiles/timer.elf.dir/startup/startup_stm32f103xe.s.obj
                                         0xbf (size before relaxing)

.comment        0x0000000000000000       0x75
 .comment       0x0000000000000000       0x75 CMakeFiles/timer.elf.dir/Drivers/STM32F1xx_HAL_Driver/Src/stm32f1xx_hal.c.obj
                                         0x76 (size before relaxing)
 .comment       0x0000000000000075       0x76 CMakeFiles/timer.elf.dir/Drivers/STM32F1xx_HAL_Driver/Src/stm32f1xx_hal_cortex.c.obj
 .comment       0x0000000000000075       0x76 CMakeFiles/timer.elf.dir/Drivers/STM32F1xx_HAL_Driver/Src/stm32f1xx_hal_dma.c.obj
 .comment       0x0000000000000075       0x76 CMakeFiles/timer.elf.dir/Drivers/STM32F1xx_HAL_Driver/Src/stm32f1xx_hal_gpio.c.obj
 .comment       0x0000000000000075       0x76 CMakeFiles/timer.elf.dir/Drivers/STM32F1xx_HAL_Driver/Src/stm32f1xx_hal_rcc.c.obj
 .comment       0x0000000000000075       0x76 CMakeFiles/timer.elf.dir/Drivers/STM32F1xx_HAL_Driver/Src/stm32f1xx_hal_tim.c.obj
 .comment       0x0000000000000075       0x76 CMakeFiles/timer.elf.dir/Drivers/STM32F1xx_HAL_Driver/Src/stm32f1xx_hal_tim_ex.c.obj
 .comment       0x0000000000000075       0x76 CMakeFiles/timer.elf.dir/Drivers/STM32F1xx_HAL_Driver/Src/stm32f1xx_hal_uart.c.obj
 .comment       0x0000000000000075       0x76 CMakeFiles/timer.elf.dir/Src/main.c.obj
 .comment       0x0000000000000075       0x76 CMakeFiles/timer.elf.dir/Src/stm32f1xx_hal_msp.c.obj
 .comment       0x0000000000000075       0x76 CMakeFiles/timer.elf.dir/Src/stm32f1xx_it.c.obj
 .comment       0x0000000000000075       0x76 CMakeFiles/timer.elf.dir/Src/system_stm32f1xx.c.obj

.debug_frame    0x0000000000000000     0x2ff0
 .debug_frame   0x0000000000000000      0x334 CMakeFiles/timer.elf.dir/Drivers/STM32F1xx_HAL_Driver/Src/stm32f1xx_hal.c.obj
 .debug_frame   0x0000000000000334      0x428 CMakeFiles/timer.elf.dir/Drivers/STM32F1xx_HAL_Driver/Src/stm32f1xx_hal_cortex.c.obj
 .debug_frame   0x000000000000075c      0x20c CMakeFiles/timer.elf.dir/Drivers/STM32F1xx_HAL_Driver/Src/stm32f1xx_hal_dma.c.obj
 .debug_frame   0x0000000000000968      0x14c CMakeFiles/timer.elf.dir/Drivers/STM32F1xx_HAL_Driver/Src/stm32f1xx_hal_gpio.c.obj
 .debug_frame   0x0000000000000ab4      0x21c CMakeFiles/timer.elf.dir/Drivers/STM32F1xx_HAL_Driver/Src/stm32f1xx_hal_rcc.c.obj
 .debug_frame   0x0000000000000cd0     0x10f0 CMakeFiles/timer.elf.dir/Drivers/STM32F1xx_HAL_Driver/Src/stm32f1xx_hal_tim.c.obj
 .debug_frame   0x0000000000001dc0      0x5c0 CMakeFiles/timer.elf.dir/Drivers/STM32F1xx_HAL_Driver/Src/stm32f1xx_hal_tim_ex.c.obj
 .debug_frame   0x0000000000002380      0x834 CMakeFiles/timer.elf.dir/Drivers/STM32F1xx_HAL_Driver/Src/stm32f1xx_hal_uart.c.obj
 .debug_frame   0x0000000000002bb4      0x11c CMakeFiles/timer.elf.dir/Src/main.c.obj
 .debug_frame   0x0000000000002cd0       0xc8 CMakeFiles/timer.elf.dir/Src/stm32f1xx_hal_msp.c.obj
 .debug_frame   0x0000000000002d98      0x1b4 CMakeFiles/timer.elf.dir/Src/stm32f1xx_it.c.obj
 .debug_frame   0x0000000000002f4c       0x58 CMakeFiles/timer.elf.dir/Src/system_stm32f1xx.c.obj
 .debug_frame   0x0000000000002fa4       0x2c /usr/local/Cellar/arm-none-eabi-gcc/8-2018-q4-major/gcc/bin/../lib/gcc/arm-none-eabi/8.2.1/../../../../arm-none-eabi/lib/thumb/v7-m/nofp/libg_nano.a(lib_a-init.o)
 .debug_frame   0x0000000000002fd0       0x20 /usr/local/Cellar/arm-none-eabi-gcc/8-2018-q4-major/gcc/bin/../lib/gcc/arm-none-eabi/8.2.1/../../../../arm-none-eabi/lib/thumb/v7-m/nofp/libg_nano.a(lib_a-memset.o)
