Archive member included to satisfy reference by file (symbol)

/usr/local/Cellar/arm-none-eabi-gcc/8-2018-q4-major/gcc/bin/../lib/gcc/arm-none-eabi/8.2.1/../../../../arm-none-eabi/lib/thumb/v7-m/nofp/libg_nano.a(lib_a-errno.o)
                              CMakeFiles/PWMOutput.elf.dir/Src/syscalls.c.obj (__errno)
/usr/local/Cellar/arm-none-eabi-gcc/8-2018-q4-major/gcc/bin/../lib/gcc/arm-none-eabi/8.2.1/../../../../arm-none-eabi/lib/thumb/v7-m/nofp/libg_nano.a(lib_a-exit.o)
                              /usr/local/Cellar/arm-none-eabi-gcc/8-2018-q4-major/gcc/bin/../lib/gcc/arm-none-eabi/8.2.1/../../../../arm-none-eabi/lib/thumb/v7-m/nofp/crt0.o (exit)
/usr/local/Cellar/arm-none-eabi-gcc/8-2018-q4-major/gcc/bin/../lib/gcc/arm-none-eabi/8.2.1/../../../../arm-none-eabi/lib/thumb/v7-m/nofp/libg_nano.a(lib_a-impure.o)
                              /usr/local/Cellar/arm-none-eabi-gcc/8-2018-q4-major/gcc/bin/../lib/gcc/arm-none-eabi/8.2.1/../../../../arm-none-eabi/lib/thumb/v7-m/nofp/libg_nano.a(lib_a-exit.o) (_global_impure_ptr)
/usr/local/Cellar/arm-none-eabi-gcc/8-2018-q4-major/gcc/bin/../lib/gcc/arm-none-eabi/8.2.1/../../../../arm-none-eabi/lib/thumb/v7-m/nofp/libg_nano.a(lib_a-init.o)
                              /usr/local/Cellar/arm-none-eabi-gcc/8-2018-q4-major/gcc/bin/../lib/gcc/arm-none-eabi/8.2.1/../../../../arm-none-eabi/lib/thumb/v7-m/nofp/crt0.o (__libc_init_array)
/usr/local/Cellar/arm-none-eabi-gcc/8-2018-q4-major/gcc/bin/../lib/gcc/arm-none-eabi/8.2.1/../../../../arm-none-eabi/lib/thumb/v7-m/nofp/libg_nano.a(lib_a-memset.o)
                              /usr/local/Cellar/arm-none-eabi-gcc/8-2018-q4-major/gcc/bin/../lib/gcc/arm-none-eabi/8.2.1/../../../../arm-none-eabi/lib/thumb/v7-m/nofp/crt0.o (memset)

Discarded input sections

 .text          0x0000000000000000        0x0 /usr/local/Cellar/arm-none-eabi-gcc/8-2018-q4-major/gcc/bin/../lib/gcc/arm-none-eabi/8.2.1/thumb/v7-m/nofp/crti.o
 .data          0x0000000000000000        0x0 /usr/local/Cellar/arm-none-eabi-gcc/8-2018-q4-major/gcc/bin/../lib/gcc/arm-none-eabi/8.2.1/thumb/v7-m/nofp/crti.o
 .bss           0x0000000000000000        0x0 /usr/local/Cellar/arm-none-eabi-gcc/8-2018-q4-major/gcc/bin/../lib/gcc/arm-none-eabi/8.2.1/thumb/v7-m/nofp/crti.o
 .data          0x0000000000000000        0x4 /usr/local/Cellar/arm-none-eabi-gcc/8-2018-q4-major/gcc/bin/../lib/gcc/arm-none-eabi/8.2.1/thumb/v7-m/nofp/crtbegin.o
 .text          0x0000000000000000       0x74 /usr/local/Cellar/arm-none-eabi-gcc/8-2018-q4-major/gcc/bin/../lib/gcc/arm-none-eabi/8.2.1/../../../../arm-none-eabi/lib/thumb/v7-m/nofp/crt0.o
 .data          0x0000000000000000        0x0 /usr/local/Cellar/arm-none-eabi-gcc/8-2018-q4-major/gcc/bin/../lib/gcc/arm-none-eabi/8.2.1/../../../../arm-none-eabi/lib/thumb/v7-m/nofp/crt0.o
 .bss           0x0000000000000000        0x0 /usr/local/Cellar/arm-none-eabi-gcc/8-2018-q4-major/gcc/bin/../lib/gcc/arm-none-eabi/8.2.1/../../../../arm-none-eabi/lib/thumb/v7-m/nofp/crt0.o
 .ARM.extab     0x0000000000000000        0x0 /usr/local/Cellar/arm-none-eabi-gcc/8-2018-q4-major/gcc/bin/../lib/gcc/arm-none-eabi/8.2.1/../../../../arm-none-eabi/lib/thumb/v7-m/nofp/crt0.o
 .ARM.exidx     0x0000000000000000        0x8 /usr/local/Cellar/arm-none-eabi-gcc/8-2018-q4-major/gcc/bin/../lib/gcc/arm-none-eabi/8.2.1/../../../../arm-none-eabi/lib/thumb/v7-m/nofp/crt0.o
 .ARM.attributes
                0x0000000000000000       0x1b /usr/local/Cellar/arm-none-eabi-gcc/8-2018-q4-major/gcc/bin/../lib/gcc/arm-none-eabi/8.2.1/../../../../arm-none-eabi/lib/thumb/v7-m/nofp/crt0.o
 .text          0x0000000000000000        0x0 CMakeFiles/PWMOutput.elf.dir/Drivers/STM32F1xx_HAL_Driver/Src/stm32f1xx_hal.c.obj
 .data          0x0000000000000000        0x0 CMakeFiles/PWMOutput.elf.dir/Drivers/STM32F1xx_HAL_Driver/Src/stm32f1xx_hal.c.obj
 .bss           0x0000000000000000        0x0 CMakeFiles/PWMOutput.elf.dir/Drivers/STM32F1xx_HAL_Driver/Src/stm32f1xx_hal.c.obj
 .text.HAL_DeInit
                0x0000000000000000       0x30 CMakeFiles/PWMOutput.elf.dir/Drivers/STM32F1xx_HAL_Driver/Src/stm32f1xx_hal.c.obj
 .text.HAL_MspInit
                0x0000000000000000        0xc CMakeFiles/PWMOutput.elf.dir/Drivers/STM32F1xx_HAL_Driver/Src/stm32f1xx_hal.c.obj
 .text.HAL_MspDeInit
                0x0000000000000000        0xc CMakeFiles/PWMOutput.elf.dir/Drivers/STM32F1xx_HAL_Driver/Src/stm32f1xx_hal.c.obj
 .text.HAL_GetTickPrio
                0x0000000000000000       0x14 CMakeFiles/PWMOutput.elf.dir/Drivers/STM32F1xx_HAL_Driver/Src/stm32f1xx_hal.c.obj
 .text.HAL_SetTickFreq
                0x0000000000000000       0x44 CMakeFiles/PWMOutput.elf.dir/Drivers/STM32F1xx_HAL_Driver/Src/stm32f1xx_hal.c.obj
 .text.HAL_GetTickFreq
                0x0000000000000000       0x14 CMakeFiles/PWMOutput.elf.dir/Drivers/STM32F1xx_HAL_Driver/Src/stm32f1xx_hal.c.obj
 .text.HAL_Delay
                0x0000000000000000       0x44 CMakeFiles/PWMOutput.elf.dir/Drivers/STM32F1xx_HAL_Driver/Src/stm32f1xx_hal.c.obj
[...]
Memory Configuration

Name             Origin             Length             Attributes
RAM              0x0000000020000000 0x0000000000010000 xrw
FLASH            0x0000000008000000 0x0000000000080000 xr
*default*        0x0000000000000000 0xffffffffffffffff

Linker script and memory map

LOAD /usr/local/Cellar/arm-none-eabi-gcc/8-2018-q4-major/gcc/bin/../lib/gcc/arm-none-eabi/8.2.1/thumb/v7-m/nofp/crti.o
LOAD /usr/local/Cellar/arm-none-eabi-gcc/8-2018-q4-major/gcc/bin/../lib/gcc/arm-none-eabi/8.2.1/thumb/v7-m/nofp/crtbegin.o
LOAD /usr/local/Cellar/arm-none-eabi-gcc/8-2018-q4-major/gcc/bin/../lib/gcc/arm-none-eabi/8.2.1/../../../../arm-none-eabi/lib/thumb/v7-m/nofp/crt0.o
LOAD CMakeFiles/PWMOutput.elf.dir/Drivers/STM32F1xx_HAL_Driver/Src/stm32f1xx_hal.c.obj
LOAD CMakeFiles/PWMOutput.elf.dir/Drivers/STM32F1xx_HAL_Driver/Src/stm32f1xx_hal_cortex.c.obj
LOAD CMakeFiles/PWMOutput.elf.dir/Drivers/STM32F1xx_HAL_Driver/Src/stm32f1xx_hal_dma.c.obj
LOAD CMakeFiles/PWMOutput.elf.dir/Drivers/STM32F1xx_HAL_Driver/Src/stm32f1xx_hal_exti.c.obj
LOAD CMakeFiles/PWMOutput.elf.dir/Drivers/STM32F1xx_HAL_Driver/Src/stm32f1xx_hal_flash.c.obj
LOAD CMakeFiles/PWMOutput.elf.dir/Drivers/STM32F1xx_HAL_Driver/Src/stm32f1xx_hal_flash_ex.c.obj
LOAD CMakeFiles/PWMOutput.elf.dir/Drivers/STM32F1xx_HAL_Driver/Src/stm32f1xx_hal_gpio.c.obj
LOAD CMakeFiles/PWMOutput.elf.dir/Drivers/STM32F1xx_HAL_Driver/Src/stm32f1xx_hal_gpio_ex.c.obj
LOAD CMakeFiles/PWMOutput.elf.dir/Drivers/STM32F1xx_HAL_Driver/Src/stm32f1xx_hal_pwr.c.obj
LOAD CMakeFiles/PWMOutput.elf.dir/Drivers/STM32F1xx_HAL_Driver/Src/stm32f1xx_hal_rcc.c.obj
LOAD CMakeFiles/PWMOutput.elf.dir/Drivers/STM32F1xx_HAL_Driver/Src/stm32f1xx_hal_rcc_ex.c.obj
LOAD CMakeFiles/PWMOutput.elf.dir/Drivers/STM32F1xx_HAL_Driver/Src/stm32f1xx_hal_tim.c.obj
LOAD CMakeFiles/PWMOutput.elf.dir/Drivers/STM32F1xx_HAL_Driver/Src/stm32f1xx_hal_tim_ex.c.obj
LOAD CMakeFiles/PWMOutput.elf.dir/Drivers/STM32F1xx_HAL_Driver/Src/stm32f1xx_hal_uart.c.obj
LOAD CMakeFiles/PWMOutput.elf.dir/Src/main.c.obj
LOAD CMakeFiles/PWMOutput.elf.dir/Src/stm32f1xx_hal_msp.c.obj
LOAD CMakeFiles/PWMOutput.elf.dir/Src/stm32f1xx_it.c.obj
LOAD CMakeFiles/PWMOutput.elf.dir/Src/syscalls.c.obj
LOAD CMakeFiles/PWMOutput.elf.dir/Src/system_stm32f1xx.c.obj
LOAD CMakeFiles/PWMOutput.elf.dir/startup/startup_stm32f103xe.s.obj
START GROUP
LOAD /usr/local/Cellar/arm-none-eabi-gcc/8-2018-q4-major/gcc/bin/../lib/gcc/arm-none-eabi/8.2.1/thumb/v7-m/nofp/libgcc.a
LOAD /usr/local/Cellar/arm-none-eabi-gcc/8-2018-q4-major/gcc/bin/../lib/gcc/arm-none-eabi/8.2.1/../../../../arm-none-eabi/lib/thumb/v7-m/nofp/libg_nano.a
LOAD /usr/local/Cellar/arm-none-eabi-gcc/8-2018-q4-major/gcc/bin/../lib/gcc/arm-none-eabi/8.2.1/../../../../arm-none-eabi/lib/thumb/v7-m/nofp/libc_nano.a
END GROUP
START GROUP
LOAD /usr/local/Cellar/arm-none-eabi-gcc/8-2018-q4-major/gcc/bin/../lib/gcc/arm-none-eabi/8.2.1/thumb/v7-m/nofp/libgcc.a
LOAD /usr/local/Cellar/arm-none-eabi-gcc/8-2018-q4-major/gcc/bin/../lib/gcc/arm-none-eabi/8.2.1/../../../../arm-none-eabi/lib/thumb/v7-m/nofp/libc_nano.a
LOAD /usr/local/Cellar/arm-none-eabi-gcc/8-2018-q4-major/gcc/bin/../lib/gcc/arm-none-eabi/8.2.1/../../../../arm-none-eabi/lib/thumb/v7-m/nofp/libnosys.a
END GROUP
START GROUP
LOAD /usr/local/Cellar/arm-none-eabi-gcc/8-2018-q4-major/gcc/bin/../lib/gcc/arm-none-eabi/8.2.1/thumb/v7-m/nofp/libgcc.a
LOAD /usr/local/Cellar/arm-none-eabi-gcc/8-2018-q4-major/gcc/bin/../lib/gcc/arm-none-eabi/8.2.1/../../../../arm-none-eabi/lib/thumb/v7-m/nofp/libc_nano.a
LOAD /usr/local/Cellar/arm-none-eabi-gcc/8-2018-q4-major/gcc/bin/../lib/gcc/arm-none-eabi/8.2.1/../../../../arm-none-eabi/lib/thumb/v7-m/nofp/libnosys.a
END GROUP
LOAD /usr/local/Cellar/arm-none-eabi-gcc/8-2018-q4-major/gcc/bin/../lib/gcc/arm-none-eabi/8.2.1/thumb/v7-m/nofp/crtend.o
LOAD /usr/local/Cellar/arm-none-eabi-gcc/8-2018-q4-major/gcc/bin/../lib/gcc/arm-none-eabi/8.2.1/thumb/v7-m/nofp/crtn.o
                0x0000000020010000                _estack = 0x20010000
                0x0000000000000200                _Min_Heap_Size = 0x200
                0x0000000000000400                _Min_Stack_Size = 0x400

.isr_vector     0x0000000008000000      0x1e4
                0x0000000008000000                . = ALIGN (0x4)
 *(.isr_vector)
 .isr_vector    0x0000000008000000      0x1e4 CMakeFiles/PWMOutput.elf.dir/startup/startup_stm32f103xe.s.obj
                0x0000000008000000                g_pfnVectors
                0x00000000080001e4                . = ALIGN (0x4)

.text           0x00000000080001e4     0x29a8
                0x00000000080001e4                . = ALIGN (0x4)
 *(.text)
 .text          0x00000000080001e4       0x40 /usr/local/Cellar/arm-none-eabi-gcc/8-2018-q4-major/gcc/bin/../lib/gcc/arm-none-eabi/8.2.1/thumb/v7-m/nofp/crtbegin.o
 *(.text*)
 .text.HAL_Init
                0x0000000008000224       0x2c CMakeFiles/PWMOutput.elf.dir/Drivers/STM32F1xx_HAL_Driver/Src/stm32f1xx_hal.c.obj
                0x0000000008000224                HAL_Init
 .text.HAL_InitTick
                0x0000000008000250       0x60 CMakeFiles/PWMOutput.elf.dir/Drivers/STM32F1xx_HAL_Driver/Src/stm32f1xx_hal.c.obj
                0x0000000008000250                HAL_InitTick
 .text.HAL_IncTick
                0x00000000080002b0       0x24 CMakeFiles/PWMOutput.elf.dir/Drivers/STM32F1xx_HAL_Driver/Src/stm32f1xx_hal.c.obj
                0x00000000080002b0                HAL_IncTick
 .text.HAL_GetTick
                0x00000000080002d4       0x14 CMakeFiles/PWMOutput.elf.dir/Drivers/STM32F1xx_HAL_Driver/Src/stm32f1xx_hal.c.obj
                0x00000000080002d4                HAL_GetTick
 .text.__NVIC_SetPriorityGrouping
                0x00000000080002e8       0x48 CMakeFiles/PWMOutput.elf.dir/Drivers/STM32F1xx_HAL_Driver/Src/stm32f1xx_hal_cortex.c.obj
 .text.__NVIC_GetPriorityGrouping
                0x0000000008000330       0x1c CMakeFiles/PWMOutput.elf.dir/Drivers/STM32F1xx_HAL_Driver/Src/stm32f1xx_hal_cortex.c.obj
 .text.__NVIC_EnableIRQ
                0x000000000800034c       0x38 CMakeFiles/PWMOutput.elf.dir/Drivers/STM32F1xx_HAL_Driver/Src/stm32f1xx_hal_cortex.c.obj
 .text.__NVIC_SetPriority
                0x0000000008000384       0x54 CMakeFiles/PWMOutput.elf.dir/Drivers/STM32F1xx_HAL_Driver/Src/stm32f1xx_hal_cortex.c.obj
 .text.NVIC_EncodePriority
                0x00000000080003d8       0x64 CMakeFiles/PWMOutput.elf.dir/Drivers/STM32F1xx_HAL_Driver/Src/stm32f1xx_hal_cortex.c.obj
 .text.SysTick_Config
                0x000000000800043c       0x44 CMakeFiles/PWMOutput.elf.dir/Drivers/STM32F1xx_HAL_Driver/Src/stm32f1xx_hal_cortex.c.obj
 .text.HAL_NVIC_SetPriorityGrouping
                0x0000000008000480       0x16 CMakeFiles/PWMOutput.elf.dir/Drivers/STM32F1xx_HAL_Driver/Src/stm32f1xx_hal_cortex.c.obj
                0x0000000008000480                HAL_NVIC_SetPriorityGrouping
 .text.HAL_NVIC_SetPriority
                0x0000000008000496       0x38 CMakeFiles/PWMOutput.elf.dir/Drivers/STM32F1xx_HAL_Driver/Src/stm32f1xx_hal_cortex.c.obj
                0x0000000008000496                HAL_NVIC_SetPriority
 .text.HAL_NVIC_EnableIRQ
                0x00000000080004ce       0x1c CMakeFiles/PWMOutput.elf.dir/Drivers/STM32F1xx_HAL_Driver/Src/stm32f1xx_hal_cortex.c.obj
                0x00000000080004ce                HAL_NVIC_EnableIRQ
 .text.HAL_SYSTICK_Config
                0x00000000080004ea       0x18 CMakeFiles/PWMOutput.elf.dir/Drivers/STM32F1xx_HAL_Driver/Src/stm32f1xx_hal_cortex.c.obj
                0x00000000080004ea                HAL_SYSTICK_Config
 *fill*         0x0000000008000502        0x2 
 .text.HAL_DMA_Abort_IT
                0x0000000008000504      0x210 CMakeFiles/PWMOutput.elf.dir/Drivers/STM32F1xx_HAL_Driver/Src/stm32f1xx_hal_dma.c.obj
                0x0000000008000504                HAL_DMA_Abort_IT
 .text.HAL_GPIO_Init
                0x0000000008000714      0x2d4 CMakeFiles/PWMOutput.elf.dir/Drivers/STM32F1xx_HAL_Driver/Src/stm32f1xx_hal_gpio.c.obj
                0x0000000008000714                HAL_GPIO_Init
 .text.HAL_GPIO_WritePin
                0x00000000080009e8       0x30 CMakeFiles/PWMOutput.elf.dir/Drivers/STM32F1xx_HAL_Driver/Src/stm32f1xx_hal_gpio.c.obj
                0x00000000080009e8                HAL_GPIO_WritePin
 .text.HAL_GPIO_EXTI_IRQHandler
                0x0000000008000a18       0x30 CMakeFiles/PWMOutput.elf.dir/Drivers/STM32F1xx_HAL_Driver/Src/stm32f1xx_hal_gpio.c.obj
                0x0000000008000a18                HAL_GPIO_EXTI_IRQHandler
 .text.HAL_GPIO_EXTI_Callback
                0x0000000008000a48       0x14 CMakeFiles/PWMOutput.elf.dir/Drivers/STM32F1xx_HAL_Driver/Src/stm32f1xx_hal_gpio.c.obj
                0x0000000008000a48                HAL_GPIO_EXTI_Callback
 .text.HAL_RCC_OscConfig
                0x0000000008000a5c      0x500 CMakeFiles/PWMOutput.elf.dir/Drivers/STM32F1xx_HAL_Driver/Src/stm32f1xx_hal_rcc.c.obj
                0x0000000008000a5c                HAL_RCC_OscConfig
 .text.HAL_RCC_ClockConfig
                0x0000000008000f5c      0x1d4 CMakeFiles/PWMOutput.elf.dir/Drivers/STM32F1xx_HAL_Driver/Src/stm32f1xx_hal_rcc.c.obj
                0x0000000008000f5c                HAL_RCC_ClockConfig
 .text.HAL_RCC_GetSysClockFreq
                0x0000000008001130       0xc4 CMakeFiles/PWMOutput.elf.dir/Drivers/STM32F1xx_HAL_Driver/Src/stm32f1xx_hal_rcc.c.obj
                0x0000000008001130                HAL_RCC_GetSysClockFreq
 .text.HAL_RCC_GetHCLKFreq
                0x00000000080011f4       0x14 CMakeFiles/PWMOutput.elf.dir/Drivers/STM32F1xx_HAL_Driver/Src/stm32f1xx_hal_rcc.c.obj
                0x00000000080011f4                HAL_RCC_GetHCLKFreq
 .text.HAL_RCC_GetPCLK1Freq
                0x0000000008001208       0x28 CMakeFiles/PWMOutput.elf.dir/Drivers/STM32F1xx_HAL_Driver/Src/stm32f1xx_hal_rcc.c.obj
                0x0000000008001208                HAL_RCC_GetPCLK1Freq
 .text.HAL_RCC_GetPCLK2Freq
                0x0000000008001230       0x28 CMakeFiles/PWMOutput.elf.dir/Drivers/STM32F1xx_HAL_Driver/Src/stm32f1xx_hal_rcc.c.obj
                0x0000000008001230                HAL_RCC_GetPCLK2Freq
 .text.RCC_Delay
                0x0000000008001258       0x3c CMakeFiles/PWMOutput.elf.dir/Drivers/STM32F1xx_HAL_Driver/Src/stm32f1xx_hal_rcc.c.obj
 .text.HAL_TIM_Base_Init
                0x0000000008001294       0x56 CMakeFiles/PWMOutput.elf.dir/Drivers/STM32F1xx_HAL_Driver/Src/stm32f1xx_hal_tim.c.obj
                0x0000000008001294                HAL_TIM_Base_Init
 .text.HAL_TIM_PWM_Init
                0x00000000080012ea       0x56 CMakeFiles/PWMOutput.elf.dir/Drivers/STM32F1xx_HAL_Driver/Src/stm32f1xx_hal_tim.c.obj
                0x00000000080012ea                HAL_TIM_PWM_Init
 .text.HAL_TIM_PWM_MspInit
                0x0000000008001340       0x12 CMakeFiles/PWMOutput.elf.dir/Drivers/STM32F1xx_HAL_Driver/Src/stm32f1xx_hal_tim.c.obj
                0x0000000008001340                HAL_TIM_PWM_MspInit
 *fill*         0x0000000008001352        0x2 
 .text.HAL_TIM_PWM_Start
                0x0000000008001354       0x7c CMakeFiles/PWMOutput.elf.dir/Drivers/STM32F1xx_HAL_Driver/Src/stm32f1xx_hal_tim.c.obj
                0x0000000008001354                HAL_TIM_PWM_Start
 .text.HAL_TIM_PWM_ConfigChannel
                0x00000000080013d0      0x18c CMakeFiles/PWMOutput.elf.dir/Drivers/STM32F1xx_HAL_Driver/Src/stm32f1xx_hal_tim.c.obj
                0x00000000080013d0                HAL_TIM_PWM_ConfigChannel
 .text.HAL_TIM_ConfigClockSource
                0x000000000800155c      0x16e CMakeFiles/PWMOutput.elf.dir/Drivers/STM32F1xx_HAL_Driver/Src/stm32f1xx_hal_tim.c.obj
                0x000000000800155c                HAL_TIM_ConfigClockSource
 *fill*         0x00000000080016ca        0x2 
 .text.TIM_Base_SetConfig
                0x00000000080016cc       0xf4 CMakeFiles/PWMOutput.elf.dir/Drivers/STM32F1xx_HAL_Driver/Src/stm32f1xx_hal_tim.c.obj
                0x00000000080016cc                TIM_Base_SetConfig
 .text.TIM_OC1_SetConfig
                0x00000000080017c0       0xe0 CMakeFiles/PWMOutput.elf.dir/Drivers/STM32F1xx_HAL_Driver/Src/stm32f1xx_hal_tim.c.obj
 .text.TIM_OC2_SetConfig
                0x00000000080018a0       0xe8 CMakeFiles/PWMOutput.elf.dir/Drivers/STM32F1xx_HAL_Driver/Src/stm32f1xx_hal_tim.c.obj
                0x00000000080018a0                TIM_OC2_SetConfig
 .text.TIM_OC3_SetConfig
                0x0000000008001988       0xe8 CMakeFiles/PWMOutput.elf.dir/Drivers/STM32F1xx_HAL_Driver/Src/stm32f1xx_hal_tim.c.obj
 .text.TIM_OC4_SetConfig
                0x0000000008001a70       0xa8 CMakeFiles/PWMOutput.elf.dir/Drivers/STM32F1xx_HAL_Driver/Src/stm32f1xx_hal_tim.c.obj
 .text.TIM_TI1_ConfigInputStage
                0x0000000008001b18       0x5c CMakeFiles/PWMOutput.elf.dir/Drivers/STM32F1xx_HAL_Driver/Src/stm32f1xx_hal_tim.c.obj
 .text.TIM_TI2_ConfigInputStage
                0x0000000008001b74       0x5e CMakeFiles/PWMOutput.elf.dir/Drivers/STM32F1xx_HAL_Driver/Src/stm32f1xx_hal_tim.c.obj
 .text.TIM_ITRx_SetConfig
                0x0000000008001bd2       0x34 CMakeFiles/PWMOutput.elf.dir/Drivers/STM32F1xx_HAL_Driver/Src/stm32f1xx_hal_tim.c.obj
 .text.TIM_ETR_SetConfig
                0x0000000008001c06       0x3e CMakeFiles/PWMOutput.elf.dir/Drivers/STM32F1xx_HAL_Driver/Src/stm32f1xx_hal_tim.c.obj
                0x0000000008001c06                TIM_ETR_SetConfig
 .text.TIM_CCxChannelCmd
                0x0000000008001c44       0x48 CMakeFiles/PWMOutput.elf.dir/Drivers/STM32F1xx_HAL_Driver/Src/stm32f1xx_hal_tim.c.obj
                0x0000000008001c44                TIM_CCxChannelCmd
 .text.HAL_TIMEx_MasterConfigSynchronization
                0x0000000008001c8c       0x88 CMakeFiles/PWMOutput.elf.dir/Drivers/STM32F1xx_HAL_Driver/Src/stm32f1xx_hal_tim_ex.c.obj
                0x0000000008001c8c                HAL_TIMEx_MasterConfigSynchronization
 .text.HAL_TIMEx_ConfigBreakDeadTime
                0x0000000008001d14       0xa2 CMakeFiles/PWMOutput.elf.dir/Drivers/STM32F1xx_HAL_Driver/Src/stm32f1xx_hal_tim_ex.c.obj
                0x0000000008001d14                HAL_TIMEx_ConfigBreakDeadTime
 .text.HAL_UART_Init
                0x0000000008001db6       0x9a CMakeFiles/PWMOutput.elf.dir/Drivers/STM32F1xx_HAL_Driver/Src/stm32f1xx_hal_uart.c.obj
                0x0000000008001db6                HAL_UART_Init
 .text.HAL_UART_IRQHandler
                0x0000000008001e50      0x1f8 CMakeFiles/PWMOutput.elf.dir/Drivers/STM32F1xx_HAL_Driver/Src/stm32f1xx_hal_uart.c.obj
                0x0000000008001e50                HAL_UART_IRQHandler
 .text.HAL_UART_TxCpltCallback
                0x0000000008002048       0x12 CMakeFiles/PWMOutput.elf.dir/Drivers/STM32F1xx_HAL_Driver/Src/stm32f1xx_hal_uart.c.obj
                0x0000000008002048                HAL_UART_TxCpltCallback
 .text.HAL_UART_RxCpltCallback
                0x000000000800205a       0x12 CMakeFiles/PWMOutput.elf.dir/Drivers/STM32F1xx_HAL_Driver/Src/stm32f1xx_hal_uart.c.obj
                0x000000000800205a                HAL_UART_RxCpltCallback
 .text.HAL_UART_ErrorCallback
                0x000000000800206c       0x12 CMakeFiles/PWMOutput.elf.dir/Drivers/STM32F1xx_HAL_Driver/Src/stm32f1xx_hal_uart.c.obj
                0x000000000800206c                HAL_UART_ErrorCallback
 .text.UART_EndRxTransfer
                0x000000000800207e       0x3a CMakeFiles/PWMOutput.elf.dir/Drivers/STM32F1xx_HAL_Driver/Src/stm32f1xx_hal_uart.c.obj
 .text.UART_DMAAbortOnError
                0x00000000080020b8       0x28 CMakeFiles/PWMOutput.elf.dir/Drivers/STM32F1xx_HAL_Driver/Src/stm32f1xx_hal_uart.c.obj
 .text.UART_Transmit_IT
                0x00000000080020e0       0xaa CMakeFiles/PWMOutput.elf.dir/Drivers/STM32F1xx_HAL_Driver/Src/stm32f1xx_hal_uart.c.obj
 .text.UART_EndTransmit_IT
                0x000000000800218a       0x30 CMakeFiles/PWMOutput.elf.dir/Drivers/STM32F1xx_HAL_Driver/Src/stm32f1xx_hal_uart.c.obj
 .text.UART_Receive_IT
                0x00000000080021ba      0x102 CMakeFiles/PWMOutput.elf.dir/Drivers/STM32F1xx_HAL_Driver/Src/stm32f1xx_hal_uart.c.obj
 .text.UART_SetConfig
                0x00000000080022bc      0x1b4 CMakeFiles/PWMOutput.elf.dir/Drivers/STM32F1xx_HAL_Driver/Src/stm32f1xx_hal_uart.c.obj
 .text.main     0x0000000008002470       0x28 CMakeFiles/PWMOutput.elf.dir/Src/main.c.obj
                0x0000000008002470                main
 .text.SystemClock_Config
                0x0000000008002498       0x8a CMakeFiles/PWMOutput.elf.dir/Src/main.c.obj
                0x0000000008002498                SystemClock_Config
 *fill*         0x0000000008002522        0x2 
 .text.MX_TIM1_Init
                0x0000000008002524      0x140 CMakeFiles/PWMOutput.elf.dir/Src/main.c.obj
 .text.MX_USART1_UART_Init
                0x0000000008002664       0x54 CMakeFiles/PWMOutput.elf.dir/Src/main.c.obj
 .text.MX_GPIO_Init
                0x00000000080026b8      0x138 CMakeFiles/PWMOutput.elf.dir/Src/main.c.obj
 .text.Error_Handler
                0x00000000080027f0        0xc CMakeFiles/PWMOutput.elf.dir/Src/main.c.obj
                0x00000000080027f0                Error_Handler
 .text.HAL_MspInit
                0x00000000080027fc       0x64 CMakeFiles/PWMOutput.elf.dir/Src/stm32f1xx_hal_msp.c.obj
                0x00000000080027fc                HAL_MspInit
 .text.HAL_TIM_Base_MspInit
                0x0000000008002860       0x3c CMakeFiles/PWMOutput.elf.dir/Src/stm32f1xx_hal_msp.c.obj
                0x0000000008002860                HAL_TIM_Base_MspInit
 .text.HAL_TIM_MspPostInit
                0x000000000800289c       0x90 CMakeFiles/PWMOutput.elf.dir/Src/stm32f1xx_hal_msp.c.obj
                0x000000000800289c                HAL_TIM_MspPostInit
 .text.HAL_UART_MspInit
                0x000000000800292c       0xa8 CMakeFiles/PWMOutput.elf.dir/Src/stm32f1xx_hal_msp.c.obj
                0x000000000800292c                HAL_UART_MspInit
 .text.NMI_Handler
                0x00000000080029d4        0xc CMakeFiles/PWMOutput.elf.dir/Src/stm32f1xx_it.c.obj
                0x00000000080029d4                NMI_Handler
 .text.HardFault_Handler
                0x00000000080029e0        0x6 CMakeFiles/PWMOutput.elf.dir/Src/stm32f1xx_it.c.obj
                0x00000000080029e0                HardFault_Handler
 .text.MemManage_Handler
                0x00000000080029e6        0x6 CMakeFiles/PWMOutput.elf.dir/Src/stm32f1xx_it.c.obj
                0x00000000080029e6                MemManage_Handler
 .text.BusFault_Handler
                0x00000000080029ec        0x6 CMakeFiles/PWMOutput.elf.dir/Src/stm32f1xx_it.c.obj
                0x00000000080029ec                BusFault_Handler
 .text.UsageFault_Handler
                0x00000000080029f2        0x6 CMakeFiles/PWMOutput.elf.dir/Src/stm32f1xx_it.c.obj
                0x00000000080029f2                UsageFault_Handler
 .text.SVC_Handler
                0x00000000080029f8        0xc CMakeFiles/PWMOutput.elf.dir/Src/stm32f1xx_it.c.obj
                0x00000000080029f8                SVC_Handler
 .text.DebugMon_Handler
                0x0000000008002a04        0xc CMakeFiles/PWMOutput.elf.dir/Src/stm32f1xx_it.c.obj
                0x0000000008002a04                DebugMon_Handler
 .text.PendSV_Handler
                0x0000000008002a10        0xc CMakeFiles/PWMOutput.elf.dir/Src/stm32f1xx_it.c.obj
                0x0000000008002a10                PendSV_Handler
 .text.SysTick_Handler
                0x0000000008002a1c        0xc CMakeFiles/PWMOutput.elf.dir/Src/stm32f1xx_it.c.obj
                0x0000000008002a1c                SysTick_Handler
 .text.EXTI0_IRQHandler
                0x0000000008002a28        0xe CMakeFiles/PWMOutput.elf.dir/Src/stm32f1xx_it.c.obj
                0x0000000008002a28                EXTI0_IRQHandler
 .text.EXTI3_IRQHandler
                0x0000000008002a36        0xe CMakeFiles/PWMOutput.elf.dir/Src/stm32f1xx_it.c.obj
                0x0000000008002a36                EXTI3_IRQHandler
 .text.EXTI4_IRQHandler
                0x0000000008002a44        0xe CMakeFiles/PWMOutput.elf.dir/Src/stm32f1xx_it.c.obj
                0x0000000008002a44                EXTI4_IRQHandler
 *fill*         0x0000000008002a52        0x2 
 .text.USART1_IRQHandler
                0x0000000008002a54       0x14 CMakeFiles/PWMOutput.elf.dir/Src/stm32f1xx_it.c.obj
                0x0000000008002a54                USART1_IRQHandler
 .text.SystemInit
                0x0000000008002a68       0x68 CMakeFiles/PWMOutput.elf.dir/Src/system_stm32f1xx.c.obj
                0x0000000008002a68                SystemInit
 .text.Reset_Handler
                0x0000000008002ad0       0x48 CMakeFiles/PWMOutput.elf.dir/startup/startup_stm32f103xe.s.obj
                0x0000000008002ad0                Reset_Handler
 .text.Default_Handler
                0x0000000008002b18        0x2 CMakeFiles/PWMOutput.elf.dir/startup/startup_stm32f103xe.s.obj
                0x0000000008002b18                DMA2_Channel3_IRQHandler
                0x0000000008002b18                EXTI2_IRQHandler
                0x0000000008002b18                TIM8_TRG_COM_IRQHandler
                0x0000000008002b18                TIM8_CC_IRQHandler
                0x0000000008002b18                TIM1_CC_IRQHandler
                0x0000000008002b18                TIM6_IRQHandler
                0x0000000008002b18                PVD_IRQHandler
                0x0000000008002b18                SDIO_IRQHandler
                0x0000000008002b18                I2C2_EV_IRQHandler
                0x0000000008002b18                ADC1_2_IRQHandler
                0x0000000008002b18                SPI1_IRQHandler
                0x0000000008002b18                TAMPER_IRQHandler
                0x0000000008002b18                TIM8_UP_IRQHandler
                0x0000000008002b18                DMA2_Channel2_IRQHandler
                0x0000000008002b18                DMA1_Channel4_IRQHandler
                0x0000000008002b18                USART3_IRQHandler
                0x0000000008002b18                RTC_IRQHandler
                0x0000000008002b18                DMA1_Channel7_IRQHandler
                0x0000000008002b18                CAN1_RX1_IRQHandler
                0x0000000008002b18                UART5_IRQHandler
                0x0000000008002b18                ADC3_IRQHandler
                0x0000000008002b18                TIM4_IRQHandler
                0x0000000008002b18                DMA2_Channel1_IRQHandler
                0x0000000008002b18                I2C1_EV_IRQHandler
                0x0000000008002b18                DMA1_Channel6_IRQHandler
                0x0000000008002b18                UART4_IRQHandler
                0x0000000008002b18                TIM3_IRQHandler
                0x0000000008002b18                RCC_IRQHandler
                0x0000000008002b18                TIM1_TRG_COM_IRQHandler
                0x0000000008002b18                DMA1_Channel1_IRQHandler
                0x0000000008002b18                Default_Handler
                0x0000000008002b18                EXTI15_10_IRQHandler
                0x0000000008002b18                TIM7_IRQHandler
                0x0000000008002b18                TIM5_IRQHandler
                0x0000000008002b18                EXTI9_5_IRQHandler
                0x0000000008002b18                SPI2_IRQHandler
                0x0000000008002b18                DMA1_Channel5_IRQHandler
                0x0000000008002b18                USB_LP_CAN1_RX0_IRQHandler
                0x0000000008002b18                USB_HP_CAN1_TX_IRQHandler
                0x0000000008002b18                DMA1_Channel3_IRQHandler
                0x0000000008002b18                FSMC_IRQHandler
                0x0000000008002b18                TIM1_UP_IRQHandler
                0x0000000008002b18                WWDG_IRQHandler
                0x0000000008002b18                TIM2_IRQHandler
                0x0000000008002b18                TIM1_BRK_IRQHandler
                0x0000000008002b18                EXTI1_IRQHandler
                0x0000000008002b18                DMA2_Channel4_5_IRQHandler
                0x0000000008002b18                USART2_IRQHandler
                0x0000000008002b18                I2C2_ER_IRQHandler
                0x0000000008002b18                DMA1_Channel2_IRQHandler
                0x0000000008002b18                TIM8_BRK_IRQHandler
                0x0000000008002b18                CAN1_SCE_IRQHandler
                0x0000000008002b18                FLASH_IRQHandler
                0x0000000008002b18                SPI3_IRQHandler
                0x0000000008002b18                I2C1_ER_IRQHandler
                0x0000000008002b18                USBWakeUp_IRQHandler
                0x0000000008002b18                RTC_Alarm_IRQHandler
 *fill*         0x0000000008002b1a        0x2 
 .text.__libc_init_array
                0x0000000008002b1c       0x48 /usr/local/Cellar/arm-none-eabi-gcc/8-2018-q4-major/gcc/bin/../lib/gcc/arm-none-eabi/8.2.1/../../../../arm-none-eabi/lib/thumb/v7-m/nofp/libg_nano.a(lib_a-init.o)
                0x0000000008002b1c                __libc_init_array
 .text.memset   0x0000000008002b64       0x10 /usr/local/Cellar/arm-none-eabi-gcc/8-2018-q4-major/gcc/bin/../lib/gcc/arm-none-eabi/8.2.1/../../../../arm-none-eabi/lib/thumb/v7-m/nofp/libg_nano.a(lib_a-memset.o)
                0x0000000008002b64                memset
 *(.glue_7)
 .glue_7        0x0000000008002b74        0x0 linker stubs
 *(.glue_7t)
 .glue_7t       0x0000000008002b74        0x0 linker stubs
 *(.eh_frame)
 .eh_frame      0x0000000008002b74        0x0 /usr/local/Cellar/arm-none-eabi-gcc/8-2018-q4-major/gcc/bin/../lib/gcc/arm-none-eabi/8.2.1/thumb/v7-m/nofp/crtbegin.o
 *(.init)
 .init          0x0000000008002b74        0x4 /usr/local/Cellar/arm-none-eabi-gcc/8-2018-q4-major/gcc/bin/../lib/gcc/arm-none-eabi/8.2.1/thumb/v7-m/nofp/crti.o
                0x0000000008002b74                _init
 .init          0x0000000008002b78        0x8 /usr/local/Cellar/arm-none-eabi-gcc/8-2018-q4-major/gcc/bin/../lib/gcc/arm-none-eabi/8.2.1/thumb/v7-m/nofp/crtn.o
 *(.fini)
 .fini          0x0000000008002b80        0x4 /usr/local/Cellar/arm-none-eabi-gcc/8-2018-q4-major/gcc/bin/../lib/gcc/arm-none-eabi/8.2.1/thumb/v7-m/nofp/crti.o
                0x0000000008002b80                _fini
 .fini          0x0000000008002b84        0x8 /usr/local/Cellar/arm-none-eabi-gcc/8-2018-q4-major/gcc/bin/../lib/gcc/arm-none-eabi/8.2.1/thumb/v7-m/nofp/crtn.o
                0x0000000008002b8c                . = ALIGN (0x4)
                0x0000000008002b8c                _etext = .

.vfp11_veneer   0x0000000008002b8c        0x0
 .vfp11_veneer  0x0000000008002b8c        0x0 linker stubs

.v4_bx          0x0000000008002b8c        0x0
 .v4_bx         0x0000000008002b8c        0x0 linker stubs

.iplt           0x0000000008002b8c        0x0
 .iplt          0x0000000008002b8c        0x0 /usr/local/Cellar/arm-none-eabi-gcc/8-2018-q4-major/gcc/bin/../lib/gcc/arm-none-eabi/8.2.1/thumb/v7-m/nofp/crtbegin.o

.rodata         0x0000000008002b8c       0x2c
                0x0000000008002b8c                . = ALIGN (0x4)
 *(.rodata)
 .rodata        0x0000000008002b8c       0x12 CMakeFiles/PWMOutput.elf.dir/Drivers/STM32F1xx_HAL_Driver/Src/stm32f1xx_hal_rcc.c.obj
 *(.rodata*)
 *fill*         0x0000000008002b9e        0x2 
 .rodata.AHBPrescTable
                0x0000000008002ba0       0x10 CMakeFiles/PWMOutput.elf.dir/Src/system_stm32f1xx.c.obj
                0x0000000008002ba0                AHBPrescTable
 .rodata.APBPrescTable
                0x0000000008002bb0        0x8 CMakeFiles/PWMOutput.elf.dir/Src/system_stm32f1xx.c.obj
                0x0000000008002bb0                APBPrescTable
                0x0000000008002bb8                . = ALIGN (0x4)

.rel.dyn        0x0000000008002bb8        0x0
 .rel.iplt      0x0000000008002bb8        0x0 /usr/local/Cellar/arm-none-eabi-gcc/8-2018-q4-major/gcc/bin/../lib/gcc/arm-none-eabi/8.2.1/thumb/v7-m/nofp/crtbegin.o

.ARM.extab
 *(.ARM.extab* .gnu.linkonce.armextab.*)

.ARM            0x0000000008002bb8        0x0
                0x0000000008002bb8                __exidx_start = .
 *(.ARM.exidx*)
                0x0000000008002bb8                __exidx_end = .

.preinit_array  0x0000000008002bb8        0x0
                0x0000000008002bb8                PROVIDE (__preinit_array_start = .)
 *(.preinit_array*)
                0x0000000008002bb8                PROVIDE (__preinit_array_end = .)

.init_array     0x0000000008002bb8        0x4
                0x0000000008002bb8                PROVIDE (__init_array_start = .)
 *(SORT_BY_NAME(.init_array.*))
 *(.init_array*)
 .init_array    0x0000000008002bb8        0x4 /usr/local/Cellar/arm-none-eabi-gcc/8-2018-q4-major/gcc/bin/../lib/gcc/arm-none-eabi/8.2.1/thumb/v7-m/nofp/crtbegin.o
                0x0000000008002bbc                PROVIDE (__init_array_end = .)

.fini_array     0x0000000008002bbc        0x4
                [!provide]                        PROVIDE (__fini_array_start = .)
 *(SORT_BY_NAME(.fini_array.*))
 *(.fini_array*)
 .fini_array    0x0000000008002bbc        0x4 /usr/local/Cellar/arm-none-eabi-gcc/8-2018-q4-major/gcc/bin/../lib/gcc/arm-none-eabi/8.2.1/thumb/v7-m/nofp/crtbegin.o
                [!provide]                        PROVIDE (__fini_array_end = .)
                0x0000000008002bc0                _sidata = LOADADDR (.data)

.data           0x0000000020000000        0xc load address 0x0000000008002bc0
                0x0000000020000000                . = ALIGN (0x4)
                0x0000000020000000                _sdata = .
 *(.data)
 *(.data*)
 .data.uwTickPrio
                0x0000000020000000        0x4 CMakeFiles/PWMOutput.elf.dir/Drivers/STM32F1xx_HAL_Driver/Src/stm32f1xx_hal.c.obj
                0x0000000020000000                uwTickPrio
 .data.uwTickFreq
                0x0000000020000004        0x1 CMakeFiles/PWMOutput.elf.dir/Drivers/STM32F1xx_HAL_Driver/Src/stm32f1xx_hal.c.obj
                0x0000000020000004                uwTickFreq
 *fill*         0x0000000020000005        0x3 
 .data.SystemCoreClock
                0x0000000020000008        0x4 CMakeFiles/PWMOutput.elf.dir/Src/system_stm32f1xx.c.obj
                0x0000000020000008                SystemCoreClock
                0x000000002000000c                . = ALIGN (0x4)
                0x000000002000000c                _edata = .

.igot.plt       0x000000002000000c        0x0 load address 0x0000000008002bcc
 .igot.plt      0x000000002000000c        0x0 /usr/local/Cellar/arm-none-eabi-gcc/8-2018-q4-major/gcc/bin/../lib/gcc/arm-none-eabi/8.2.1/thumb/v7-m/nofp/crtbegin.o
                0x000000002000000c                . = ALIGN (0x4)

.bss            0x000000002000000c       0xa0 load address 0x0000000008002bcc
                0x000000002000000c                _sbss = .
                0x000000002000000c                __bss_start__ = _sbss
 *(.bss)
 .bss           0x000000002000000c       0x1c /usr/local/Cellar/arm-none-eabi-gcc/8-2018-q4-major/gcc/bin/../lib/gcc/arm-none-eabi/8.2.1/thumb/v7-m/nofp/crtbegin.o
 *(.bss*)
 .bss.uwTick    0x0000000020000028        0x4 CMakeFiles/PWMOutput.elf.dir/Drivers/STM32F1xx_HAL_Driver/Src/stm32f1xx_hal.c.obj
                0x0000000020000028                uwTick
 .bss.htim1     0x000000002000002c       0x40 CMakeFiles/PWMOutput.elf.dir/Src/main.c.obj
                0x000000002000002c                htim1
 .bss.huart1    0x000000002000006c       0x40 CMakeFiles/PWMOutput.elf.dir/Src/main.c.obj
                0x000000002000006c                huart1
 *(COMMON)
                0x00000000200000ac                . = ALIGN (0x4)
                0x00000000200000ac                _ebss = .
                0x00000000200000ac                __bss_end__ = _ebss

._user_heap_stack
                0x00000000200000ac      0x604 load address 0x0000000008002bcc
                0x00000000200000b0                . = ALIGN (0x8)
 *fill*         0x00000000200000ac        0x4 
                0x00000000200000b0                PROVIDE (end = .)
                [!provide]                        PROVIDE (_end = .)
                0x00000000200002b0                . = (. + _Min_Heap_Size)
 *fill*         0x00000000200000b0      0x200 
                0x00000000200006b0                . = (. + _Min_Stack_Size)
 *fill*         0x00000000200002b0      0x400 
                0x00000000200006b0                . = ALIGN (0x8)

/DISCARD/
 libc.a(*)
 libm.a(*)
 libgcc.a(*)

.ARM.attributes
                0x0000000000000000       0x29
 *(.ARM.attributes)
 .ARM.attributes
                0x0000000000000000       0x1d /usr/local/Cellar/arm-none-eabi-gcc/8-2018-q4-major/gcc/bin/../lib/gcc/arm-none-eabi/8.2.1/thumb/v7-m/nofp/crti.o
 .ARM.attributes
                0x000000000000001d       0x2d /usr/local/Cellar/arm-none-eabi-gcc/8-2018-q4-major/gcc/bin/../lib/gcc/arm-none-eabi/8.2.1/thumb/v7-m/nofp/crtbegin.o
 .ARM.attributes
                0x000000000000004a       0x2d CMakeFiles/PWMOutput.elf.dir/Drivers/STM32F1xx_HAL_Driver/Src/stm32f1xx_hal.c.obj
 .ARM.attributes
                0x0000000000000077       0x2d CMakeFiles/PWMOutput.elf.dir/Drivers/STM32F1xx_HAL_Driver/Src/stm32f1xx_hal_cortex.c.obj
 .ARM.attributes
                0x00000000000000a4       0x2d CMakeFiles/PWMOutput.elf.dir/Drivers/STM32F1xx_HAL_Driver/Src/stm32f1xx_hal_dma.c.obj
 .ARM.attributes
                0x00000000000000d1       0x2d CMakeFiles/PWMOutput.elf.dir/Drivers/STM32F1xx_HAL_Driver/Src/stm32f1xx_hal_gpio.c.obj
 .ARM.attributes
                0x00000000000000fe       0x2d CMakeFiles/PWMOutput.elf.dir/Drivers/STM32F1xx_HAL_Driver/Src/stm32f1xx_hal_rcc.c.obj
 .ARM.attributes
                0x000000000000012b       0x2d CMakeFiles/PWMOutput.elf.dir/Drivers/STM32F1xx_HAL_Driver/Src/stm32f1xx_hal_tim.c.obj
 .ARM.attributes
                0x0000000000000158       0x2d CMakeFiles/PWMOutput.elf.dir/Drivers/STM32F1xx_HAL_Driver/Src/stm32f1xx_hal_tim_ex.c.obj
 .ARM.attributes
                0x0000000000000185       0x2d CMakeFiles/PWMOutput.elf.dir/Drivers/STM32F1xx_HAL_Driver/Src/stm32f1xx_hal_uart.c.obj
 .ARM.attributes
                0x00000000000001b2       0x2d CMakeFiles/PWMOutput.elf.dir/Src/main.c.obj
 .ARM.attributes
                0x00000000000001df       0x2d CMakeFiles/PWMOutput.elf.dir/Src/stm32f1xx_hal_msp.c.obj
 .ARM.attributes
                0x000000000000020c       0x2d CMakeFiles/PWMOutput.elf.dir/Src/stm32f1xx_it.c.obj
 .ARM.attributes
                0x0000000000000239       0x2d CMakeFiles/PWMOutput.elf.dir/Src/system_stm32f1xx.c.obj
 .ARM.attributes
                0x0000000000000266       0x21 CMakeFiles/PWMOutput.elf.dir/startup/startup_stm32f103xe.s.obj
 .ARM.attributes
                0x0000000000000287       0x2d /usr/local/Cellar/arm-none-eabi-gcc/8-2018-q4-major/gcc/bin/../lib/gcc/arm-none-eabi/8.2.1/../../../../arm-none-eabi/lib/thumb/v7-m/nofp/libg_nano.a(lib_a-init.o)
 .ARM.attributes
                0x00000000000002b4       0x2d /usr/local/Cellar/arm-none-eabi-gcc/8-2018-q4-major/gcc/bin/../lib/gcc/arm-none-eabi/8.2.1/../../../../arm-none-eabi/lib/thumb/v7-m/nofp/libg_nano.a(lib_a-memset.o)
 .ARM.attributes
                0x00000000000002e1       0x1d /usr/local/Cellar/arm-none-eabi-gcc/8-2018-q4-major/gcc/bin/../lib/gcc/arm-none-eabi/8.2.1/thumb/v7-m/nofp/crtn.o
OUTPUT(PWMOutput.elf elf32-littlearm)

.debug_info     0x0000000000000000     0x9f22
 .debug_info    0x0000000000000000      0x7ad CMakeFiles/PWMOutput.elf.dir/Drivers/STM32F1xx_HAL_Driver/Src/stm32f1xx_hal.c.obj
 .debug_info    0x00000000000007ad      0xc2b CMakeFiles/PWMOutput.elf.dir/Drivers/STM32F1xx_HAL_Driver/Src/stm32f1xx_hal_cortex.c.obj
 .debug_info    0x00000000000013d8      0x807 CMakeFiles/PWMOutput.elf.dir/Drivers/STM32F1xx_HAL_Driver/Src/stm32f1xx_hal_dma.c.obj
 .debug_info    0x0000000000001bdf      0x6da CMakeFiles/PWMOutput.elf.dir/Drivers/STM32F1xx_HAL_Driver/Src/stm32f1xx_hal_gpio.c.obj
 .debug_info    0x00000000000022b9      0x877 CMakeFiles/PWMOutput.elf.dir/Drivers/STM32F1xx_HAL_Driver/Src/stm32f1xx_hal_rcc.c.obj
 .debug_info    0x0000000000002b30     0x2669 CMakeFiles/PWMOutput.elf.dir/Drivers/STM32F1xx_HAL_Driver/Src/stm32f1xx_hal_tim.c.obj
 .debug_info    0x0000000000005199     0x11fb CMakeFiles/PWMOutput.elf.dir/Drivers/STM32F1xx_HAL_Driver/Src/stm32f1xx_hal_tim_ex.c.obj
 .debug_info    0x0000000000006394     0x12db CMakeFiles/PWMOutput.elf.dir/Drivers/STM32F1xx_HAL_Driver/Src/stm32f1xx_hal_uart.c.obj
 .debug_info    0x000000000000766f      0xfac CMakeFiles/PWMOutput.elf.dir/Src/main.c.obj
 .debug_info    0x000000000000861b      0xdc2 CMakeFiles/PWMOutput.elf.dir/Src/stm32f1xx_hal_msp.c.obj
 .debug_info    0x00000000000093dd      0x6c1 CMakeFiles/PWMOutput.elf.dir/Src/stm32f1xx_it.c.obj
 .debug_info    0x0000000000009a9e      0x462 CMakeFiles/PWMOutput.elf.dir/Src/system_stm32f1xx.c.obj
 .debug_info    0x0000000000009f00       0x22 CMakeFiles/PWMOutput.elf.dir/startup/startup_stm32f103xe.s.obj

.debug_abbrev   0x0000000000000000     0x1976
 .debug_abbrev  0x0000000000000000      0x1fd CMakeFiles/PWMOutput.elf.dir/Drivers/STM32F1xx_HAL_Driver/Src/stm32f1xx_hal.c.obj
 .debug_abbrev  0x00000000000001fd      0x310 CMakeFiles/PWMOutput.elf.dir/Drivers/STM32F1xx_HAL_Driver/Src/stm32f1xx_hal_cortex.c.obj
 .debug_abbrev  0x000000000000050d      0x225 CMakeFiles/PWMOutput.elf.dir/Drivers/STM32F1xx_HAL_Driver/Src/stm32f1xx_hal_dma.c.obj
 .debug_abbrev  0x0000000000000732      0x1e5 CMakeFiles/PWMOutput.elf.dir/Drivers/STM32F1xx_HAL_Driver/Src/stm32f1xx_hal_gpio.c.obj
 .debug_abbrev  0x0000000000000917      0x270 CMakeFiles/PWMOutput.elf.dir/Drivers/STM32F1xx_HAL_Driver/Src/stm32f1xx_hal_rcc.c.obj
 .debug_abbrev  0x0000000000000b87      0x25b CMakeFiles/PWMOutput.elf.dir/Drivers/STM32F1xx_HAL_Driver/Src/stm32f1xx_hal_tim.c.obj
 .debug_abbrev  0x0000000000000de2      0x249 CMakeFiles/PWMOutput.elf.dir/Drivers/STM32F1xx_HAL_Driver/Src/stm32f1xx_hal_tim_ex.c.obj
 .debug_abbrev  0x000000000000102b      0x26d CMakeFiles/PWMOutput.elf.dir/Drivers/STM32F1xx_HAL_Driver/Src/stm32f1xx_hal_uart.c.obj
 .debug_abbrev  0x0000000000001298      0x240 CMakeFiles/PWMOutput.elf.dir/Src/main.c.obj
 .debug_abbrev  0x00000000000014d8      0x1e1 CMakeFiles/PWMOutput.elf.dir/Src/stm32f1xx_hal_msp.c.obj
 .debug_abbrev  0x00000000000016b9      0x160 CMakeFiles/PWMOutput.elf.dir/Src/stm32f1xx_it.c.obj
 .debug_abbrev  0x0000000000001819      0x14b CMakeFiles/PWMOutput.elf.dir/Src/system_stm32f1xx.c.obj
 .debug_abbrev  0x0000000000001964       0x12 CMakeFiles/PWMOutput.elf.dir/startup/startup_stm32f103xe.s.obj

.debug_aranges  0x0000000000000000      0xb70
 .debug_aranges
                0x0000000000000000       0xe0 CMakeFiles/PWMOutput.elf.dir/Drivers/STM32F1xx_HAL_Driver/Src/stm32f1xx_hal.c.obj
 .debug_aranges
                0x00000000000000e0      0x100 CMakeFiles/PWMOutput.elf.dir/Drivers/STM32F1xx_HAL_Driver/Src/stm32f1xx_hal_cortex.c.obj
 .debug_aranges
                0x00000000000001e0       0x80 CMakeFiles/PWMOutput.elf.dir/Drivers/STM32F1xx_HAL_Driver/Src/stm32f1xx_hal_dma.c.obj
 .debug_aranges
                0x0000000000000260       0x58 CMakeFiles/PWMOutput.elf.dir/Drivers/STM32F1xx_HAL_Driver/Src/stm32f1xx_hal_gpio.c.obj
 .debug_aranges
                0x00000000000002b8       0x90 CMakeFiles/PWMOutput.elf.dir/Drivers/STM32F1xx_HAL_Driver/Src/stm32f1xx_hal_rcc.c.obj
 .debug_aranges
                0x0000000000000348      0x3a8 CMakeFiles/PWMOutput.elf.dir/Drivers/STM32F1xx_HAL_Driver/Src/stm32f1xx_hal_tim.c.obj
 .debug_aranges
                0x00000000000006f0      0x150 CMakeFiles/PWMOutput.elf.dir/Drivers/STM32F1xx_HAL_Driver/Src/stm32f1xx_hal_tim_ex.c.obj
 .debug_aranges
                0x0000000000000840      0x1d0 CMakeFiles/PWMOutput.elf.dir/Drivers/STM32F1xx_HAL_Driver/Src/stm32f1xx_hal_uart.c.obj
 .debug_aranges
                0x0000000000000a10       0x48 CMakeFiles/PWMOutput.elf.dir/Src/main.c.obj
 .debug_aranges
                0x0000000000000a58       0x48 CMakeFiles/PWMOutput.elf.dir/Src/stm32f1xx_hal_msp.c.obj
 .debug_aranges
                0x0000000000000aa0       0x80 CMakeFiles/PWMOutput.elf.dir/Src/stm32f1xx_it.c.obj
 .debug_aranges
                0x0000000000000b20       0x28 CMakeFiles/PWMOutput.elf.dir/Src/system_stm32f1xx.c.obj
 .debug_aranges
                0x0000000000000b48       0x28 CMakeFiles/PWMOutput.elf.dir/startup/startup_stm32f103xe.s.obj

.debug_ranges   0x0000000000000000      0xaa8
 .debug_ranges  0x0000000000000000       0xd0 CMakeFiles/PWMOutput.elf.dir/Drivers/STM32F1xx_HAL_Driver/Src/stm32f1xx_hal.c.obj
 .debug_ranges  0x00000000000000d0       0xf0 CMakeFiles/PWMOutput.elf.dir/Drivers/STM32F1xx_HAL_Driver/Src/stm32f1xx_hal_cortex.c.obj
 .debug_ranges  0x00000000000001c0       0x70 CMakeFiles/PWMOutput.elf.dir/Drivers/STM32F1xx_HAL_Driver/Src/stm32f1xx_hal_dma.c.obj
 .debug_ranges  0x0000000000000230       0x48 CMakeFiles/PWMOutput.elf.dir/Drivers/STM32F1xx_HAL_Driver/Src/stm32f1xx_hal_gpio.c.obj
 .debug_ranges  0x0000000000000278       0x80 CMakeFiles/PWMOutput.elf.dir/Drivers/STM32F1xx_HAL_Driver/Src/stm32f1xx_hal_rcc.c.obj
 .debug_ranges  0x00000000000002f8      0x398 CMakeFiles/PWMOutput.elf.dir/Drivers/STM32F1xx_HAL_Driver/Src/stm32f1xx_hal_tim.c.obj
 .debug_ranges  0x0000000000000690      0x140 CMakeFiles/PWMOutput.elf.dir/Drivers/STM32F1xx_HAL_Driver/Src/stm32f1xx_hal_tim_ex.c.obj
 .debug_ranges  0x00000000000007d0      0x1c0 CMakeFiles/PWMOutput.elf.dir/Drivers/STM32F1xx_HAL_Driver/Src/stm32f1xx_hal_uart.c.obj
 .debug_ranges  0x0000000000000990       0x38 CMakeFiles/PWMOutput.elf.dir/Src/main.c.obj
 .debug_ranges  0x00000000000009c8       0x38 CMakeFiles/PWMOutput.elf.dir/Src/stm32f1xx_hal_msp.c.obj
 .debug_ranges  0x0000000000000a00       0x70 CMakeFiles/PWMOutput.elf.dir/Src/stm32f1xx_it.c.obj
 .debug_ranges  0x0000000000000a70       0x18 CMakeFiles/PWMOutput.elf.dir/Src/system_stm32f1xx.c.obj
 .debug_ranges  0x0000000000000a88       0x20 CMakeFiles/PWMOutput.elf.dir/startup/startup_stm32f103xe.s.obj

.debug_line     0x0000000000000000     0x85d6
 .debug_line    0x0000000000000000      0x59e CMakeFiles/PWMOutput.elf.dir/Drivers/STM32F1xx_HAL_Driver/Src/stm32f1xx_hal.c.obj
 .debug_line    0x000000000000059e      0x778 CMakeFiles/PWMOutput.elf.dir/Drivers/STM32F1xx_HAL_Driver/Src/stm32f1xx_hal_cortex.c.obj
 .debug_line    0x0000000000000d16      0xef4 CMakeFiles/PWMOutput.elf.dir/Drivers/STM32F1xx_HAL_Driver/Src/stm32f1xx_hal_dma.c.obj
 .debug_line    0x0000000000001c0a      0x69f CMakeFiles/PWMOutput.elf.dir/Drivers/STM32F1xx_HAL_Driver/Src/stm32f1xx_hal_gpio.c.obj
 .debug_line    0x00000000000022a9      0xa0a CMakeFiles/PWMOutput.elf.dir/Drivers/STM32F1xx_HAL_Driver/Src/stm32f1xx_hal_rcc.c.obj
 .debug_line    0x0000000000002cb3     0x2628 CMakeFiles/PWMOutput.elf.dir/Drivers/STM32F1xx_HAL_Driver/Src/stm32f1xx_hal_tim.c.obj
 .debug_line    0x00000000000052db      0xdc8 CMakeFiles/PWMOutput.elf.dir/Drivers/STM32F1xx_HAL_Driver/Src/stm32f1xx_hal_tim_ex.c.obj
 .debug_line    0x00000000000060a3     0x13c6 CMakeFiles/PWMOutput.elf.dir/Drivers/STM32F1xx_HAL_Driver/Src/stm32f1xx_hal_uart.c.obj
 .debug_line    0x0000000000007469      0x501 CMakeFiles/PWMOutput.elf.dir/Src/main.c.obj
 .debug_line    0x000000000000796a      0x404 CMakeFiles/PWMOutput.elf.dir/Src/stm32f1xx_hal_msp.c.obj
 .debug_line    0x0000000000007d6e      0x423 CMakeFiles/PWMOutput.elf.dir/Src/stm32f1xx_it.c.obj
 .debug_line    0x0000000000008191      0x387 CMakeFiles/PWMOutput.elf.dir/Src/system_stm32f1xx.c.obj
 .debug_line    0x0000000000008518       0xbe CMakeFiles/PWMOutput.elf.dir/startup/startup_stm32f103xe.s.obj

.debug_str      0x0000000000000000     0x376c
 .debug_str     0x0000000000000000      0x92d CMakeFiles/PWMOutput.elf.dir/Drivers/STM32F1xx_HAL_Driver/Src/stm32f1xx_hal.c.obj
                                        0x991 (size before relaxing)
 .debug_str     0x000000000000092d      0x44b CMakeFiles/PWMOutput.elf.dir/Drivers/STM32F1xx_HAL_Driver/Src/stm32f1xx_hal_cortex.c.obj
                                        0xaf8 (size before relaxing)
 .debug_str     0x0000000000000d78      0x431 CMakeFiles/PWMOutput.elf.dir/Drivers/STM32F1xx_HAL_Driver/Src/stm32f1xx_hal_dma.c.obj
                                        0x756 (size before relaxing)
 .debug_str     0x00000000000011a9      0x20b CMakeFiles/PWMOutput.elf.dir/Drivers/STM32F1xx_HAL_Driver/Src/stm32f1xx_hal_gpio.c.obj
                                        0x565 (size before relaxing)
 .debug_str     0x00000000000013b4      0x36b CMakeFiles/PWMOutput.elf.dir/Drivers/STM32F1xx_HAL_Driver/Src/stm32f1xx_hal_rcc.c.obj
                                        0x720 (size before relaxing)
 .debug_str     0x000000000000171f     0x1006 CMakeFiles/PWMOutput.elf.dir/Drivers/STM32F1xx_HAL_Driver/Src/stm32f1xx_hal_tim.c.obj
                                       0x1543 (size before relaxing)
 .debug_str     0x0000000000002725      0x5ba CMakeFiles/PWMOutput.elf.dir/Drivers/STM32F1xx_HAL_Driver/Src/stm32f1xx_hal_tim_ex.c.obj
                                        0xd43 (size before relaxing)
 .debug_str     0x0000000000002cdf      0x71e CMakeFiles/PWMOutput.elf.dir/Drivers/STM32F1xx_HAL_Driver/Src/stm32f1xx_hal_uart.c.obj
                                        0xc67 (size before relaxing)
 .debug_str     0x00000000000033fd       0xca CMakeFiles/PWMOutput.elf.dir/Src/main.c.obj
                                       0x1008 (size before relaxing)
 .debug_str     0x00000000000034c7       0x7a CMakeFiles/PWMOutput.elf.dir/Src/stm32f1xx_hal_msp.c.obj
                                        0xd6a (size before relaxing)
 .debug_str     0x0000000000003541      0x12c CMakeFiles/PWMOutput.elf.dir/Src/stm32f1xx_it.c.obj
                                        0x771 (size before relaxing)
 .debug_str     0x000000000000366d       0x8e CMakeFiles/PWMOutput.elf.dir/Src/system_stm32f1xx.c.obj
                                        0x3d4 (size before relaxing)
 .debug_str     0x00000000000036fb       0x71 CMakeFiles/PWMOutput.elf.dir/startup/startup_stm32f103xe.s.obj
                                         0xc7 (size before relaxing)

.comment        0x0000000000000000       0x75
 .comment       0x0000000000000000       0x75 CMakeFiles/PWMOutput.elf.dir/Drivers/STM32F1xx_HAL_Driver/Src/stm32f1xx_hal.c.obj
                                         0x76 (size before relaxing)
 .comment       0x0000000000000075       0x76 CMakeFiles/PWMOutput.elf.dir/Drivers/STM32F1xx_HAL_Driver/Src/stm32f1xx_hal_cortex.c.obj
 .comment       0x0000000000000075       0x76 CMakeFiles/PWMOutput.elf.dir/Drivers/STM32F1xx_HAL_Driver/Src/stm32f1xx_hal_dma.c.obj
 .comment       0x0000000000000075       0x76 CMakeFiles/PWMOutput.elf.dir/Drivers/STM32F1xx_HAL_Driver/Src/stm32f1xx_hal_gpio.c.obj
 .comment       0x0000000000000075       0x76 CMakeFiles/PWMOutput.elf.dir/Drivers/STM32F1xx_HAL_Driver/Src/stm32f1xx_hal_rcc.c.obj
 .comment       0x0000000000000075       0x76 CMakeFiles/PWMOutput.elf.dir/Drivers/STM32F1xx_HAL_Driver/Src/stm32f1xx_hal_tim.c.obj
 .comment       0x0000000000000075       0x76 CMakeFiles/PWMOutput.elf.dir/Drivers/STM32F1xx_HAL_Driver/Src/stm32f1xx_hal_tim_ex.c.obj
 .comment       0x0000000000000075       0x76 CMakeFiles/PWMOutput.elf.dir/Drivers/STM32F1xx_HAL_Driver/Src/stm32f1xx_hal_uart.c.obj
 .comment       0x0000000000000075       0x76 CMakeFiles/PWMOutput.elf.dir/Src/main.c.obj
 .comment       0x0000000000000075       0x76 CMakeFiles/PWMOutput.elf.dir/Src/stm32f1xx_hal_msp.c.obj
 .comment       0x0000000000000075       0x76 CMakeFiles/PWMOutput.elf.dir/Src/stm32f1xx_it.c.obj
 .comment       0x0000000000000075       0x76 CMakeFiles/PWMOutput.elf.dir/Src/system_stm32f1xx.c.obj

.debug_frame    0x0000000000000000     0x2f9c
 .debug_frame   0x0000000000000000      0x334 CMakeFiles/PWMOutput.elf.dir/Drivers/STM32F1xx_HAL_Driver/Src/stm32f1xx_hal.c.obj
 .debug_frame   0x0000000000000334      0x428 CMakeFiles/PWMOutput.elf.dir/Drivers/STM32F1xx_HAL_Driver/Src/stm32f1xx_hal_cortex.c.obj
 .debug_frame   0x000000000000075c      0x20c CMakeFiles/PWMOutput.elf.dir/Drivers/STM32F1xx_HAL_Driver/Src/stm32f1xx_hal_dma.c.obj
 .debug_frame   0x0000000000000968      0x14c CMakeFiles/PWMOutput.elf.dir/Drivers/STM32F1xx_HAL_Driver/Src/stm32f1xx_hal_gpio.c.obj
 .debug_frame   0x0000000000000ab4      0x21c CMakeFiles/PWMOutput.elf.dir/Drivers/STM32F1xx_HAL_Driver/Src/stm32f1xx_hal_rcc.c.obj
 .debug_frame   0x0000000000000cd0     0x10f0 CMakeFiles/PWMOutput.elf.dir/Drivers/STM32F1xx_HAL_Driver/Src/stm32f1xx_hal_tim.c.obj
 .debug_frame   0x0000000000001dc0      0x5c0 CMakeFiles/PWMOutput.elf.dir/Drivers/STM32F1xx_HAL_Driver/Src/stm32f1xx_hal_tim_ex.c.obj
 .debug_frame   0x0000000000002380      0x834 CMakeFiles/PWMOutput.elf.dir/Drivers/STM32F1xx_HAL_Driver/Src/stm32f1xx_hal_uart.c.obj
 .debug_frame   0x0000000000002bb4       0xd4 CMakeFiles/PWMOutput.elf.dir/Src/main.c.obj
 .debug_frame   0x0000000000002c88       0xf4 CMakeFiles/PWMOutput.elf.dir/Src/stm32f1xx_hal_msp.c.obj
 .debug_frame   0x0000000000002d7c      0x17c CMakeFiles/PWMOutput.elf.dir/Src/stm32f1xx_it.c.obj
 .debug_frame   0x0000000000002ef8       0x58 CMakeFiles/PWMOutput.elf.dir/Src/system_stm32f1xx.c.obj
 .debug_frame   0x0000000000002f50       0x2c /usr/local/Cellar/arm-none-eabi-gcc/8-2018-q4-major/gcc/bin/../lib/gcc/arm-none-eabi/8.2.1/../../../../arm-none-eabi/lib/thumb/v7-m/nofp/libg_nano.a(lib_a-init.o)
 .debug_frame   0x0000000000002f7c       0x20 /usr/local/Cellar/arm-none-eabi-gcc/8-2018-q4-major/gcc/bin/../lib/gcc/arm-none-eabi/8.2.1/../../../../arm-none-eabi/lib/thumb/v7-m/nofp/libg_nano.a(lib_a-memset.o)
