Archive member included to satisfy reference by file (symbol)

/usr/local/Cellar/arm-none-eabi-gcc/8-2018-q4-major/gcc/bin/../lib/gcc/arm-none-eabi/8.2.1/../../../../arm-none-eabi/lib/thumb/v7-m/nofp/libg_nano.a(lib_a-errno.o)
                              CMakeFiles/inputCapture.elf.dir/Src/syscalls.c.obj (__errno)
/usr/local/Cellar/arm-none-eabi-gcc/8-2018-q4-major/gcc/bin/../lib/gcc/arm-none-eabi/8.2.1/../../../../arm-none-eabi/lib/thumb/v7-m/nofp/libg_nano.a(lib_a-exit.o)
                              /usr/local/Cellar/arm-none-eabi-gcc/8-2018-q4-major/gcc/bin/../lib/gcc/arm-none-eabi/8.2.1/../../../../arm-none-eabi/lib/thumb/v7-m/nofp/crt0.o (exit)
/usr/local/Cellar/arm-none-eabi-gcc/8-2018-q4-major/gcc/bin/../lib/gcc/arm-none-eabi/8.2.1/../../../../arm-none-eabi/lib/thumb/v7-m/nofp/libg_nano.a(lib_a-impure.o)
                              /usr/local/Cellar/arm-none-eabi-gcc/8-2018-q4-major/gcc/bin/../lib/gcc/arm-none-eabi/8.2.1/../../../../arm-none-eabi/lib/thumb/v7-m/nofp/libg_nano.a(lib_a-exit.o) (_global_impure_ptr)
/usr/local/Cellar/arm-none-eabi-gcc/8-2018-q4-major/gcc/bin/../lib/gcc/arm-none-eabi/8.2.1/../../../../arm-none-eabi/lib/thumb/v7-m/nofp/libg_nano.a(lib_a-init.o)
                              /usr/local/Cellar/arm-none-eabi-gcc/8-2018-q4-major/gcc/bin/../lib/gcc/arm-none-eabi/8.2.1/../../../../arm-none-eabi/lib/thumb/v7-m/nofp/crt0.o (__libc_init_array)
/usr/local/Cellar/arm-none-eabi-gcc/8-2018-q4-major/gcc/bin/../lib/gcc/arm-none-eabi/8.2.1/../../../../arm-none-eabi/lib/thumb/v7-m/nofp/libg_nano.a(lib_a-memset.o)
                              /usr/local/Cellar/arm-none-eabi-gcc/8-2018-q4-major/gcc/bin/../lib/gcc/arm-none-eabi/8.2.1/../../../../arm-none-eabi/lib/thumb/v7-m/nofp/crt0.o (memset)

Discarded input sections

 .text          0x0000000000000000        0x0 /usr/local/Cellar/arm-none-eabi-gcc/8-2018-q4-major/gcc/bin/../lib/gcc/arm-none-eabi/8.2.1/thumb/v7-m/nofp/crti.o
 .data          0x0000000000000000        0x0 /usr/local/Cellar/arm-none-eabi-gcc/8-2018-q4-major/gcc/bin/../lib/gcc/arm-none-eabi/8.2.1/thumb/v7-m/nofp/crti.o
 .bss           0x0000000000000000        0x0 /usr/local/Cellar/arm-none-eabi-gcc/8-2018-q4-major/gcc/bin/../lib/gcc/arm-none-eabi/8.2.1/thumb/v7-m/nofp/crti.o
 .data          0x0000000000000000        0x4 /usr/local/Cellar/arm-none-eabi-gcc/8-2018-q4-major/gcc/bin/../lib/gcc/arm-none-eabi/8.2.1/thumb/v7-m/nofp/crtbegin.o
 .text          0x0000000000000000       0x74 /usr/local/Cellar/arm-none-eabi-gcc/8-2018-q4-major/gcc/bin/../lib/gcc/arm-none-eabi/8.2.1/../../../../arm-none-eabi/lib/thumb/v7-m/nofp/crt0.o
 .data          0x0000000000000000        0x0 /usr/local/Cellar/arm-none-eabi-gcc/8-2018-q4-major/gcc/bin/../lib/gcc/arm-none-eabi/8.2.1/../../../../arm-none-eabi/lib/thumb/v7-m/nofp/crt0.o
 .bss           0x0000000000000000        0x0 /usr/local/Cellar/arm-none-eabi-gcc/8-2018-q4-major/gcc/bin/../lib/gcc/arm-none-eabi/8.2.1/../../../../arm-none-eabi/lib/thumb/v7-m/nofp/crt0.o
 .ARM.extab     0x0000000000000000        0x0 /usr/local/Cellar/arm-none-eabi-gcc/8-2018-q4-major/gcc/bin/../lib/gcc/arm-none-eabi/8.2.1/../../../../arm-none-eabi/lib/thumb/v7-m/nofp/crt0.o
 .ARM.exidx     0x0000000000000000        0x8 /usr/local/Cellar/arm-none-eabi-gcc/8-2018-q4-major/gcc/bin/../lib/gcc/arm-none-eabi/8.2.1/../../../../arm-none-eabi/lib/thumb/v7-m/nofp/crt0.o
 .ARM.attributes
                0x0000000000000000       0x1b /usr/local/Cellar/arm-none-eabi-gcc/8-2018-q4-major/gcc/bin/../lib/gcc/arm-none-eabi/8.2.1/../../../../arm-none-eabi/lib/thumb/v7-m/nofp/crt0.o
 .text          0x0000000000000000        0x0 CMakeFiles/inputCapture.elf.dir/Drivers/STM32F1xx_HAL_Driver/Src/stm32f1xx_hal.c.obj
 .data          0x0000000000000000        0x0 CMakeFiles/inputCapture.elf.dir/Drivers/STM32F1xx_HAL_Driver/Src/stm32f1xx_hal.c.obj
 .bss           0x0000000000000000        0x0 CMakeFiles/inputCapture.elf.dir/Drivers/STM32F1xx_HAL_Driver/Src/stm32f1xx_hal.c.obj
 .text.HAL_DeInit
                0x0000000000000000       0x30 CMakeFiles/inputCapture.elf.dir/Drivers/STM32F1xx_HAL_Driver/Src/stm32f1xx_hal.c.obj
 .text.HAL_MspInit
                0x0000000000000000        0xc CMakeFiles/inputCapture.elf.dir/Drivers/STM32F1xx_HAL_Driver/Src/stm32f1xx_hal.c.obj
 .text.HAL_MspDeInit
                0x0000000000000000        0xc CMakeFiles/inputCapture.elf.dir/Drivers/STM32F1xx_HAL_Driver/Src/stm32f1xx_hal.c.obj
 .text.HAL_GetTickPrio
                0x0000000000000000       0x14 CMakeFiles/inputCapture.elf.dir/Drivers/STM32F1xx_HAL_Driver/Src/stm32f1xx_hal.c.obj
 .text.HAL_SetTickFreq
                0x0000000000000000       0x44 CMakeFiles/inputCapture.elf.dir/Drivers/STM32F1xx_HAL_Driver/Src/stm32f1xx_hal.c.obj
 .text.HAL_GetTickFreq
                0x0000000000000000       0x14 CMakeFiles/inputCapture.elf.dir/Drivers/STM32F1xx_HAL_Driver/Src/stm32f1xx_hal.c.obj
 .text.HAL_Delay
[...]
Memory Configuration

Name             Origin             Length             Attributes
RAM              0x0000000020000000 0x0000000000010000 xrw
FLASH            0x0000000008000000 0x0000000000080000 xr
*default*        0x0000000000000000 0xffffffffffffffff

Linker script and memory map

LOAD /usr/local/Cellar/arm-none-eabi-gcc/8-2018-q4-major/gcc/bin/../lib/gcc/arm-none-eabi/8.2.1/thumb/v7-m/nofp/crti.o
LOAD /usr/local/Cellar/arm-none-eabi-gcc/8-2018-q4-major/gcc/bin/../lib/gcc/arm-none-eabi/8.2.1/thumb/v7-m/nofp/crtbegin.o
LOAD /usr/local/Cellar/arm-none-eabi-gcc/8-2018-q4-major/gcc/bin/../lib/gcc/arm-none-eabi/8.2.1/../../../../arm-none-eabi/lib/thumb/v7-m/nofp/crt0.o
LOAD CMakeFiles/inputCapture.elf.dir/Drivers/STM32F1xx_HAL_Driver/Src/stm32f1xx_hal.c.obj
LOAD CMakeFiles/inputCapture.elf.dir/Drivers/STM32F1xx_HAL_Driver/Src/stm32f1xx_hal_cortex.c.obj
LOAD CMakeFiles/inputCapture.elf.dir/Drivers/STM32F1xx_HAL_Driver/Src/stm32f1xx_hal_dma.c.obj
LOAD CMakeFiles/inputCapture.elf.dir/Drivers/STM32F1xx_HAL_Driver/Src/stm32f1xx_hal_exti.c.obj
LOAD CMakeFiles/inputCapture.elf.dir/Drivers/STM32F1xx_HAL_Driver/Src/stm32f1xx_hal_flash.c.obj
LOAD CMakeFiles/inputCapture.elf.dir/Drivers/STM32F1xx_HAL_Driver/Src/stm32f1xx_hal_flash_ex.c.obj
LOAD CMakeFiles/inputCapture.elf.dir/Drivers/STM32F1xx_HAL_Driver/Src/stm32f1xx_hal_gpio.c.obj
LOAD CMakeFiles/inputCapture.elf.dir/Drivers/STM32F1xx_HAL_Driver/Src/stm32f1xx_hal_gpio_ex.c.obj
LOAD CMakeFiles/inputCapture.elf.dir/Drivers/STM32F1xx_HAL_Driver/Src/stm32f1xx_hal_pwr.c.obj
LOAD CMakeFiles/inputCapture.elf.dir/Drivers/STM32F1xx_HAL_Driver/Src/stm32f1xx_hal_rcc.c.obj
LOAD CMakeFiles/inputCapture.elf.dir/Drivers/STM32F1xx_HAL_Driver/Src/stm32f1xx_hal_rcc_ex.c.obj
LOAD CMakeFiles/inputCapture.elf.dir/Drivers/STM32F1xx_HAL_Driver/Src/stm32f1xx_hal_tim.c.obj
LOAD CMakeFiles/inputCapture.elf.dir/Drivers/STM32F1xx_HAL_Driver/Src/stm32f1xx_hal_tim_ex.c.obj
LOAD CMakeFiles/inputCapture.elf.dir/Drivers/STM32F1xx_HAL_Driver/Src/stm32f1xx_hal_uart.c.obj
LOAD CMakeFiles/inputCapture.elf.dir/Src/main.c.obj
LOAD CMakeFiles/inputCapture.elf.dir/Src/stm32f1xx_hal_msp.c.obj
LOAD CMakeFiles/inputCapture.elf.dir/Src/stm32f1xx_it.c.obj
LOAD CMakeFiles/inputCapture.elf.dir/Src/syscalls.c.obj
LOAD CMakeFiles/inputCapture.elf.dir/Src/system_stm32f1xx.c.obj
LOAD CMakeFiles/inputCapture.elf.dir/startup/startup_stm32f103xe.s.obj
START GROUP
LOAD /usr/local/Cellar/arm-none-eabi-gcc/8-2018-q4-major/gcc/bin/../lib/gcc/arm-none-eabi/8.2.1/thumb/v7-m/nofp/libgcc.a
LOAD /usr/local/Cellar/arm-none-eabi-gcc/8-2018-q4-major/gcc/bin/../lib/gcc/arm-none-eabi/8.2.1/../../../../arm-none-eabi/lib/thumb/v7-m/nofp/libg_nano.a
LOAD /usr/local/Cellar/arm-none-eabi-gcc/8-2018-q4-major/gcc/bin/../lib/gcc/arm-none-eabi/8.2.1/../../../../arm-none-eabi/lib/thumb/v7-m/nofp/libc_nano.a
END GROUP
START GROUP
LOAD /usr/local/Cellar/arm-none-eabi-gcc/8-2018-q4-major/gcc/bin/../lib/gcc/arm-none-eabi/8.2.1/thumb/v7-m/nofp/libgcc.a
LOAD /usr/local/Cellar/arm-none-eabi-gcc/8-2018-q4-major/gcc/bin/../lib/gcc/arm-none-eabi/8.2.1/../../../../arm-none-eabi/lib/thumb/v7-m/nofp/libc_nano.a
LOAD /usr/local/Cellar/arm-none-eabi-gcc/8-2018-q4-major/gcc/bin/../lib/gcc/arm-none-eabi/8.2.1/../../../../arm-none-eabi/lib/thumb/v7-m/nofp/libnosys.a
END GROUP
START GROUP
LOAD /usr/local/Cellar/arm-none-eabi-gcc/8-2018-q4-major/gcc/bin/../lib/gcc/arm-none-eabi/8.2.1/thumb/v7-m/nofp/libgcc.a
LOAD /usr/local/Cellar/arm-none-eabi-gcc/8-2018-q4-major/gcc/bin/../lib/gcc/arm-none-eabi/8.2.1/../../../../arm-none-eabi/lib/thumb/v7-m/nofp/libc_nano.a
LOAD /usr/local/Cellar/arm-none-eabi-gcc/8-2018-q4-major/gcc/bin/../lib/gcc/arm-none-eabi/8.2.1/../../../../arm-none-eabi/lib/thumb/v7-m/nofp/libnosys.a
END GROUP
LOAD /usr/local/Cellar/arm-none-eabi-gcc/8-2018-q4-major/gcc/bin/../lib/gcc/arm-none-eabi/8.2.1/thumb/v7-m/nofp/crtend.o
LOAD /usr/local/Cellar/arm-none-eabi-gcc/8-2018-q4-major/gcc/bin/../lib/gcc/arm-none-eabi/8.2.1/thumb/v7-m/nofp/crtn.o
                0x0000000020010000                _estack = 0x20010000
                0x0000000000000200                _Min_Heap_Size = 0x200
                0x0000000000000400                _Min_Stack_Size = 0x400

.isr_vector     0x0000000008000000      0x1e4
                0x0000000008000000                . = ALIGN (0x4)
 *(.isr_vector)
 .isr_vector    0x0000000008000000      0x1e4 CMakeFiles/inputCapture.elf.dir/startup/startup_stm32f103xe.s.obj
                0x0000000008000000                g_pfnVectors
                0x00000000080001e4                . = ALIGN (0x4)

.text           0x00000000080001e4     0x26ec
                0x00000000080001e4                . = ALIGN (0x4)
 *(.text)
 .text          0x00000000080001e4       0x40 /usr/local/Cellar/arm-none-eabi-gcc/8-2018-q4-major/gcc/bin/../lib/gcc/arm-none-eabi/8.2.1/thumb/v7-m/nofp/crtbegin.o
 *(.text*)
 .text.HAL_Init
                0x0000000008000224       0x2c CMakeFiles/inputCapture.elf.dir/Drivers/STM32F1xx_HAL_Driver/Src/stm32f1xx_hal.c.obj
                0x0000000008000224                HAL_Init
 .text.HAL_InitTick
                0x0000000008000250       0x60 CMakeFiles/inputCapture.elf.dir/Drivers/STM32F1xx_HAL_Driver/Src/stm32f1xx_hal.c.obj
                0x0000000008000250                HAL_InitTick
 .text.HAL_IncTick
                0x00000000080002b0       0x24 CMakeFiles/inputCapture.elf.dir/Drivers/STM32F1xx_HAL_Driver/Src/stm32f1xx_hal.c.obj
                0x00000000080002b0                HAL_IncTick
 .text.HAL_GetTick
                0x00000000080002d4       0x14 CMakeFiles/inputCapture.elf.dir/Drivers/STM32F1xx_HAL_Driver/Src/stm32f1xx_hal.c.obj
                0x00000000080002d4                HAL_GetTick
 .text.__NVIC_SetPriorityGrouping
                0x00000000080002e8       0x48 CMakeFiles/inputCapture.elf.dir/Drivers/STM32F1xx_HAL_Driver/Src/stm32f1xx_hal_cortex.c.obj
 .text.__NVIC_GetPriorityGrouping
                0x0000000008000330       0x1c CMakeFiles/inputCapture.elf.dir/Drivers/STM32F1xx_HAL_Driver/Src/stm32f1xx_hal_cortex.c.obj
 .text.__NVIC_EnableIRQ
                0x000000000800034c       0x38 CMakeFiles/inputCapture.elf.dir/Drivers/STM32F1xx_HAL_Driver/Src/stm32f1xx_hal_cortex.c.obj
 .text.__NVIC_SetPriority
                0x0000000008000384       0x54 CMakeFiles/inputCapture.elf.dir/Drivers/STM32F1xx_HAL_Driver/Src/stm32f1xx_hal_cortex.c.obj
 .text.NVIC_EncodePriority
                0x00000000080003d8       0x64 CMakeFiles/inputCapture.elf.dir/Drivers/STM32F1xx_HAL_Driver/Src/stm32f1xx_hal_cortex.c.obj
 .text.SysTick_Config
                0x000000000800043c       0x44 CMakeFiles/inputCapture.elf.dir/Drivers/STM32F1xx_HAL_Driver/Src/stm32f1xx_hal_cortex.c.obj
 .text.HAL_NVIC_SetPriorityGrouping
                0x0000000008000480       0x16 CMakeFiles/inputCapture.elf.dir/Drivers/STM32F1xx_HAL_Driver/Src/stm32f1xx_hal_cortex.c.obj
                0x0000000008000480                HAL_NVIC_SetPriorityGrouping
 .text.HAL_NVIC_SetPriority
                0x0000000008000496       0x38 CMakeFiles/inputCapture.elf.dir/Drivers/STM32F1xx_HAL_Driver/Src/stm32f1xx_hal_cortex.c.obj
                0x0000000008000496                HAL_NVIC_SetPriority
 .text.HAL_NVIC_EnableIRQ
                0x00000000080004ce       0x1c CMakeFiles/inputCapture.elf.dir/Drivers/STM32F1xx_HAL_Driver/Src/stm32f1xx_hal_cortex.c.obj
                0x00000000080004ce                HAL_NVIC_EnableIRQ
 .text.HAL_SYSTICK_Config
                0x00000000080004ea       0x18 CMakeFiles/inputCapture.elf.dir/Drivers/STM32F1xx_HAL_Driver/Src/stm32f1xx_hal_cortex.c.obj
                0x00000000080004ea                HAL_SYSTICK_Config
 *fill*         0x0000000008000502        0x2 
 .text.HAL_DMA_Abort_IT
                0x0000000008000504      0x210 CMakeFiles/inputCapture.elf.dir/Drivers/STM32F1xx_HAL_Driver/Src/stm32f1xx_hal_dma.c.obj
                0x0000000008000504                HAL_DMA_Abort_IT
 .text.HAL_GPIO_Init
                0x0000000008000714      0x2d4 CMakeFiles/inputCapture.elf.dir/Drivers/STM32F1xx_HAL_Driver/Src/stm32f1xx_hal_gpio.c.obj
                0x0000000008000714                HAL_GPIO_Init
 .text.HAL_GPIO_WritePin
                0x00000000080009e8       0x30 CMakeFiles/inputCapture.elf.dir/Drivers/STM32F1xx_HAL_Driver/Src/stm32f1xx_hal_gpio.c.obj
                0x00000000080009e8                HAL_GPIO_WritePin
 .text.HAL_GPIO_EXTI_IRQHandler
                0x0000000008000a18       0x30 CMakeFiles/inputCapture.elf.dir/Drivers/STM32F1xx_HAL_Driver/Src/stm32f1xx_hal_gpio.c.obj
                0x0000000008000a18                HAL_GPIO_EXTI_IRQHandler
 .text.HAL_GPIO_EXTI_Callback
                0x0000000008000a48       0x14 CMakeFiles/inputCapture.elf.dir/Drivers/STM32F1xx_HAL_Driver/Src/stm32f1xx_hal_gpio.c.obj
                0x0000000008000a48                HAL_GPIO_EXTI_Callback
 .text.HAL_RCC_OscConfig
                0x0000000008000a5c      0x500 CMakeFiles/inputCapture.elf.dir/Drivers/STM32F1xx_HAL_Driver/Src/stm32f1xx_hal_rcc.c.obj
                0x0000000008000a5c                HAL_RCC_OscConfig
 .text.HAL_RCC_ClockConfig
                0x0000000008000f5c      0x1d4 CMakeFiles/inputCapture.elf.dir/Drivers/STM32F1xx_HAL_Driver/Src/stm32f1xx_hal_rcc.c.obj
                0x0000000008000f5c                HAL_RCC_ClockConfig
 .text.HAL_RCC_GetSysClockFreq
                0x0000000008001130       0xc4 CMakeFiles/inputCapture.elf.dir/Drivers/STM32F1xx_HAL_Driver/Src/stm32f1xx_hal_rcc.c.obj
                0x0000000008001130                HAL_RCC_GetSysClockFreq
 .text.HAL_RCC_GetHCLKFreq
                0x00000000080011f4       0x14 CMakeFiles/inputCapture.elf.dir/Drivers/STM32F1xx_HAL_Driver/Src/stm32f1xx_hal_rcc.c.obj
                0x00000000080011f4                HAL_RCC_GetHCLKFreq
 .text.HAL_RCC_GetPCLK1Freq
                0x0000000008001208       0x28 CMakeFiles/inputCapture.elf.dir/Drivers/STM32F1xx_HAL_Driver/Src/stm32f1xx_hal_rcc.c.obj
                0x0000000008001208                HAL_RCC_GetPCLK1Freq
 .text.HAL_RCC_GetPCLK2Freq
                0x0000000008001230       0x28 CMakeFiles/inputCapture.elf.dir/Drivers/STM32F1xx_HAL_Driver/Src/stm32f1xx_hal_rcc.c.obj
                0x0000000008001230                HAL_RCC_GetPCLK2Freq
 .text.RCC_Delay
                0x0000000008001258       0x3c CMakeFiles/inputCapture.elf.dir/Drivers/STM32F1xx_HAL_Driver/Src/stm32f1xx_hal_rcc.c.obj
 .text.HAL_TIM_IC_Init
                0x0000000008001294       0x56 CMakeFiles/inputCapture.elf.dir/Drivers/STM32F1xx_HAL_Driver/Src/stm32f1xx_hal_tim.c.obj
                0x0000000008001294                HAL_TIM_IC_Init
 *fill*         0x00000000080012ea        0x2 
 .text.HAL_TIM_IC_Start_IT
                0x00000000080012ec       0xd0 CMakeFiles/inputCapture.elf.dir/Drivers/STM32F1xx_HAL_Driver/Src/stm32f1xx_hal_tim.c.obj
                0x00000000080012ec                HAL_TIM_IC_Start_IT
 .text.HAL_TIM_IRQHandler
                0x00000000080013bc      0x210 CMakeFiles/inputCapture.elf.dir/Drivers/STM32F1xx_HAL_Driver/Src/stm32f1xx_hal_tim.c.obj
                0x00000000080013bc                HAL_TIM_IRQHandler
 .text.HAL_TIM_IC_ConfigChannel
                0x00000000080015cc      0x138 CMakeFiles/inputCapture.elf.dir/Drivers/STM32F1xx_HAL_Driver/Src/stm32f1xx_hal_tim.c.obj
                0x00000000080015cc                HAL_TIM_IC_ConfigChannel
 .text.HAL_TIM_PeriodElapsedCallback
                0x0000000008001704       0x12 CMakeFiles/inputCapture.elf.dir/Drivers/STM32F1xx_HAL_Driver/Src/stm32f1xx_hal_tim.c.obj
                0x0000000008001704                HAL_TIM_PeriodElapsedCallback
 .text.HAL_TIM_OC_DelayElapsedCallback
                0x0000000008001716       0x12 CMakeFiles/inputCapture.elf.dir/Drivers/STM32F1xx_HAL_Driver/Src/stm32f1xx_hal_tim.c.obj
                0x0000000008001716                HAL_TIM_OC_DelayElapsedCallback
 .text.HAL_TIM_IC_CaptureCallback
                0x0000000008001728       0x12 CMakeFiles/inputCapture.elf.dir/Drivers/STM32F1xx_HAL_Driver/Src/stm32f1xx_hal_tim.c.obj
                0x0000000008001728                HAL_TIM_IC_CaptureCallback
 .text.HAL_TIM_PWM_PulseFinishedCallback
                0x000000000800173a       0x12 CMakeFiles/inputCapture.elf.dir/Drivers/STM32F1xx_HAL_Driver/Src/stm32f1xx_hal_tim.c.obj
                0x000000000800173a                HAL_TIM_PWM_PulseFinishedCallback
 .text.HAL_TIM_TriggerCallback
                0x000000000800174c       0x12 CMakeFiles/inputCapture.elf.dir/Drivers/STM32F1xx_HAL_Driver/Src/stm32f1xx_hal_tim.c.obj
                0x000000000800174c                HAL_TIM_TriggerCallback
 *fill*         0x000000000800175e        0x2 
 .text.TIM_Base_SetConfig
                0x0000000008001760       0xf4 CMakeFiles/inputCapture.elf.dir/Drivers/STM32F1xx_HAL_Driver/Src/stm32f1xx_hal_tim.c.obj
                0x0000000008001760                TIM_Base_SetConfig
 .text.TIM_TI1_SetConfig
                0x0000000008001854       0xcc CMakeFiles/inputCapture.elf.dir/Drivers/STM32F1xx_HAL_Driver/Src/stm32f1xx_hal_tim.c.obj
                0x0000000008001854                TIM_TI1_SetConfig
 .text.TIM_TI2_SetConfig
                0x0000000008001920       0x78 CMakeFiles/inputCapture.elf.dir/Drivers/STM32F1xx_HAL_Driver/Src/stm32f1xx_hal_tim.c.obj
 .text.TIM_TI3_SetConfig
                0x0000000008001998       0x76 CMakeFiles/inputCapture.elf.dir/Drivers/STM32F1xx_HAL_Driver/Src/stm32f1xx_hal_tim.c.obj
 .text.TIM_TI4_SetConfig
                0x0000000008001a0e       0x78 CMakeFiles/inputCapture.elf.dir/Drivers/STM32F1xx_HAL_Driver/Src/stm32f1xx_hal_tim.c.obj
 .text.TIM_CCxChannelCmd
                0x0000000008001a86       0x48 CMakeFiles/inputCapture.elf.dir/Drivers/STM32F1xx_HAL_Driver/Src/stm32f1xx_hal_tim.c.obj
                0x0000000008001a86                TIM_CCxChannelCmd
 .text.HAL_TIMEx_MasterConfigSynchronization
                0x0000000008001ace       0x88 CMakeFiles/inputCapture.elf.dir/Drivers/STM32F1xx_HAL_Driver/Src/stm32f1xx_hal_tim_ex.c.obj
                0x0000000008001ace                HAL_TIMEx_MasterConfigSynchronization
 .text.HAL_TIMEx_CommutCallback
                0x0000000008001b56       0x12 CMakeFiles/inputCapture.elf.dir/Drivers/STM32F1xx_HAL_Driver/Src/stm32f1xx_hal_tim_ex.c.obj
                0x0000000008001b56                HAL_TIMEx_CommutCallback
 .text.HAL_TIMEx_BreakCallback
                0x0000000008001b68       0x12 CMakeFiles/inputCapture.elf.dir/Drivers/STM32F1xx_HAL_Driver/Src/stm32f1xx_hal_tim_ex.c.obj
                0x0000000008001b68                HAL_TIMEx_BreakCallback
 .text.HAL_UART_Init
                0x0000000008001b7a       0x9a CMakeFiles/inputCapture.elf.dir/Drivers/STM32F1xx_HAL_Driver/Src/stm32f1xx_hal_uart.c.obj
                0x0000000008001b7a                HAL_UART_Init
 .text.HAL_UART_IRQHandler
                0x0000000008001c14      0x1f8 CMakeFiles/inputCapture.elf.dir/Drivers/STM32F1xx_HAL_Driver/Src/stm32f1xx_hal_uart.c.obj
                0x0000000008001c14                HAL_UART_IRQHandler
 .text.HAL_UART_TxCpltCallback
                0x0000000008001e0c       0x12 CMakeFiles/inputCapture.elf.dir/Drivers/STM32F1xx_HAL_Driver/Src/stm32f1xx_hal_uart.c.obj
                0x0000000008001e0c                HAL_UART_TxCpltCallback
 .text.HAL_UART_RxCpltCallback
                0x0000000008001e1e       0x12 CMakeFiles/inputCapture.elf.dir/Drivers/STM32F1xx_HAL_Driver/Src/stm32f1xx_hal_uart.c.obj
                0x0000000008001e1e                HAL_UART_RxCpltCallback
 .text.HAL_UART_ErrorCallback
                0x0000000008001e30       0x12 CMakeFiles/inputCapture.elf.dir/Drivers/STM32F1xx_HAL_Driver/Src/stm32f1xx_hal_uart.c.obj
                0x0000000008001e30                HAL_UART_ErrorCallback
 .text.UART_EndRxTransfer
                0x0000000008001e42       0x3a CMakeFiles/inputCapture.elf.dir/Drivers/STM32F1xx_HAL_Driver/Src/stm32f1xx_hal_uart.c.obj
 .text.UART_DMAAbortOnError
                0x0000000008001e7c       0x28 CMakeFiles/inputCapture.elf.dir/Drivers/STM32F1xx_HAL_Driver/Src/stm32f1xx_hal_uart.c.obj
 .text.UART_Transmit_IT
                0x0000000008001ea4       0xaa CMakeFiles/inputCapture.elf.dir/Drivers/STM32F1xx_HAL_Driver/Src/stm32f1xx_hal_uart.c.obj
 .text.UART_EndTransmit_IT
                0x0000000008001f4e       0x30 CMakeFiles/inputCapture.elf.dir/Drivers/STM32F1xx_HAL_Driver/Src/stm32f1xx_hal_uart.c.obj
 .text.UART_Receive_IT
                0x0000000008001f7e      0x102 CMakeFiles/inputCapture.elf.dir/Drivers/STM32F1xx_HAL_Driver/Src/stm32f1xx_hal_uart.c.obj
 .text.UART_SetConfig
                0x0000000008002080      0x1b4 CMakeFiles/inputCapture.elf.dir/Drivers/STM32F1xx_HAL_Driver/Src/stm32f1xx_hal_uart.c.obj
 .text.main     0x0000000008002234       0x28 CMakeFiles/inputCapture.elf.dir/Src/main.c.obj
                0x0000000008002234                main
 .text.SystemClock_Config
                0x000000000800225c       0x8a CMakeFiles/inputCapture.elf.dir/Src/main.c.obj
                0x000000000800225c                SystemClock_Config
 *fill*         0x00000000080022e6        0x2 
 .text.MX_TIM1_Init
                0x00000000080022e8       0xac CMakeFiles/inputCapture.elf.dir/Src/main.c.obj
 .text.MX_USART1_UART_Init
                0x0000000008002394       0x54 CMakeFiles/inputCapture.elf.dir/Src/main.c.obj
 .text.MX_GPIO_Init
                0x00000000080023e8      0x128 CMakeFiles/inputCapture.elf.dir/Src/main.c.obj
 .text.Error_Handler
                0x0000000008002510        0xc CMakeFiles/inputCapture.elf.dir/Src/main.c.obj
                0x0000000008002510                Error_Handler
 .text.HAL_MspInit
                0x000000000800251c       0x64 CMakeFiles/inputCapture.elf.dir/Src/stm32f1xx_hal_msp.c.obj
                0x000000000800251c                HAL_MspInit
 .text.HAL_TIM_IC_MspInit
                0x0000000008002580       0xc8 CMakeFiles/inputCapture.elf.dir/Src/stm32f1xx_hal_msp.c.obj
                0x0000000008002580                HAL_TIM_IC_MspInit
 .text.HAL_UART_MspInit
                0x0000000008002648       0xa8 CMakeFiles/inputCapture.elf.dir/Src/stm32f1xx_hal_msp.c.obj
                0x0000000008002648                HAL_UART_MspInit
 .text.NMI_Handler
                0x00000000080026f0        0xc CMakeFiles/inputCapture.elf.dir/Src/stm32f1xx_it.c.obj
                0x00000000080026f0                NMI_Handler
 .text.HardFault_Handler
                0x00000000080026fc        0x6 CMakeFiles/inputCapture.elf.dir/Src/stm32f1xx_it.c.obj
                0x00000000080026fc                HardFault_Handler
 .text.MemManage_Handler
                0x0000000008002702        0x6 CMakeFiles/inputCapture.elf.dir/Src/stm32f1xx_it.c.obj
                0x0000000008002702                MemManage_Handler
 .text.BusFault_Handler
                0x0000000008002708        0x6 CMakeFiles/inputCapture.elf.dir/Src/stm32f1xx_it.c.obj
                0x0000000008002708                BusFault_Handler
 .text.UsageFault_Handler
                0x000000000800270e        0x6 CMakeFiles/inputCapture.elf.dir/Src/stm32f1xx_it.c.obj
                0x000000000800270e                UsageFault_Handler
 .text.SVC_Handler
                0x0000000008002714        0xc CMakeFiles/inputCapture.elf.dir/Src/stm32f1xx_it.c.obj
                0x0000000008002714                SVC_Handler
 .text.DebugMon_Handler
                0x0000000008002720        0xc CMakeFiles/inputCapture.elf.dir/Src/stm32f1xx_it.c.obj
                0x0000000008002720                DebugMon_Handler
 .text.PendSV_Handler
                0x000000000800272c        0xc CMakeFiles/inputCapture.elf.dir/Src/stm32f1xx_it.c.obj
                0x000000000800272c                PendSV_Handler
 .text.SysTick_Handler
                0x0000000008002738        0xc CMakeFiles/inputCapture.elf.dir/Src/stm32f1xx_it.c.obj
                0x0000000008002738                SysTick_Handler
 .text.EXTI0_IRQHandler
                0x0000000008002744        0xe CMakeFiles/inputCapture.elf.dir/Src/stm32f1xx_it.c.obj
                0x0000000008002744                EXTI0_IRQHandler
 .text.EXTI3_IRQHandler
                0x0000000008002752        0xe CMakeFiles/inputCapture.elf.dir/Src/stm32f1xx_it.c.obj
                0x0000000008002752                EXTI3_IRQHandler
 .text.EXTI4_IRQHandler
                0x0000000008002760        0xe CMakeFiles/inputCapture.elf.dir/Src/stm32f1xx_it.c.obj
                0x0000000008002760                EXTI4_IRQHandler
 *fill*         0x000000000800276e        0x2 
 .text.TIM1_UP_IRQHandler
                0x0000000008002770       0x14 CMakeFiles/inputCapture.elf.dir/Src/stm32f1xx_it.c.obj
                0x0000000008002770                TIM1_UP_IRQHandler
 .text.TIM1_TRG_COM_IRQHandler
                0x0000000008002784       0x14 CMakeFiles/inputCapture.elf.dir/Src/stm32f1xx_it.c.obj
                0x0000000008002784                TIM1_TRG_COM_IRQHandler
 .text.USART1_IRQHandler
                0x0000000008002798       0x14 CMakeFiles/inputCapture.elf.dir/Src/stm32f1xx_it.c.obj
                0x0000000008002798                USART1_IRQHandler
 .text.SystemInit
                0x00000000080027ac       0x68 CMakeFiles/inputCapture.elf.dir/Src/system_stm32f1xx.c.obj
                0x00000000080027ac                SystemInit
 .text.Reset_Handler
                0x0000000008002814       0x48 CMakeFiles/inputCapture.elf.dir/startup/startup_stm32f103xe.s.obj
                0x0000000008002814                Reset_Handler
 .text.Default_Handler
                0x000000000800285c        0x2 CMakeFiles/inputCapture.elf.dir/startup/startup_stm32f103xe.s.obj
                0x000000000800285c                DMA2_Channel3_IRQHandler
                0x000000000800285c                EXTI2_IRQHandler
                0x000000000800285c                TIM8_TRG_COM_IRQHandler
                0x000000000800285c                TIM8_CC_IRQHandler
                0x000000000800285c                TIM1_CC_IRQHandler
                0x000000000800285c                TIM6_IRQHandler
                0x000000000800285c                PVD_IRQHandler
                0x000000000800285c                SDIO_IRQHandler
                0x000000000800285c                I2C2_EV_IRQHandler
                0x000000000800285c                ADC1_2_IRQHandler
                0x000000000800285c                SPI1_IRQHandler
                0x000000000800285c                TAMPER_IRQHandler
                0x000000000800285c                TIM8_UP_IRQHandler
                0x000000000800285c                DMA2_Channel2_IRQHandler
                0x000000000800285c                DMA1_Channel4_IRQHandler
                0x000000000800285c                USART3_IRQHandler
                0x000000000800285c                RTC_IRQHandler
                0x000000000800285c                DMA1_Channel7_IRQHandler
                0x000000000800285c                CAN1_RX1_IRQHandler
                0x000000000800285c                UART5_IRQHandler
                0x000000000800285c                ADC3_IRQHandler
                0x000000000800285c                TIM4_IRQHandler
                0x000000000800285c                DMA2_Channel1_IRQHandler
                0x000000000800285c                I2C1_EV_IRQHandler
                0x000000000800285c                DMA1_Channel6_IRQHandler
                0x000000000800285c                UART4_IRQHandler
                0x000000000800285c                TIM3_IRQHandler
                0x000000000800285c                RCC_IRQHandler
                0x000000000800285c                DMA1_Channel1_IRQHandler
                0x000000000800285c                Default_Handler
                0x000000000800285c                EXTI15_10_IRQHandler
                0x000000000800285c                TIM7_IRQHandler
                0x000000000800285c                TIM5_IRQHandler
                0x000000000800285c                EXTI9_5_IRQHandler
                0x000000000800285c                SPI2_IRQHandler
                0x000000000800285c                DMA1_Channel5_IRQHandler
                0x000000000800285c                USB_LP_CAN1_RX0_IRQHandler
                0x000000000800285c                USB_HP_CAN1_TX_IRQHandler
                0x000000000800285c                DMA1_Channel3_IRQHandler
                0x000000000800285c                FSMC_IRQHandler
                0x000000000800285c                WWDG_IRQHandler
                0x000000000800285c                TIM2_IRQHandler
                0x000000000800285c                TIM1_BRK_IRQHandler
                0x000000000800285c                EXTI1_IRQHandler
                0x000000000800285c                DMA2_Channel4_5_IRQHandler
                0x000000000800285c                USART2_IRQHandler
                0x000000000800285c                I2C2_ER_IRQHandler
                0x000000000800285c                DMA1_Channel2_IRQHandler
                0x000000000800285c                TIM8_BRK_IRQHandler
                0x000000000800285c                CAN1_SCE_IRQHandler
                0x000000000800285c                FLASH_IRQHandler
                0x000000000800285c                SPI3_IRQHandler
                0x000000000800285c                I2C1_ER_IRQHandler
                0x000000000800285c                USBWakeUp_IRQHandler
                0x000000000800285c                RTC_Alarm_IRQHandler
 *fill*         0x000000000800285e        0x2 
 .text.__libc_init_array
                0x0000000008002860       0x48 /usr/local/Cellar/arm-none-eabi-gcc/8-2018-q4-major/gcc/bin/../lib/gcc/arm-none-eabi/8.2.1/../../../../arm-none-eabi/lib/thumb/v7-m/nofp/libg_nano.a(lib_a-init.o)
                0x0000000008002860                __libc_init_array
 .text.memset   0x00000000080028a8       0x10 /usr/local/Cellar/arm-none-eabi-gcc/8-2018-q4-major/gcc/bin/../lib/gcc/arm-none-eabi/8.2.1/../../../../arm-none-eabi/lib/thumb/v7-m/nofp/libg_nano.a(lib_a-memset.o)
                0x00000000080028a8                memset
 *(.glue_7)
 .glue_7        0x00000000080028b8        0x0 linker stubs
 *(.glue_7t)
 .glue_7t       0x00000000080028b8        0x0 linker stubs
 *(.eh_frame)
 .eh_frame      0x00000000080028b8        0x0 /usr/local/Cellar/arm-none-eabi-gcc/8-2018-q4-major/gcc/bin/../lib/gcc/arm-none-eabi/8.2.1/thumb/v7-m/nofp/crtbegin.o
 *(.init)
 .init          0x00000000080028b8        0x4 /usr/local/Cellar/arm-none-eabi-gcc/8-2018-q4-major/gcc/bin/../lib/gcc/arm-none-eabi/8.2.1/thumb/v7-m/nofp/crti.o
                0x00000000080028b8                _init
 .init          0x00000000080028bc        0x8 /usr/local/Cellar/arm-none-eabi-gcc/8-2018-q4-major/gcc/bin/../lib/gcc/arm-none-eabi/8.2.1/thumb/v7-m/nofp/crtn.o
 *(.fini)
 .fini          0x00000000080028c4        0x4 /usr/local/Cellar/arm-none-eabi-gcc/8-2018-q4-major/gcc/bin/../lib/gcc/arm-none-eabi/8.2.1/thumb/v7-m/nofp/crti.o
                0x00000000080028c4                _fini
 .fini          0x00000000080028c8        0x8 /usr/local/Cellar/arm-none-eabi-gcc/8-2018-q4-major/gcc/bin/../lib/gcc/arm-none-eabi/8.2.1/thumb/v7-m/nofp/crtn.o
                0x00000000080028d0                . = ALIGN (0x4)
                0x00000000080028d0                _etext = .

.vfp11_veneer   0x00000000080028d0        0x0
 .vfp11_veneer  0x00000000080028d0        0x0 linker stubs

.v4_bx          0x00000000080028d0        0x0
 .v4_bx         0x00000000080028d0        0x0 linker stubs

.iplt           0x00000000080028d0        0x0
 .iplt          0x00000000080028d0        0x0 /usr/local/Cellar/arm-none-eabi-gcc/8-2018-q4-major/gcc/bin/../lib/gcc/arm-none-eabi/8.2.1/thumb/v7-m/nofp/crtbegin.o

.rodata         0x00000000080028d0       0x2c
                0x00000000080028d0                . = ALIGN (0x4)
 *(.rodata)
 .rodata        0x00000000080028d0       0x12 CMakeFiles/inputCapture.elf.dir/Drivers/STM32F1xx_HAL_Driver/Src/stm32f1xx_hal_rcc.c.obj
 *(.rodata*)
 *fill*         0x00000000080028e2        0x2 
 .rodata.AHBPrescTable
                0x00000000080028e4       0x10 CMakeFiles/inputCapture.elf.dir/Src/system_stm32f1xx.c.obj
                0x00000000080028e4                AHBPrescTable
 .rodata.APBPrescTable
                0x00000000080028f4        0x8 CMakeFiles/inputCapture.elf.dir/Src/system_stm32f1xx.c.obj
                0x00000000080028f4                APBPrescTable
                0x00000000080028fc                . = ALIGN (0x4)

.rel.dyn        0x00000000080028fc        0x0
 .rel.iplt      0x00000000080028fc        0x0 /usr/local/Cellar/arm-none-eabi-gcc/8-2018-q4-major/gcc/bin/../lib/gcc/arm-none-eabi/8.2.1/thumb/v7-m/nofp/crtbegin.o

.ARM.extab
 *(.ARM.extab* .gnu.linkonce.armextab.*)

.ARM            0x00000000080028fc        0x0
                0x00000000080028fc                __exidx_start = .
 *(.ARM.exidx*)
                0x00000000080028fc                __exidx_end = .

.preinit_array  0x00000000080028fc        0x0
                0x00000000080028fc                PROVIDE (__preinit_array_start = .)
 *(.preinit_array*)
                0x00000000080028fc                PROVIDE (__preinit_array_end = .)

.init_array     0x00000000080028fc        0x4
                0x00000000080028fc                PROVIDE (__init_array_start = .)
 *(SORT_BY_NAME(.init_array.*))
 *(.init_array*)
 .init_array    0x00000000080028fc        0x4 /usr/local/Cellar/arm-none-eabi-gcc/8-2018-q4-major/gcc/bin/../lib/gcc/arm-none-eabi/8.2.1/thumb/v7-m/nofp/crtbegin.o
                0x0000000008002900                PROVIDE (__init_array_end = .)

.fini_array     0x0000000008002900        0x4
                [!provide]                        PROVIDE (__fini_array_start = .)
 *(SORT_BY_NAME(.fini_array.*))
 *(.fini_array*)
 .fini_array    0x0000000008002900        0x4 /usr/local/Cellar/arm-none-eabi-gcc/8-2018-q4-major/gcc/bin/../lib/gcc/arm-none-eabi/8.2.1/thumb/v7-m/nofp/crtbegin.o
                [!provide]                        PROVIDE (__fini_array_end = .)
                0x0000000008002904                _sidata = LOADADDR (.data)

.data           0x0000000020000000        0xc load address 0x0000000008002904
                0x0000000020000000                . = ALIGN (0x4)
                0x0000000020000000                _sdata = .
 *(.data)
 *(.data*)
 .data.uwTickPrio
                0x0000000020000000        0x4 CMakeFiles/inputCapture.elf.dir/Drivers/STM32F1xx_HAL_Driver/Src/stm32f1xx_hal.c.obj
                0x0000000020000000                uwTickPrio
 .data.uwTickFreq
                0x0000000020000004        0x1 CMakeFiles/inputCapture.elf.dir/Drivers/STM32F1xx_HAL_Driver/Src/stm32f1xx_hal.c.obj
                0x0000000020000004                uwTickFreq
 *fill*         0x0000000020000005        0x3 
 .data.SystemCoreClock
                0x0000000020000008        0x4 CMakeFiles/inputCapture.elf.dir/Src/system_stm32f1xx.c.obj
                0x0000000020000008                SystemCoreClock
                0x000000002000000c                . = ALIGN (0x4)
                0x000000002000000c                _edata = .

.igot.plt       0x000000002000000c        0x0 load address 0x0000000008002910
 .igot.plt      0x000000002000000c        0x0 /usr/local/Cellar/arm-none-eabi-gcc/8-2018-q4-major/gcc/bin/../lib/gcc/arm-none-eabi/8.2.1/thumb/v7-m/nofp/crtbegin.o
                0x000000002000000c                . = ALIGN (0x4)

.bss            0x000000002000000c       0xa0 load address 0x0000000008002910
                0x000000002000000c                _sbss = .
                0x000000002000000c                __bss_start__ = _sbss
 *(.bss)
 .bss           0x000000002000000c       0x1c /usr/local/Cellar/arm-none-eabi-gcc/8-2018-q4-major/gcc/bin/../lib/gcc/arm-none-eabi/8.2.1/thumb/v7-m/nofp/crtbegin.o
 *(.bss*)
 .bss.uwTick    0x0000000020000028        0x4 CMakeFiles/inputCapture.elf.dir/Drivers/STM32F1xx_HAL_Driver/Src/stm32f1xx_hal.c.obj
                0x0000000020000028                uwTick
 .bss.htim1     0x000000002000002c       0x40 CMakeFiles/inputCapture.elf.dir/Src/main.c.obj
                0x000000002000002c                htim1
 .bss.huart1    0x000000002000006c       0x40 CMakeFiles/inputCapture.elf.dir/Src/main.c.obj
                0x000000002000006c                huart1
 *(COMMON)
                0x00000000200000ac                . = ALIGN (0x4)
                0x00000000200000ac                _ebss = .
                0x00000000200000ac                __bss_end__ = _ebss

._user_heap_stack
                0x00000000200000ac      0x604 load address 0x0000000008002910
                0x00000000200000b0                . = ALIGN (0x8)
 *fill*         0x00000000200000ac        0x4 
                0x00000000200000b0                PROVIDE (end = .)
                [!provide]                        PROVIDE (_end = .)
                0x00000000200002b0                . = (. + _Min_Heap_Size)
 *fill*         0x00000000200000b0      0x200 
                0x00000000200006b0                . = (. + _Min_Stack_Size)
 *fill*         0x00000000200002b0      0x400 
                0x00000000200006b0                . = ALIGN (0x8)

/DISCARD/
 libc.a(*)
 libm.a(*)
 libgcc.a(*)

.ARM.attributes
                0x0000000000000000       0x29
 *(.ARM.attributes)
 .ARM.attributes
                0x0000000000000000       0x1d /usr/local/Cellar/arm-none-eabi-gcc/8-2018-q4-major/gcc/bin/../lib/gcc/arm-none-eabi/8.2.1/thumb/v7-m/nofp/crti.o
 .ARM.attributes
                0x000000000000001d       0x2d /usr/local/Cellar/arm-none-eabi-gcc/8-2018-q4-major/gcc/bin/../lib/gcc/arm-none-eabi/8.2.1/thumb/v7-m/nofp/crtbegin.o
 .ARM.attributes
                0x000000000000004a       0x2d CMakeFiles/inputCapture.elf.dir/Drivers/STM32F1xx_HAL_Driver/Src/stm32f1xx_hal.c.obj
 .ARM.attributes
                0x0000000000000077       0x2d CMakeFiles/inputCapture.elf.dir/Drivers/STM32F1xx_HAL_Driver/Src/stm32f1xx_hal_cortex.c.obj
 .ARM.attributes
                0x00000000000000a4       0x2d CMakeFiles/inputCapture.elf.dir/Drivers/STM32F1xx_HAL_Driver/Src/stm32f1xx_hal_dma.c.obj
 .ARM.attributes
                0x00000000000000d1       0x2d CMakeFiles/inputCapture.elf.dir/Drivers/STM32F1xx_HAL_Driver/Src/stm32f1xx_hal_gpio.c.obj
 .ARM.attributes
                0x00000000000000fe       0x2d CMakeFiles/inputCapture.elf.dir/Drivers/STM32F1xx_HAL_Driver/Src/stm32f1xx_hal_rcc.c.obj
 .ARM.attributes
                0x000000000000012b       0x2d CMakeFiles/inputCapture.elf.dir/Drivers/STM32F1xx_HAL_Driver/Src/stm32f1xx_hal_tim.c.obj
 .ARM.attributes
                0x0000000000000158       0x2d CMakeFiles/inputCapture.elf.dir/Drivers/STM32F1xx_HAL_Driver/Src/stm32f1xx_hal_tim_ex.c.obj
 .ARM.attributes
                0x0000000000000185       0x2d CMakeFiles/inputCapture.elf.dir/Drivers/STM32F1xx_HAL_Driver/Src/stm32f1xx_hal_uart.c.obj
 .ARM.attributes
                0x00000000000001b2       0x2d CMakeFiles/inputCapture.elf.dir/Src/main.c.obj
 .ARM.attributes
                0x00000000000001df       0x2d CMakeFiles/inputCapture.elf.dir/Src/stm32f1xx_hal_msp.c.obj
 .ARM.attributes
                0x000000000000020c       0x2d CMakeFiles/inputCapture.elf.dir/Src/stm32f1xx_it.c.obj
 .ARM.attributes
                0x0000000000000239       0x2d CMakeFiles/inputCapture.elf.dir/Src/system_stm32f1xx.c.obj
 .ARM.attributes
                0x0000000000000266       0x21 CMakeFiles/inputCapture.elf.dir/startup/startup_stm32f103xe.s.obj
 .ARM.attributes
                0x0000000000000287       0x2d /usr/local/Cellar/arm-none-eabi-gcc/8-2018-q4-major/gcc/bin/../lib/gcc/arm-none-eabi/8.2.1/../../../../arm-none-eabi/lib/thumb/v7-m/nofp/libg_nano.a(lib_a-init.o)
 .ARM.attributes
                0x00000000000002b4       0x2d /usr/local/Cellar/arm-none-eabi-gcc/8-2018-q4-major/gcc/bin/../lib/gcc/arm-none-eabi/8.2.1/../../../../arm-none-eabi/lib/thumb/v7-m/nofp/libg_nano.a(lib_a-memset.o)
 .ARM.attributes
                0x00000000000002e1       0x1d /usr/local/Cellar/arm-none-eabi-gcc/8-2018-q4-major/gcc/bin/../lib/gcc/arm-none-eabi/8.2.1/thumb/v7-m/nofp/crtn.o
OUTPUT(inputCapture.elf elf32-littlearm)

.debug_info     0x0000000000000000     0xa0b2
 .debug_info    0x0000000000000000      0x7ad CMakeFiles/inputCapture.elf.dir/Drivers/STM32F1xx_HAL_Driver/Src/stm32f1xx_hal.c.obj
 .debug_info    0x00000000000007ad      0xc2b CMakeFiles/inputCapture.elf.dir/Drivers/STM32F1xx_HAL_Driver/Src/stm32f1xx_hal_cortex.c.obj
 .debug_info    0x00000000000013d8      0x807 CMakeFiles/inputCapture.elf.dir/Drivers/STM32F1xx_HAL_Driver/Src/stm32f1xx_hal_dma.c.obj
 .debug_info    0x0000000000001bdf      0x6da CMakeFiles/inputCapture.elf.dir/Drivers/STM32F1xx_HAL_Driver/Src/stm32f1xx_hal_gpio.c.obj
 .debug_info    0x00000000000022b9      0x877 CMakeFiles/inputCapture.elf.dir/Drivers/STM32F1xx_HAL_Driver/Src/stm32f1xx_hal_rcc.c.obj
 .debug_info    0x0000000000002b30     0x2669 CMakeFiles/inputCapture.elf.dir/Drivers/STM32F1xx_HAL_Driver/Src/stm32f1xx_hal_tim.c.obj
 .debug_info    0x0000000000005199     0x11fb CMakeFiles/inputCapture.elf.dir/Drivers/STM32F1xx_HAL_Driver/Src/stm32f1xx_hal_tim_ex.c.obj
 .debug_info    0x0000000000006394     0x12db CMakeFiles/inputCapture.elf.dir/Drivers/STM32F1xx_HAL_Driver/Src/stm32f1xx_hal_uart.c.obj
 .debug_info    0x000000000000766f      0xe8f CMakeFiles/inputCapture.elf.dir/Src/main.c.obj
 .debug_info    0x00000000000084fe      0xda0 CMakeFiles/inputCapture.elf.dir/Src/stm32f1xx_hal_msp.c.obj
 .debug_info    0x000000000000929e      0x990 CMakeFiles/inputCapture.elf.dir/Src/stm32f1xx_it.c.obj
 .debug_info    0x0000000000009c2e      0x462 CMakeFiles/inputCapture.elf.dir/Src/system_stm32f1xx.c.obj
 .debug_info    0x000000000000a090       0x22 CMakeFiles/inputCapture.elf.dir/startup/startup_stm32f103xe.s.obj

.debug_abbrev   0x0000000000000000     0x195c
 .debug_abbrev  0x0000000000000000      0x1fd CMakeFiles/inputCapture.elf.dir/Drivers/STM32F1xx_HAL_Driver/Src/stm32f1xx_hal.c.obj
 .debug_abbrev  0x00000000000001fd      0x310 CMakeFiles/inputCapture.elf.dir/Drivers/STM32F1xx_HAL_Driver/Src/stm32f1xx_hal_cortex.c.obj
 .debug_abbrev  0x000000000000050d      0x225 CMakeFiles/inputCapture.elf.dir/Drivers/STM32F1xx_HAL_Driver/Src/stm32f1xx_hal_dma.c.obj
 .debug_abbrev  0x0000000000000732      0x1e5 CMakeFiles/inputCapture.elf.dir/Drivers/STM32F1xx_HAL_Driver/Src/stm32f1xx_hal_gpio.c.obj
 .debug_abbrev  0x0000000000000917      0x270 CMakeFiles/inputCapture.elf.dir/Drivers/STM32F1xx_HAL_Driver/Src/stm32f1xx_hal_rcc.c.obj
 .debug_abbrev  0x0000000000000b87      0x25b CMakeFiles/inputCapture.elf.dir/Drivers/STM32F1xx_HAL_Driver/Src/stm32f1xx_hal_tim.c.obj
 .debug_abbrev  0x0000000000000de2      0x249 CMakeFiles/inputCapture.elf.dir/Drivers/STM32F1xx_HAL_Driver/Src/stm32f1xx_hal_tim_ex.c.obj
 .debug_abbrev  0x000000000000102b      0x26d CMakeFiles/inputCapture.elf.dir/Drivers/STM32F1xx_HAL_Driver/Src/stm32f1xx_hal_uart.c.obj
 .debug_abbrev  0x0000000000001298      0x215 CMakeFiles/inputCapture.elf.dir/Src/main.c.obj
 .debug_abbrev  0x00000000000014ad      0x1c5 CMakeFiles/inputCapture.elf.dir/Src/stm32f1xx_hal_msp.c.obj
 .debug_abbrev  0x0000000000001672      0x18d CMakeFiles/inputCapture.elf.dir/Src/stm32f1xx_it.c.obj
 .debug_abbrev  0x00000000000017ff      0x14b CMakeFiles/inputCapture.elf.dir/Src/system_stm32f1xx.c.obj
 .debug_abbrev  0x000000000000194a       0x12 CMakeFiles/inputCapture.elf.dir/startup/startup_stm32f103xe.s.obj

.debug_aranges  0x0000000000000000      0xb78
 .debug_aranges
                0x0000000000000000       0xe0 CMakeFiles/inputCapture.elf.dir/Drivers/STM32F1xx_HAL_Driver/Src/stm32f1xx_hal.c.obj
 .debug_aranges
                0x00000000000000e0      0x100 CMakeFiles/inputCapture.elf.dir/Drivers/STM32F1xx_HAL_Driver/Src/stm32f1xx_hal_cortex.c.obj
 .debug_aranges
                0x00000000000001e0       0x80 CMakeFiles/inputCapture.elf.dir/Drivers/STM32F1xx_HAL_Driver/Src/stm32f1xx_hal_dma.c.obj
 .debug_aranges
                0x0000000000000260       0x58 CMakeFiles/inputCapture.elf.dir/Drivers/STM32F1xx_HAL_Driver/Src/stm32f1xx_hal_gpio.c.obj
 .debug_aranges
                0x00000000000002b8       0x90 CMakeFiles/inputCapture.elf.dir/Drivers/STM32F1xx_HAL_Driver/Src/stm32f1xx_hal_rcc.c.obj
 .debug_aranges
                0x0000000000000348      0x3a8 CMakeFiles/inputCapture.elf.dir/Drivers/STM32F1xx_HAL_Driver/Src/stm32f1xx_hal_tim.c.obj
 .debug_aranges
                0x00000000000006f0      0x150 CMakeFiles/inputCapture.elf.dir/Drivers/STM32F1xx_HAL_Driver/Src/stm32f1xx_hal_tim_ex.c.obj
 .debug_aranges
                0x0000000000000840      0x1d0 CMakeFiles/inputCapture.elf.dir/Drivers/STM32F1xx_HAL_Driver/Src/stm32f1xx_hal_uart.c.obj
 .debug_aranges
                0x0000000000000a10       0x48 CMakeFiles/inputCapture.elf.dir/Src/main.c.obj
 .debug_aranges
                0x0000000000000a58       0x40 CMakeFiles/inputCapture.elf.dir/Src/stm32f1xx_hal_msp.c.obj
 .debug_aranges
                0x0000000000000a98       0x90 CMakeFiles/inputCapture.elf.dir/Src/stm32f1xx_it.c.obj
 .debug_aranges
                0x0000000000000b28       0x28 CMakeFiles/inputCapture.elf.dir/Src/system_stm32f1xx.c.obj
 .debug_aranges
                0x0000000000000b50       0x28 CMakeFiles/inputCapture.elf.dir/startup/startup_stm32f103xe.s.obj

.debug_ranges   0x0000000000000000      0xab0
 .debug_ranges  0x0000000000000000       0xd0 CMakeFiles/inputCapture.elf.dir/Drivers/STM32F1xx_HAL_Driver/Src/stm32f1xx_hal.c.obj
 .debug_ranges  0x00000000000000d0       0xf0 CMakeFiles/inputCapture.elf.dir/Drivers/STM32F1xx_HAL_Driver/Src/stm32f1xx_hal_cortex.c.obj
 .debug_ranges  0x00000000000001c0       0x70 CMakeFiles/inputCapture.elf.dir/Drivers/STM32F1xx_HAL_Driver/Src/stm32f1xx_hal_dma.c.obj
 .debug_ranges  0x0000000000000230       0x48 CMakeFiles/inputCapture.elf.dir/Drivers/STM32F1xx_HAL_Driver/Src/stm32f1xx_hal_gpio.c.obj
 .debug_ranges  0x0000000000000278       0x80 CMakeFiles/inputCapture.elf.dir/Drivers/STM32F1xx_HAL_Driver/Src/stm32f1xx_hal_rcc.c.obj
 .debug_ranges  0x00000000000002f8      0x398 CMakeFiles/inputCapture.elf.dir/Drivers/STM32F1xx_HAL_Driver/Src/stm32f1xx_hal_tim.c.obj
 .debug_ranges  0x0000000000000690      0x140 CMakeFiles/inputCapture.elf.dir/Drivers/STM32F1xx_HAL_Driver/Src/stm32f1xx_hal_tim_ex.c.obj
 .debug_ranges  0x00000000000007d0      0x1c0 CMakeFiles/inputCapture.elf.dir/Drivers/STM32F1xx_HAL_Driver/Src/stm32f1xx_hal_uart.c.obj
 .debug_ranges  0x0000000000000990       0x38 CMakeFiles/inputCapture.elf.dir/Src/main.c.obj
 .debug_ranges  0x00000000000009c8       0x30 CMakeFiles/inputCapture.elf.dir/Src/stm32f1xx_hal_msp.c.obj
 .debug_ranges  0x00000000000009f8       0x80 CMakeFiles/inputCapture.elf.dir/Src/stm32f1xx_it.c.obj
 .debug_ranges  0x0000000000000a78       0x18 CMakeFiles/inputCapture.elf.dir/Src/system_stm32f1xx.c.obj
 .debug_ranges  0x0000000000000a90       0x20 CMakeFiles/inputCapture.elf.dir/startup/startup_stm32f103xe.s.obj

.debug_line     0x0000000000000000     0x8653
 .debug_line    0x0000000000000000      0x5aa CMakeFiles/inputCapture.elf.dir/Drivers/STM32F1xx_HAL_Driver/Src/stm32f1xx_hal.c.obj
 .debug_line    0x00000000000005aa      0x784 CMakeFiles/inputCapture.elf.dir/Drivers/STM32F1xx_HAL_Driver/Src/stm32f1xx_hal_cortex.c.obj
 .debug_line    0x0000000000000d2e      0xf00 CMakeFiles/inputCapture.elf.dir/Drivers/STM32F1xx_HAL_Driver/Src/stm32f1xx_hal_dma.c.obj
 .debug_line    0x0000000000001c2e      0x6ab CMakeFiles/inputCapture.elf.dir/Drivers/STM32F1xx_HAL_Driver/Src/stm32f1xx_hal_gpio.c.obj
 .debug_line    0x00000000000022d9      0xa16 CMakeFiles/inputCapture.elf.dir/Drivers/STM32F1xx_HAL_Driver/Src/stm32f1xx_hal_rcc.c.obj
 .debug_line    0x0000000000002cef     0x2634 CMakeFiles/inputCapture.elf.dir/Drivers/STM32F1xx_HAL_Driver/Src/stm32f1xx_hal_tim.c.obj
 .debug_line    0x0000000000005323      0xdd4 CMakeFiles/inputCapture.elf.dir/Drivers/STM32F1xx_HAL_Driver/Src/stm32f1xx_hal_tim_ex.c.obj
 .debug_line    0x00000000000060f7     0x13d2 CMakeFiles/inputCapture.elf.dir/Drivers/STM32F1xx_HAL_Driver/Src/stm32f1xx_hal_uart.c.obj
 .debug_line    0x00000000000074c9      0x4c6 CMakeFiles/inputCapture.elf.dir/Src/main.c.obj
 .debug_line    0x000000000000798f      0x3fa CMakeFiles/inputCapture.elf.dir/Src/stm32f1xx_hal_msp.c.obj
 .debug_line    0x0000000000007d89      0x476 CMakeFiles/inputCapture.elf.dir/Src/stm32f1xx_it.c.obj
 .debug_line    0x00000000000081ff      0x393 CMakeFiles/inputCapture.elf.dir/Src/system_stm32f1xx.c.obj
 .debug_line    0x0000000000008592       0xc1 CMakeFiles/inputCapture.elf.dir/startup/startup_stm32f103xe.s.obj

.debug_str      0x0000000000000000     0x37ab
 .debug_str     0x0000000000000000      0x933 CMakeFiles/inputCapture.elf.dir/Drivers/STM32F1xx_HAL_Driver/Src/stm32f1xx_hal.c.obj
                                        0x997 (size before relaxing)
 .debug_str     0x0000000000000933      0x44e CMakeFiles/inputCapture.elf.dir/Drivers/STM32F1xx_HAL_Driver/Src/stm32f1xx_hal_cortex.c.obj
                                        0xafe (size before relaxing)
 .debug_str     0x0000000000000d81      0x434 CMakeFiles/inputCapture.elf.dir/Drivers/STM32F1xx_HAL_Driver/Src/stm32f1xx_hal_dma.c.obj
                                        0x75c (size before relaxing)
 .debug_str     0x00000000000011b5      0x20e CMakeFiles/inputCapture.elf.dir/Drivers/STM32F1xx_HAL_Driver/Src/stm32f1xx_hal_gpio.c.obj
                                        0x56b (size before relaxing)
 .debug_str     0x00000000000013c3      0x36e CMakeFiles/inputCapture.elf.dir/Drivers/STM32F1xx_HAL_Driver/Src/stm32f1xx_hal_rcc.c.obj
                                        0x726 (size before relaxing)
 .debug_str     0x0000000000001731     0x1009 CMakeFiles/inputCapture.elf.dir/Drivers/STM32F1xx_HAL_Driver/Src/stm32f1xx_hal_tim.c.obj
                                       0x1549 (size before relaxing)
 .debug_str     0x000000000000273a      0x5bd CMakeFiles/inputCapture.elf.dir/Drivers/STM32F1xx_HAL_Driver/Src/stm32f1xx_hal_tim_ex.c.obj
                                        0xd49 (size before relaxing)
 .debug_str     0x0000000000002cf7      0x721 CMakeFiles/inputCapture.elf.dir/Drivers/STM32F1xx_HAL_Driver/Src/stm32f1xx_hal_uart.c.obj
                                        0xc6d (size before relaxing)
 .debug_str     0x0000000000003418       0xcd CMakeFiles/inputCapture.elf.dir/Src/main.c.obj
                                        0xef6 (size before relaxing)
 .debug_str     0x00000000000034e5       0x67 CMakeFiles/inputCapture.elf.dir/Src/stm32f1xx_hal_msp.c.obj
                                        0xd51 (size before relaxing)
 .debug_str     0x000000000000354c      0x15a CMakeFiles/inputCapture.elf.dir/Src/stm32f1xx_it.c.obj
                                        0x983 (size before relaxing)
 .debug_str     0x00000000000036a6       0x91 CMakeFiles/inputCapture.elf.dir/Src/system_stm32f1xx.c.obj
                                        0x3da (size before relaxing)
 .debug_str     0x0000000000003737       0x74 CMakeFiles/inputCapture.elf.dir/startup/startup_stm32f103xe.s.obj
                                         0xcd (size before relaxing)

.comment        0x0000000000000000       0x75
 .comment       0x0000000000000000       0x75 CMakeFiles/inputCapture.elf.dir/Drivers/STM32F1xx_HAL_Driver/Src/stm32f1xx_hal.c.obj
                                         0x76 (size before relaxing)
 .comment       0x0000000000000075       0x76 CMakeFiles/inputCapture.elf.dir/Drivers/STM32F1xx_HAL_Driver/Src/stm32f1xx_hal_cortex.c.obj
 .comment       0x0000000000000075       0x76 CMakeFiles/inputCapture.elf.dir/Drivers/STM32F1xx_HAL_Driver/Src/stm32f1xx_hal_dma.c.obj
 .comment       0x0000000000000075       0x76 CMakeFiles/inputCapture.elf.dir/Drivers/STM32F1xx_HAL_Driver/Src/stm32f1xx_hal_gpio.c.obj
 .comment       0x0000000000000075       0x76 CMakeFiles/inputCapture.elf.dir/Drivers/STM32F1xx_HAL_Driver/Src/stm32f1xx_hal_rcc.c.obj
 .comment       0x0000000000000075       0x76 CMakeFiles/inputCapture.elf.dir/Drivers/STM32F1xx_HAL_Driver/Src/stm32f1xx_hal_tim.c.obj
 .comment       0x0000000000000075       0x76 CMakeFiles/inputCapture.elf.dir/Drivers/STM32F1xx_HAL_Driver/Src/stm32f1xx_hal_tim_ex.c.obj
 .comment       0x0000000000000075       0x76 CMakeFiles/inputCapture.elf.dir/Drivers/STM32F1xx_HAL_Driver/Src/stm32f1xx_hal_uart.c.obj
 .comment       0x0000000000000075       0x76 CMakeFiles/inputCapture.elf.dir/Src/main.c.obj
 .comment       0x0000000000000075       0x76 CMakeFiles/inputCapture.elf.dir/Src/stm32f1xx_hal_msp.c.obj
 .comment       0x0000000000000075       0x76 CMakeFiles/inputCapture.elf.dir/Src/stm32f1xx_it.c.obj
 .comment       0x0000000000000075       0x76 CMakeFiles/inputCapture.elf.dir/Src/system_stm32f1xx.c.obj

.debug_frame    0x0000000000000000     0x2fa8
 .debug_frame   0x0000000000000000      0x334 CMakeFiles/inputCapture.elf.dir/Drivers/STM32F1xx_HAL_Driver/Src/stm32f1xx_hal.c.obj
 .debug_frame   0x0000000000000334      0x428 CMakeFiles/inputCapture.elf.dir/Drivers/STM32F1xx_HAL_Driver/Src/stm32f1xx_hal_cortex.c.obj
 .debug_frame   0x000000000000075c      0x20c CMakeFiles/inputCapture.elf.dir/Drivers/STM32F1xx_HAL_Driver/Src/stm32f1xx_hal_dma.c.obj
 .debug_frame   0x0000000000000968      0x14c CMakeFiles/inputCapture.elf.dir/Drivers/STM32F1xx_HAL_Driver/Src/stm32f1xx_hal_gpio.c.obj
 .debug_frame   0x0000000000000ab4      0x21c CMakeFiles/inputCapture.elf.dir/Drivers/STM32F1xx_HAL_Driver/Src/stm32f1xx_hal_rcc.c.obj
 .debug_frame   0x0000000000000cd0     0x10f0 CMakeFiles/inputCapture.elf.dir/Drivers/STM32F1xx_HAL_Driver/Src/stm32f1xx_hal_tim.c.obj
 .debug_frame   0x0000000000001dc0      0x5c0 CMakeFiles/inputCapture.elf.dir/Drivers/STM32F1xx_HAL_Driver/Src/stm32f1xx_hal_tim_ex.c.obj
 .debug_frame   0x0000000000002380      0x834 CMakeFiles/inputCapture.elf.dir/Drivers/STM32F1xx_HAL_Driver/Src/stm32f1xx_hal_uart.c.obj
 .debug_frame   0x0000000000002bb4       0xd4 CMakeFiles/inputCapture.elf.dir/Src/main.c.obj
 .debug_frame   0x0000000000002c88       0xc8 CMakeFiles/inputCapture.elf.dir/Src/stm32f1xx_hal_msp.c.obj
 .debug_frame   0x0000000000002d50      0x1b4 CMakeFiles/inputCapture.elf.dir/Src/stm32f1xx_it.c.obj
 .debug_frame   0x0000000000002f04       0x58 CMakeFiles/inputCapture.elf.dir/Src/system_stm32f1xx.c.obj
 .debug_frame   0x0000000000002f5c       0x2c /usr/local/Cellar/arm-none-eabi-gcc/8-2018-q4-major/gcc/bin/../lib/gcc/arm-none-eabi/8.2.1/../../../../arm-none-eabi/lib/thumb/v7-m/nofp/libg_nano.a(lib_a-init.o)
 .debug_frame   0x0000000000002f88       0x20 /usr/local/Cellar/arm-none-eabi-gcc/8-2018-q4-major/gcc/bin/../lib/gcc/arm-none-eabi/8.2.1/../../../../arm-none-eabi/lib/thumb/v7-m/nofp/libg_nano.a(lib_a-memset.o)
